warning: unused import bid_commitment_hash
   ┌─ protocol/src/main.nr:20:27
   │
20 │     use crate::bid_note::{bid_commitment_hash, BidCommitmentNote, note_key};
   │                           ------------------- unused import
   │

warning: Return variable contains a constant value
    ┌─ /root/nargo/github.com/AztecProtocol/aztec-nr/v5.2.0-nightly.20260815/aztec/src/macros/internals_functions_generation/external/private.nr:166:34
    │
166 │     let context_finish = quote { self.context.finish() };
    │                                  --------------------- This variable contains a value which is constrained to be a constant. Consider removing this value as additional return values increase proving/verification time
    │
    = Call stack:
      1: generate_private_external
              at /root/nargo/github.com/AztecProtocol/aztec-nr/v5.2.0-nightly.20260815/aztec/src/macros/internals_functions_generation/external/private.nr:166:34

warning: Return variable contains a constant value
    ┌─ /root/nargo/github.com/AztecProtocol/aztec-nr/v5.2.0-nightly.20260815/aztec/src/macros/internals_functions_generation/external/private.nr:166:34
    │
166 │     let context_finish = quote { self.context.finish() };
    │                                  --------------------- This variable contains a value which is constrained to be a constant. Consider removing this value as additional return values increase proving/verification time
    │
    = Call stack:
      1: generate_private_external
              at /root/nargo/github.com/AztecProtocol/aztec-nr/v5.2.0-nightly.20260815/aztec/src/macros/internals_functions_generation/external/private.nr:166:34

warning: Return variable contains a constant value
    ┌─ /root/nargo/github.com/AztecProtocol/aztec-nr/v5.2.0-nightly.20260815/aztec/src/macros/internals_functions_generation/external/private.nr:166:34
    │
166 │     let context_finish = quote { self.context.finish() };
    │                                  --------------------- This variable contains a value which is constrained to be a constant. Consider removing this value as additional return values increase proving/verification time
    │
    = Call stack:
      1: generate_private_external
              at /root/nargo/github.com/AztecProtocol/aztec-nr/v5.2.0-nightly.20260815/aztec/src/macros/internals_functions_generation/external/private.nr:166:34

warning: Return variable contains a constant value
    ┌─ /root/nargo/github.com/AztecProtocol/aztec-nr/v5.2.0-nightly.20260815/aztec/src/macros/internals_functions_generation/external/private.nr:166:34
    │
166 │     let context_finish = quote { self.context.finish() };
    │                                  --------------------- This variable contains a value which is constrained to be a constant. Consider removing this value as additional return values increase proving/verification time
    │
    = Call stack:
      1: generate_private_external
              at /root/nargo/github.com/AztecProtocol/aztec-nr/v5.2.0-nightly.20260815/aztec/src/macros/internals_functions_generation/external/private.nr:166:34

warning: Return variable contains a constant value
    ┌─ /root/nargo/github.com/AztecProtocol/aztec-nr/v5.2.0-nightly.20260815/aztec/src/macros/internals_functions_generation/external/private.nr:166:34
    │
166 │     let context_finish = quote { self.context.finish() };
    │                                  --------------------- This variable contains a value which is constrained to be a constant. Consider removing this value as additional return values increase proving/verification time
    │
    = Call stack:
      1: generate_private_external
              at /root/nargo/github.com/AztecProtocol/aztec-nr/v5.2.0-nightly.20260815/aztec/src/macros/internals_functions_generation/external/private.nr:166:34

warning: Return variable contains a constant value
    ┌─ /root/nargo/github.com/AztecProtocol/aztec-nr/v5.2.0-nightly.20260815/aztec/src/macros/internals_functions_generation/external/private.nr:166:34
    │
166 │     let context_finish = quote { self.context.finish() };
    │                                  --------------------- This variable contains a value which is constrained to be a constant. Consider removing this value as additional return values increase proving/verification time
    │
    = Call stack:
      1: generate_private_external
              at /root/nargo/github.com/AztecProtocol/aztec-nr/v5.2.0-nightly.20260815/aztec/src/macros/internals_functions_generation/external/private.nr:166:34

warning: Return variable contains a constant value
    ┌─ /root/nargo/github.com/AztecProtocol/aztec-nr/v5.2.0-nightly.20260815/aztec/src/macros/internals_functions_generation/external/private.nr:166:34
    │
166 │     let context_finish = quote { self.context.finish() };
    │                                  --------------------- This variable contains a value which is constrained to be a constant. Consider removing this value as additional return values increase proving/verification time
    │
    = Call stack:
      1: generate_private_external
              at /root/nargo/github.com/AztecProtocol/aztec-nr/v5.2.0-nightly.20260815/aztec/src/macros/internals_functions_generation/external/private.nr:166:34

warning: Return variable contains a constant value
    ┌─ /root/nargo/github.com/AztecProtocol/aztec-nr/v5.2.0-nightly.20260815/aztec/src/macros/internals_functions_generation/external/private.nr:166:34
    │
166 │     let context_finish = quote { self.context.finish() };
    │                                  --------------------- This variable contains a value which is constrained to be a constant. Consider removing this value as additional return values increase proving/verification time
    │
    = Call stack:
      1: generate_private_external
              at /root/nargo/github.com/AztecProtocol/aztec-nr/v5.2.0-nightly.20260815/aztec/src/macros/internals_functions_generation/external/private.nr:166:34

warning: Return variable contains a constant value
    ┌─ /root/nargo/github.com/AztecProtocol/aztec-nr/v5.2.0-nightly.20260815/aztec/src/macros/internals_functions_generation/external/private.nr:166:34
    │
166 │     let context_finish = quote { self.context.finish() };
    │                                  --------------------- This variable contains a value which is constrained to be a constant. Consider removing this value as additional return values increase proving/verification time
    │
    = Call stack:
      1: generate_private_external
              at /root/nargo/github.com/AztecProtocol/aztec-nr/v5.2.0-nightly.20260815/aztec/src/macros/internals_functions_generation/external/private.nr:166:34

bug: Input to Brillig function is in a separate subgraph to output
    ┌─ /root/nargo/github.com/AztecProtocol/aztec-nr/v5.2.0-nightly.20260815/aztec/src/state_vars/public_immutable.nr:328:41
    │
328 │         let nullifier_exists = unsafe { check_nullifier_exists(nullifier) };
    │                                         --------------------------------- There is no path from the output of this Brillig call to either return values or inputs of the circuit, which creates an independent subgraph. This is quite likely a soundness vulnerability
    │
    = Call stack:
      1: SealedAuction::claim_late_reveal
              at protocol/src/main.nr:382:23
      2: PublicImmutable<T, &mut PrivateContext>::read
              at /root/nargo/github.com/AztecProtocol/aztec-nr/v5.2.0-nightly.20260815/aztec/src/state_vars/public_immutable.nr:328:41

bug: Input to Brillig function is in a separate subgraph to output
    ┌─ /root/nargo/github.com/AztecProtocol/aztec-nr/v5.2.0-nightly.20260815/aztec/src/state_vars/public_immutable.nr:328:41
    │
328 │         let nullifier_exists = unsafe { check_nullifier_exists(nullifier) };
    │                                         --------------------------------- There is no path from the output of this Brillig call to either return values or inputs of the circuit, which creates an independent subgraph. This is quite likely a soundness vulnerability
    │
    = Call stack:
      1: SealedAuction::claim_late_reveal
              at protocol/src/main.nr:399:60
      2: PublicImmutable<T, &mut PrivateContext>::read
              at /root/nargo/github.com/AztecProtocol/aztec-nr/v5.2.0-nightly.20260815/aztec/src/state_vars/public_immutable.nr:328:41

bug: Input to Brillig function is in a separate subgraph to output
     ┌─ /root/nargo/github.com/AztecProtocol/aztec-nr/v5.2.0-nightly.20260815/aztec/src/context/private_context.nr:1184:13
     │  
1184 │ ╭             call_private_function_internal(
1185 │ │                 contract_address,
1186 │ │                 function_selector,
1187 │ │                 args_hash,
1188 │ │                 start_side_effect_counter,
1189 │ │                 is_static_call,
1190 │ │             )
     │ ╰─────────────' There is no path from the output of this Brillig call to either return values or inputs of the circuit, which creates an independent subgraph. This is quite likely a soundness vulnerability
     │  
     = Call stack:
       1: SealedAuction::claim_late_reveal
               at protocol/src/main.nr:399:9
       2: ContractSelfPrivate<Storage, CallSelf, EnqueueSelf, CallSelfStatic, EnqueueSelfStatic, CallInternal, CallSelfUtility>::call
               at /root/nargo/github.com/AztecProtocol/aztec-nr/v5.2.0-nightly.20260815/aztec/src/contract_self/contract_self_private.nr:258:9
       3: PrivateCall<M, N, T>::call
               at /root/nargo/github.com/AztecProtocol/aztec-nr/v5.2.0-nightly.20260815/aztec/src/context/calls.nr:42:13
       4: PrivateContext::call_private_function_with_args_hash
               at /root/nargo/github.com/AztecProtocol/aztec-nr/v5.2.0-nightly.20260815/aztec/src/context/private_context.nr:1184:13

bug: Input to Brillig function is in a separate subgraph to output
     ┌─ /root/nargo/github.com/AztecProtocol/aztec-nr/v5.2.0-nightly.20260815/aztec/src/context/private_context.nr:1184:13
     │  
1184 │ ╭             call_private_function_internal(
1185 │ │                 contract_address,
1186 │ │                 function_selector,
1187 │ │                 args_hash,
1188 │ │                 start_side_effect_counter,
1189 │ │                 is_static_call,
1190 │ │             )
     │ ╰─────────────' There is no path from the output of this Brillig call to either return values or inputs of the circuit, which creates an independent subgraph. This is quite likely a soundness vulnerability
     │  
     = Call stack:
       1: SealedAuction::claim_late_reveal
               at protocol/src/main.nr:398:9
       2: ContractSelfPrivate<Storage, CallSelf, EnqueueSelf, CallSelfStatic, EnqueueSelfStatic, CallInternal, CallSelfUtility>::call
               at /root/nargo/github.com/AztecProtocol/aztec-nr/v5.2.0-nightly.20260815/aztec/src/contract_self/contract_self_private.nr:258:9
       3: PrivateCall<M, N, T>::call
               at /root/nargo/github.com/AztecProtocol/aztec-nr/v5.2.0-nightly.20260815/aztec/src/context/calls.nr:42:13
       4: PrivateContext::call_private_function_with_args_hash
               at /root/nargo/github.com/AztecProtocol/aztec-nr/v5.2.0-nightly.20260815/aztec/src/context/private_context.nr:1184:13

bug: Brillig function call isn't properly covered by a manual constraint
   ┌─ /root/nargo/github.com/AztecProtocol/aztec-nr/v5.2.0-nightly.20260815/aztec/src/messages/delivery/tag_derivation.nr:88:18
   │
88 │         unsafe { get_existing_app_siloed_handshake_secrets(STANDARD_HANDSHAKE_REGISTRY_ADDRESS, sender, recipient) };
   │                  ------------------------------------------------------------------------------------------------- This Brillig call's inputs and its return values haven't been sufficiently constrained. This should be done to prevent potential soundness vulnerabilities
   │
   = Call stack:
      1: SealedAuction::claim_late_reveal
             at protocol/src/main.nr:400:9
      2: NoteMessage<Note>::deliver
             at /root/nargo/github.com/AztecProtocol/aztec-nr/v5.2.0-nightly.20260815/aztec/src/note/note_message.nr:55:9
      3: NoteMessage<Note>::deliver_to
             at /root/nargo/github.com/AztecProtocol/aztec-nr/v5.2.0-nightly.20260815/aztec/src/note/note_message.nr:82:9
      4: do_private_message_delivery
             at /root/nargo/github.com/AztecProtocol/aztec-nr/v5.2.0-nightly.20260815/aztec/src/messages/delivery/mod.nr:81:9
      5: do_onchain_private_message_delivery
             at /root/nargo/github.com/AztecProtocol/aztec-nr/v5.2.0-nightly.20260815/aztec/src/messages/delivery/mod.nr:122:19
      6: derive_log_tag
             at /root/nargo/github.com/AztecProtocol/aztec-nr/v5.2.0-nightly.20260815/aztec/src/messages/delivery/tag.nr:30:18
      7: Option<T>::map_or_else
             at std/option.nr:94:13
      8: derive_log_tag
             at /root/nargo/github.com/AztecProtocol/aztec-nr/v5.2.0-nightly.20260815/aztec/src/messages/delivery/tag.nr:31:12
      9: default_tag_secret_source
             at /root/nargo/github.com/AztecProtocol/aztec-nr/v5.2.0-nightly.20260815/aztec/src/messages/delivery/tag.nr:45:5
     10: existing_handshake_secrets_or_else
             at /root/nargo/github.com/AztecProtocol/aztec-nr/v5.2.0-nightly.20260815/aztec/src/messages/delivery/tag_derivation.nr:88:18

bug: Brillig function call isn't properly covered by a manual constraint
   ┌─ /root/nargo/github.com/AztecProtocol/aztec-nr/v5.2.0-nightly.20260815/aztec/src/messages/delivery/tag.nr:52:37
   │
52 │             let strategy = unsafe { resolve_tagging_strategy(sender, recipient, mode) };
   │                                     ------------------------------------------------- This Brillig call's inputs and its return values haven't been sufficiently constrained. This should be done to prevent potential soundness vulnerabilities
   │
   = Call stack:
      1: SealedAuction::claim_late_reveal
             at protocol/src/main.nr:400:9
      2: NoteMessage<Note>::deliver
             at /root/nargo/github.com/AztecProtocol/aztec-nr/v5.2.0-nightly.20260815/aztec/src/note/note_message.nr:55:9
      3: NoteMessage<Note>::deliver_to
             at /root/nargo/github.com/AztecProtocol/aztec-nr/v5.2.0-nightly.20260815/aztec/src/note/note_message.nr:82:9
      4: do_private_message_delivery
             at /root/nargo/github.com/AztecProtocol/aztec-nr/v5.2.0-nightly.20260815/aztec/src/messages/delivery/mod.nr:81:9
      5: do_onchain_private_message_delivery
             at /root/nargo/github.com/AztecProtocol/aztec-nr/v5.2.0-nightly.20260815/aztec/src/messages/delivery/mod.nr:122:19
      6: derive_log_tag
             at /root/nargo/github.com/AztecProtocol/aztec-nr/v5.2.0-nightly.20260815/aztec/src/messages/delivery/tag.nr:30:18
      7: Option<T>::map_or_else
             at std/option.nr:94:13
      8: derive_log_tag
             at /root/nargo/github.com/AztecProtocol/aztec-nr/v5.2.0-nightly.20260815/aztec/src/messages/delivery/tag.nr:31:12
      9: default_tag_secret_source
             at /root/nargo/github.com/AztecProtocol/aztec-nr/v5.2.0-nightly.20260815/aztec/src/messages/delivery/tag.nr:45:5
     10: existing_handshake_secrets_or_else
             at /root/nargo/github.com/AztecProtocol/aztec-nr/v5.2.0-nightly.20260815/aztec/src/messages/delivery/tag_derivation.nr:89:5
     11: Option<T>::map_or_else
             at std/option.nr:94:13
     12: default_tag_secret_source
             at /root/nargo/github.com/AztecProtocol/aztec-nr/v5.2.0-nightly.20260815/aztec/src/messages/delivery/tag.nr:52:37

bug: Brillig function call isn't properly covered by a manual constraint
    ┌─ /root/nargo/github.com/AztecProtocol/aztec-nr/v5.2.0-nightly.20260815/aztec/src/context/private_context.nr:829:36
    │
829 │             let request = unsafe { get_key_validation_request(pk_m_hash, key_index) };
    │                                    ------------------------------------------------ This Brillig call's inputs and its return values haven't been sufficiently constrained. This should be done to prevent potential soundness vulnerabilities
    │
    = Call stack:
      1: SealedAuction::claim_late_reveal
              at protocol/src/main.nr:388:20
      2: PrivateMutable<Note, &mut PrivateContext>::get_note
              at /root/nargo/github.com/AztecProtocol/aztec-nr/v5.2.0-nightly.20260815/aztec/src/state_vars/private_mutable.nr:294:9
      3: destroy_note
              at /root/nargo/github.com/AztecProtocol/aztec-nr/v5.2.0-nightly.20260815/aztec/src/note/lifecycle.nr:82:21
      4: generate_note_hash_trait_impl
              at /root/nargo/github.com/AztecProtocol/aztec-nr/v5.2.0-nightly.20260815/aztec/src/macros/notes.nr:91:30
      5: PrivateContext::request_nhk_app
              at /root/nargo/github.com/AztecProtocol/aztec-nr/v5.2.0-nightly.20260815/aztec/src/context/private_context.nr:758:9
      6: PrivateContext::request_sk_app
              at /root/nargo/github.com/AztecProtocol/aztec-nr/v5.2.0-nightly.20260815/aztec/src/context/private_context.nr:829:36

bug: Brillig function call isn't properly covered by a manual constraint
   ┌─ /root/nargo/github.com/AztecProtocol/aztec-nr/v5.2.0-nightly.20260815/aztec/src/context/returns_hash.nr:30:33
   │
30 │         let preimage = unsafe { execution_cache::load(self.hash) };
   │                                 -------------------------------- This Brillig call's inputs and its return values haven't been sufficiently constrained. This should be done to prevent potential soundness vulnerabilities
   │
   = Call stack:
     1: SealedAuction::claim_late_reveal
             at protocol/src/main.nr:398:9
     2: ContractSelfPrivate<Storage, CallSelf, EnqueueSelf, CallSelfStatic, EnqueueSelfStatic, CallInternal, CallSelfUtility>::call
             at /root/nargo/github.com/AztecProtocol/aztec-nr/v5.2.0-nightly.20260815/aztec/src/contract_self/contract_self_private.nr:258:9
     3: PrivateCall<M, N, T>::call
             at /root/nargo/github.com/AztecProtocol/aztec-nr/v5.2.0-nightly.20260815/aztec/src/context/calls.nr:46:9
     4: ReturnsHash::get_preimage
             at /root/nargo/github.com/AztecProtocol/aztec-nr/v5.2.0-nightly.20260815/aztec/src/context/returns_hash.nr:30:33

bug: Brillig function call isn't properly covered by a manual constraint
   ┌─ /root/nargo/github.com/AztecProtocol/aztec-nr/v5.2.0-nightly.20260815/aztec/src/history/storage.nr:26:28
   │
26 │     let witness = unsafe { get_public_data_witness(block_header, public_data_tree_index) };
   │                            ------------------------------------------------------------- This Brillig call's inputs and its return values haven't been sufficiently constrained. This should be done to prevent potential soundness vulnerabilities
   │
   = Call stack:
     1: SealedAuction::claim_late_reveal
             at protocol/src/main.nr:382:23
     2: PublicImmutable<T, &mut PrivateContext>::read
             at /root/nargo/github.com/AztecProtocol/aztec-nr/v5.2.0-nightly.20260815/aztec/src/state_vars/public_immutable.nr:333:9
     3: WithHash<T, M>::historical_public_storage_read
             at /root/nargo/github.com/AztecProtocol/aztec-nr/v5.2.0-nightly.20260815/aztec/src/utils/with_hash.nr:67:20
     4: public_storage_historical_read
             at /root/nargo/github.com/AztecProtocol/aztec-nr/v5.2.0-nightly.20260815/aztec/src/history/storage.nr:26:28

bug: Brillig function call isn't properly covered by a manual constraint
    ┌─ /root/nargo/github.com/AztecProtocol/aztec-nr/v5.2.0-nightly.20260815/aztec/src/context/private_context.nr:561:38
    │
561 │         let is_revertible = unsafe { is_execution_in_revertible_phase(current_counter) };
    │                                      ------------------------------------------------- This Brillig call's inputs and its return values haven't been sufficiently constrained. This should be done to prevent potential soundness vulnerabilities
    │
    = Call stack:
      1: generate_private_external
              at /root/nargo/github.com/AztecProtocol/aztec-nr/v5.2.0-nightly.20260815/aztec/src/macros/internals_functions_generation/external/private.nr:105:53
      2: PrivateContext::in_revertible_phase
              at /root/nargo/github.com/AztecProtocol/aztec-nr/v5.2.0-nightly.20260815/aztec/src/context/private_context.nr:561:38

bug: Brillig function call isn't properly covered by a manual constraint
   ┌─ /root/nargo/github.com/AztecProtocol/aztec-nr/v5.2.0-nightly.20260815/aztec/src/messages/delivery/tag.nr:69:26
   │
69 │     let index = unsafe { get_next_tagging_index(secret, mode) };
   │                          ------------------------------------ This Brillig call's inputs and its return values haven't been sufficiently constrained. This should be done to prevent potential soundness vulnerabilities
   │
   = Call stack:
     1: SealedAuction::claim_late_reveal
             at protocol/src/main.nr:400:9
     2: NoteMessage<Note>::deliver
             at /root/nargo/github.com/AztecProtocol/aztec-nr/v5.2.0-nightly.20260815/aztec/src/note/note_message.nr:55:9
     3: NoteMessage<Note>::deliver_to
             at /root/nargo/github.com/AztecProtocol/aztec-nr/v5.2.0-nightly.20260815/aztec/src/note/note_message.nr:82:9
     4: do_private_message_delivery
             at /root/nargo/github.com/AztecProtocol/aztec-nr/v5.2.0-nightly.20260815/aztec/src/messages/delivery/mod.nr:81:9
     5: do_onchain_private_message_delivery
             at /root/nargo/github.com/AztecProtocol/aztec-nr/v5.2.0-nightly.20260815/aztec/src/messages/delivery/mod.nr:122:19
     6: derive_log_tag
             at /root/nargo/github.com/AztecProtocol/aztec-nr/v5.2.0-nightly.20260815/aztec/src/messages/delivery/tag.nr:34:5
     7: tag_with
             at /root/nargo/github.com/AztecProtocol/aztec-nr/v5.2.0-nightly.20260815/aztec/src/messages/delivery/tag.nr:69:26

bug: Brillig function call isn't properly covered by a manual constraint
   ┌─ /root/nargo/github.com/AztecProtocol/aztec-nr/v5.2.0-nightly.20260815/aztec/src/note/lifecycle.nr:55:31
   │
55 │     let randomness = unsafe { random() };
   │                               -------- This Brillig call's inputs and its return values haven't been sufficiently constrained. This should be done to prevent potential soundness vulnerabilities
   │
   = Call stack:
     1: SealedAuction::claim_late_reveal
             at protocol/src/main.nr:388:20
     2: PrivateMutable<Note, &mut PrivateContext>::get_note
             at /root/nargo/github.com/AztecProtocol/aztec-nr/v5.2.0-nightly.20260815/aztec/src/state_vars/private_mutable.nr:298:9
     3: create_note
             at /root/nargo/github.com/AztecProtocol/aztec-nr/v5.2.0-nightly.20260815/aztec/src/note/lifecycle.nr:55:31

bug: Brillig function call isn't properly covered by a manual constraint
   ┌─ /root/nargo/github.com/AztecProtocol/aztec-nr/v5.2.0-nightly.20260815/aztec/src/nullifier/utils.nr:18:52
   │
18 │     let should_use_pending_read_request = unsafe { is_nullifier_pending(unsiloed_nullifier, contract_address) };
   │                                                    ---------------------------------------------------------- This Brillig call's inputs and its return values haven't been sufficiently constrained. This should be done to prevent potential soundness vulnerabilities
   │
   = Call stack:
     1: generate_private_external
             at /root/nargo/github.com/AztecProtocol/aztec-nr/v5.2.0-nightly.20260815/aztec/src/macros/internals_functions_generation/external/private.nr:96:17
     2: assert_is_initialized_private
             at /root/nargo/github.com/AztecProtocol/aztec-nr/v5.2.0-nightly.20260815/aztec/src/macros/functions/initialization_utils.nr:116:39
     3: compute_nullifier_existence_request
             at /root/nargo/github.com/AztecProtocol/aztec-nr/v5.2.0-nightly.20260815/aztec/src/nullifier/utils.nr:18:52

bug: Brillig function call isn't properly covered by a manual constraint
   ┌─ /root/nargo/github.com/AztecProtocol/aztec-nr/v5.2.0-nightly.20260815/aztec/src/oracle/get_contract_instance.nr:18:29
   │
18 │     let instance = unsafe { get_contract_instance_internal(address) };
   │                             --------------------------------------- This Brillig call's inputs and its return values haven't been sufficiently constrained. This should be done to prevent potential soundness vulnerabilities
   │
   = Call stack:
     1: generate_private_external
             at /root/nargo/github.com/AztecProtocol/aztec-nr/v5.2.0-nightly.20260815/aztec/src/macros/internals_functions_generation/external/private.nr:96:17
     2: assert_is_initialized_private
             at /root/nargo/github.com/AztecProtocol/aztec-nr/v5.2.0-nightly.20260815/aztec/src/macros/functions/initialization_utils.nr:114:20
     3: get_contract_instance
             at /root/nargo/github.com/AztecProtocol/aztec-nr/v5.2.0-nightly.20260815/aztec/src/oracle/get_contract_instance.nr:18:29

bug: Brillig function call isn't properly covered by a manual constraint
   ┌─ /root/nargo/github.com/AztecProtocol/aztec-nr/v5.2.0-nightly.20260815/aztec/src/keys/getters/mod.nr:27:51
   │
27 │     let (public_keys, partial_address) = unsafe { get_public_keys_and_partial_address(account) };
   │                                                   -------------------------------------------- This Brillig call's inputs and its return values haven't been sufficiently constrained. This should be done to prevent potential soundness vulnerabilities
   │
   = Call stack:
     1: SealedAuction::claim_late_reveal
             at protocol/src/main.nr:388:20
     2: PrivateMutable<Note, &mut PrivateContext>::get_note
             at /root/nargo/github.com/AztecProtocol/aztec-nr/v5.2.0-nightly.20260815/aztec/src/state_vars/private_mutable.nr:294:9
     3: destroy_note
             at /root/nargo/github.com/AztecProtocol/aztec-nr/v5.2.0-nightly.20260815/aztec/src/note/lifecycle.nr:82:21
     4: generate_note_hash_trait_impl
             at /root/nargo/github.com/AztecProtocol/aztec-nr/v5.2.0-nightly.20260815/aztec/src/macros/notes.nr:90:40
     5: get_public_keys
             at /root/nargo/github.com/AztecProtocol/aztec-nr/v5.2.0-nightly.20260815/aztec/src/keys/getters/mod.nr:27:51

bug: Brillig function call isn't properly covered by a manual constraint
    ┌─ /root/nargo/github.com/AztecProtocol/aztec-nr/v5.2.0-nightly.20260815/aztec/src/note/note_getter.nr:116:32
    │
116 │     let hinted_note = unsafe { view_note::<Note>(owner, storage_slot) };
    │                                -------------------------------------- This Brillig call's inputs and its return values haven't been sufficiently constrained. This should be done to prevent potential soundness vulnerabilities
    │
    = Call stack:
      1: SealedAuction::claim_late_reveal
              at protocol/src/main.nr:388:20
      2: PrivateMutable<Note, &mut PrivateContext>::get_note
              at /root/nargo/github.com/AztecProtocol/aztec-nr/v5.2.0-nightly.20260815/aztec/src/state_vars/private_mutable.nr:291:30
      3: get_note
              at /root/nargo/github.com/AztecProtocol/aztec-nr/v5.2.0-nightly.20260815/aztec/src/note/note_getter.nr:116:32

bug: Brillig function call isn't properly covered by a manual constraint
   ┌─ /root/nargo/github.com/AztecProtocol/aztec-nr/v5.2.0-nightly.20260815/aztec/src/utils/remove_constraints.nr:19:13
   │
19 │             remove_constraints(f)
   │             --------------------- This Brillig call's inputs and its return values haven't been sufficiently constrained. This should be done to prevent potential soundness vulnerabilities
   │
   = Call stack:
     1: SealedAuction::claim_late_reveal
             at protocol/src/main.nr:400:9
     2: NoteMessage<Note>::deliver
             at /root/nargo/github.com/AztecProtocol/aztec-nr/v5.2.0-nightly.20260815/aztec/src/note/note_message.nr:55:9
     3: NoteMessage<Note>::deliver_to
             at /root/nargo/github.com/AztecProtocol/aztec-nr/v5.2.0-nightly.20260815/aztec/src/note/note_message.nr:82:9
     4: do_private_message_delivery
             at /root/nargo/github.com/AztecProtocol/aztec-nr/v5.2.0-nightly.20260815/aztec/src/messages/delivery/mod.nr:81:9
     5: do_onchain_private_message_delivery
             at /root/nargo/github.com/AztecProtocol/aztec-nr/v5.2.0-nightly.20260815/aztec/src/messages/delivery/mod.nr:117:22
     6: remove_constraints_if
             at /root/nargo/github.com/AztecProtocol/aztec-nr/v5.2.0-nightly.20260815/aztec/src/utils/remove_constraints.nr:19:13

bug: Input to Brillig function is in a separate subgraph to output
    ┌─ /root/nargo/github.com/AztecProtocol/aztec-nr/v5.2.0-nightly.20260815/aztec/src/state_vars/public_immutable.nr:328:41
    │
328 │         let nullifier_exists = unsafe { check_nullifier_exists(nullifier) };
    │                                         --------------------------------- There is no path from the output of this Brillig call to either return values or inputs of the circuit, which creates an independent subgraph. This is quite likely a soundness vulnerability
    │
    = Call stack:
      1: SealedAuction::claim_losing_bid
              at protocol/src/main.nr:353:23
      2: PublicImmutable<T, &mut PrivateContext>::read
              at /root/nargo/github.com/AztecProtocol/aztec-nr/v5.2.0-nightly.20260815/aztec/src/state_vars/public_immutable.nr:328:41

bug: Input to Brillig function is in a separate subgraph to output
     ┌─ /root/nargo/github.com/AztecProtocol/aztec-nr/v5.2.0-nightly.20260815/aztec/src/context/private_context.nr:1184:13
     │  
1184 │ ╭             call_private_function_internal(
1185 │ │                 contract_address,
1186 │ │                 function_selector,
1187 │ │                 args_hash,
1188 │ │                 start_side_effect_counter,
1189 │ │                 is_static_call,
1190 │ │             )
     │ ╰─────────────' There is no path from the output of this Brillig call to either return values or inputs of the circuit, which creates an independent subgraph. This is quite likely a soundness vulnerability
     │  
     = Call stack:
       1: SealedAuction::claim_losing_bid
               at protocol/src/main.nr:362:9
       2: ContractSelfPrivate<Storage, CallSelf, EnqueueSelf, CallSelfStatic, EnqueueSelfStatic, CallInternal, CallSelfUtility>::call
               at /root/nargo/github.com/AztecProtocol/aztec-nr/v5.2.0-nightly.20260815/aztec/src/contract_self/contract_self_private.nr:258:9
       3: PrivateCall<M, N, T>::call
               at /root/nargo/github.com/AztecProtocol/aztec-nr/v5.2.0-nightly.20260815/aztec/src/context/calls.nr:42:13
       4: PrivateContext::call_private_function_with_args_hash
               at /root/nargo/github.com/AztecProtocol/aztec-nr/v5.2.0-nightly.20260815/aztec/src/context/private_context.nr:1184:13

bug: Brillig function call isn't properly covered by a manual constraint
    ┌─ /root/nargo/github.com/AztecProtocol/aztec-nr/v5.2.0-nightly.20260815/aztec/src/note/note_getter.nr:116:32
    │
116 │     let hinted_note = unsafe { view_note::<Note>(owner, storage_slot) };
    │                                -------------------------------------- This Brillig call's inputs and its return values haven't been sufficiently constrained. This should be done to prevent potential soundness vulnerabilities
    │
    = Call stack:
      1: SealedAuction::claim_losing_bid
              at protocol/src/main.nr:356:20
      2: PrivateMutable<Note, &mut PrivateContext>::get_note
              at /root/nargo/github.com/AztecProtocol/aztec-nr/v5.2.0-nightly.20260815/aztec/src/state_vars/private_mutable.nr:291:30
      3: get_note
              at /root/nargo/github.com/AztecProtocol/aztec-nr/v5.2.0-nightly.20260815/aztec/src/note/note_getter.nr:116:32

bug: Brillig function call isn't properly covered by a manual constraint
   ┌─ /root/nargo/github.com/AztecProtocol/aztec-nr/v5.2.0-nightly.20260815/aztec/src/context/returns_hash.nr:30:33
   │
30 │         let preimage = unsafe { execution_cache::load(self.hash) };
   │                                 -------------------------------- This Brillig call's inputs and its return values haven't been sufficiently constrained. This should be done to prevent potential soundness vulnerabilities
   │
   = Call stack:
     1: SealedAuction::claim_losing_bid
             at protocol/src/main.nr:362:9
     2: ContractSelfPrivate<Storage, CallSelf, EnqueueSelf, CallSelfStatic, EnqueueSelfStatic, CallInternal, CallSelfUtility>::call
             at /root/nargo/github.com/AztecProtocol/aztec-nr/v5.2.0-nightly.20260815/aztec/src/contract_self/contract_self_private.nr:258:9
     3: PrivateCall<M, N, T>::call
             at /root/nargo/github.com/AztecProtocol/aztec-nr/v5.2.0-nightly.20260815/aztec/src/context/calls.nr:46:9
     4: ReturnsHash::get_preimage
             at /root/nargo/github.com/AztecProtocol/aztec-nr/v5.2.0-nightly.20260815/aztec/src/context/returns_hash.nr:30:33

bug: Brillig function call isn't properly covered by a manual constraint
    ┌─ /root/nargo/github.com/AztecProtocol/aztec-nr/v5.2.0-nightly.20260815/aztec/src/context/private_context.nr:561:38
    │
561 │         let is_revertible = unsafe { is_execution_in_revertible_phase(current_counter) };
    │                                      ------------------------------------------------- This Brillig call's inputs and its return values haven't been sufficiently constrained. This should be done to prevent potential soundness vulnerabilities
    │
    = Call stack:
      1: generate_private_external
              at /root/nargo/github.com/AztecProtocol/aztec-nr/v5.2.0-nightly.20260815/aztec/src/macros/internals_functions_generation/external/private.nr:105:53
      2: PrivateContext::in_revertible_phase
              at /root/nargo/github.com/AztecProtocol/aztec-nr/v5.2.0-nightly.20260815/aztec/src/context/private_context.nr:561:38

bug: Brillig function call isn't properly covered by a manual constraint
   ┌─ /root/nargo/github.com/AztecProtocol/aztec-nr/v5.2.0-nightly.20260815/aztec/src/utils/remove_constraints.nr:19:13
   │
19 │             remove_constraints(f)
   │             --------------------- This Brillig call's inputs and its return values haven't been sufficiently constrained. This should be done to prevent potential soundness vulnerabilities
   │
   = Call stack:
     1: SealedAuction::claim_losing_bid
             at protocol/src/main.nr:365:9
     2: NoteMessage<Note>::deliver
             at /root/nargo/github.com/AztecProtocol/aztec-nr/v5.2.0-nightly.20260815/aztec/src/note/note_message.nr:55:9
     3: NoteMessage<Note>::deliver_to
             at /root/nargo/github.com/AztecProtocol/aztec-nr/v5.2.0-nightly.20260815/aztec/src/note/note_message.nr:82:9
     4: do_private_message_delivery
             at /root/nargo/github.com/AztecProtocol/aztec-nr/v5.2.0-nightly.20260815/aztec/src/messages/delivery/mod.nr:81:9
     5: do_onchain_private_message_delivery
             at /root/nargo/github.com/AztecProtocol/aztec-nr/v5.2.0-nightly.20260815/aztec/src/messages/delivery/mod.nr:117:22
     6: remove_constraints_if
             at /root/nargo/github.com/AztecProtocol/aztec-nr/v5.2.0-nightly.20260815/aztec/src/utils/remove_constraints.nr:19:13

bug: Brillig function call isn't properly covered by a manual constraint
   ┌─ /root/nargo/github.com/AztecProtocol/aztec-nr/v5.2.0-nightly.20260815/aztec/src/messages/delivery/tag_derivation.nr:88:18
   │
88 │         unsafe { get_existing_app_siloed_handshake_secrets(STANDARD_HANDSHAKE_REGISTRY_ADDRESS, sender, recipient) };
   │                  ------------------------------------------------------------------------------------------------- This Brillig call's inputs and its return values haven't been sufficiently constrained. This should be done to prevent potential soundness vulnerabilities
   │
   = Call stack:
      1: SealedAuction::claim_losing_bid
             at protocol/src/main.nr:365:9
      2: NoteMessage<Note>::deliver
             at /root/nargo/github.com/AztecProtocol/aztec-nr/v5.2.0-nightly.20260815/aztec/src/note/note_message.nr:55:9
      3: NoteMessage<Note>::deliver_to
             at /root/nargo/github.com/AztecProtocol/aztec-nr/v5.2.0-nightly.20260815/aztec/src/note/note_message.nr:82:9
      4: do_private_message_delivery
             at /root/nargo/github.com/AztecProtocol/aztec-nr/v5.2.0-nightly.20260815/aztec/src/messages/delivery/mod.nr:81:9
      5: do_onchain_private_message_delivery
             at /root/nargo/github.com/AztecProtocol/aztec-nr/v5.2.0-nightly.20260815/aztec/src/messages/delivery/mod.nr:122:19
      6: derive_log_tag
             at /root/nargo/github.com/AztecProtocol/aztec-nr/v5.2.0-nightly.20260815/aztec/src/messages/delivery/tag.nr:30:18
      7: Option<T>::map_or_else
             at std/option.nr:94:13
      8: derive_log_tag
             at /root/nargo/github.com/AztecProtocol/aztec-nr/v5.2.0-nightly.20260815/aztec/src/messages/delivery/tag.nr:31:12
      9: default_tag_secret_source
             at /root/nargo/github.com/AztecProtocol/aztec-nr/v5.2.0-nightly.20260815/aztec/src/messages/delivery/tag.nr:45:5
     10: existing_handshake_secrets_or_else
             at /root/nargo/github.com/AztecProtocol/aztec-nr/v5.2.0-nightly.20260815/aztec/src/messages/delivery/tag_derivation.nr:88:18

bug: Brillig function call isn't properly covered by a manual constraint
   ┌─ /root/nargo/github.com/AztecProtocol/aztec-nr/v5.2.0-nightly.20260815/aztec/src/note/lifecycle.nr:55:31
   │
55 │     let randomness = unsafe { random() };
   │                               -------- This Brillig call's inputs and its return values haven't been sufficiently constrained. This should be done to prevent potential soundness vulnerabilities
   │
   = Call stack:
     1: SealedAuction::claim_losing_bid
             at protocol/src/main.nr:356:20
     2: PrivateMutable<Note, &mut PrivateContext>::get_note
             at /root/nargo/github.com/AztecProtocol/aztec-nr/v5.2.0-nightly.20260815/aztec/src/state_vars/private_mutable.nr:298:9
     3: create_note
             at /root/nargo/github.com/AztecProtocol/aztec-nr/v5.2.0-nightly.20260815/aztec/src/note/lifecycle.nr:55:31

bug: Brillig function call isn't properly covered by a manual constraint
   ┌─ /root/nargo/github.com/AztecProtocol/aztec-nr/v5.2.0-nightly.20260815/aztec/src/oracle/get_contract_instance.nr:18:29
   │
18 │     let instance = unsafe { get_contract_instance_internal(address) };
   │                             --------------------------------------- This Brillig call's inputs and its return values haven't been sufficiently constrained. This should be done to prevent potential soundness vulnerabilities
   │
   = Call stack:
     1: generate_private_external
             at /root/nargo/github.com/AztecProtocol/aztec-nr/v5.2.0-nightly.20260815/aztec/src/macros/internals_functions_generation/external/private.nr:96:17
     2: assert_is_initialized_private
             at /root/nargo/github.com/AztecProtocol/aztec-nr/v5.2.0-nightly.20260815/aztec/src/macros/functions/initialization_utils.nr:114:20
     3: get_contract_instance
             at /root/nargo/github.com/AztecProtocol/aztec-nr/v5.2.0-nightly.20260815/aztec/src/oracle/get_contract_instance.nr:18:29

bug: Brillig function call isn't properly covered by a manual constraint
    ┌─ /root/nargo/github.com/AztecProtocol/aztec-nr/v5.2.0-nightly.20260815/aztec/src/context/private_context.nr:829:36
    │
829 │             let request = unsafe { get_key_validation_request(pk_m_hash, key_index) };
    │                                    ------------------------------------------------ This Brillig call's inputs and its return values haven't been sufficiently constrained. This should be done to prevent potential soundness vulnerabilities
    │
    = Call stack:
      1: SealedAuction::claim_losing_bid
              at protocol/src/main.nr:356:20
      2: PrivateMutable<Note, &mut PrivateContext>::get_note
              at /root/nargo/github.com/AztecProtocol/aztec-nr/v5.2.0-nightly.20260815/aztec/src/state_vars/private_mutable.nr:294:9
      3: destroy_note
              at /root/nargo/github.com/AztecProtocol/aztec-nr/v5.2.0-nightly.20260815/aztec/src/note/lifecycle.nr:82:21
      4: generate_note_hash_trait_impl
              at /root/nargo/github.com/AztecProtocol/aztec-nr/v5.2.0-nightly.20260815/aztec/src/macros/notes.nr:91:30
      5: PrivateContext::request_nhk_app
              at /root/nargo/github.com/AztecProtocol/aztec-nr/v5.2.0-nightly.20260815/aztec/src/context/private_context.nr:758:9
      6: PrivateContext::request_sk_app
              at /root/nargo/github.com/AztecProtocol/aztec-nr/v5.2.0-nightly.20260815/aztec/src/context/private_context.nr:829:36

bug: Brillig function call isn't properly covered by a manual constraint
   ┌─ /root/nargo/github.com/AztecProtocol/aztec-nr/v5.2.0-nightly.20260815/aztec/src/history/storage.nr:26:28
   │
26 │     let witness = unsafe { get_public_data_witness(block_header, public_data_tree_index) };
   │                            ------------------------------------------------------------- This Brillig call's inputs and its return values haven't been sufficiently constrained. This should be done to prevent potential soundness vulnerabilities
   │
   = Call stack:
     1: SealedAuction::claim_losing_bid
             at protocol/src/main.nr:353:23
     2: PublicImmutable<T, &mut PrivateContext>::read
             at /root/nargo/github.com/AztecProtocol/aztec-nr/v5.2.0-nightly.20260815/aztec/src/state_vars/public_immutable.nr:333:9
     3: WithHash<T, M>::historical_public_storage_read
             at /root/nargo/github.com/AztecProtocol/aztec-nr/v5.2.0-nightly.20260815/aztec/src/utils/with_hash.nr:67:20
     4: public_storage_historical_read
             at /root/nargo/github.com/AztecProtocol/aztec-nr/v5.2.0-nightly.20260815/aztec/src/history/storage.nr:26:28

bug: Brillig function call isn't properly covered by a manual constraint
   ┌─ /root/nargo/github.com/AztecProtocol/aztec-nr/v5.2.0-nightly.20260815/aztec/src/keys/getters/mod.nr:27:51
   │
27 │     let (public_keys, partial_address) = unsafe { get_public_keys_and_partial_address(account) };
   │                                                   -------------------------------------------- This Brillig call's inputs and its return values haven't been sufficiently constrained. This should be done to prevent potential soundness vulnerabilities
   │
   = Call stack:
     1: SealedAuction::claim_losing_bid
             at protocol/src/main.nr:356:20
     2: PrivateMutable<Note, &mut PrivateContext>::get_note
             at /root/nargo/github.com/AztecProtocol/aztec-nr/v5.2.0-nightly.20260815/aztec/src/state_vars/private_mutable.nr:294:9
     3: destroy_note
             at /root/nargo/github.com/AztecProtocol/aztec-nr/v5.2.0-nightly.20260815/aztec/src/note/lifecycle.nr:82:21
     4: generate_note_hash_trait_impl
             at /root/nargo/github.com/AztecProtocol/aztec-nr/v5.2.0-nightly.20260815/aztec/src/macros/notes.nr:90:40
     5: get_public_keys
             at /root/nargo/github.com/AztecProtocol/aztec-nr/v5.2.0-nightly.20260815/aztec/src/keys/getters/mod.nr:27:51

bug: Brillig function call isn't properly covered by a manual constraint
   ┌─ /root/nargo/github.com/AztecProtocol/aztec-nr/v5.2.0-nightly.20260815/aztec/src/nullifier/utils.nr:18:52
   │
18 │     let should_use_pending_read_request = unsafe { is_nullifier_pending(unsiloed_nullifier, contract_address) };
   │                                                    ---------------------------------------------------------- This Brillig call's inputs and its return values haven't been sufficiently constrained. This should be done to prevent potential soundness vulnerabilities
   │
   = Call stack:
     1: generate_private_external
             at /root/nargo/github.com/AztecProtocol/aztec-nr/v5.2.0-nightly.20260815/aztec/src/macros/internals_functions_generation/external/private.nr:96:17
     2: assert_is_initialized_private
             at /root/nargo/github.com/AztecProtocol/aztec-nr/v5.2.0-nightly.20260815/aztec/src/macros/functions/initialization_utils.nr:116:39
     3: compute_nullifier_existence_request
             at /root/nargo/github.com/AztecProtocol/aztec-nr/v5.2.0-nightly.20260815/aztec/src/nullifier/utils.nr:18:52

bug: Brillig function call isn't properly covered by a manual constraint
   ┌─ /root/nargo/github.com/AztecProtocol/aztec-nr/v5.2.0-nightly.20260815/aztec/src/messages/delivery/tag.nr:69:26
   │
69 │     let index = unsafe { get_next_tagging_index(secret, mode) };
   │                          ------------------------------------ This Brillig call's inputs and its return values haven't been sufficiently constrained. This should be done to prevent potential soundness vulnerabilities
   │
   = Call stack:
     1: SealedAuction::claim_losing_bid
             at protocol/src/main.nr:365:9
     2: NoteMessage<Note>::deliver
             at /root/nargo/github.com/AztecProtocol/aztec-nr/v5.2.0-nightly.20260815/aztec/src/note/note_message.nr:55:9
     3: NoteMessage<Note>::deliver_to
             at /root/nargo/github.com/AztecProtocol/aztec-nr/v5.2.0-nightly.20260815/aztec/src/note/note_message.nr:82:9
     4: do_private_message_delivery
             at /root/nargo/github.com/AztecProtocol/aztec-nr/v5.2.0-nightly.20260815/aztec/src/messages/delivery/mod.nr:81:9
     5: do_onchain_private_message_delivery
             at /root/nargo/github.com/AztecProtocol/aztec-nr/v5.2.0-nightly.20260815/aztec/src/messages/delivery/mod.nr:122:19
     6: derive_log_tag
             at /root/nargo/github.com/AztecProtocol/aztec-nr/v5.2.0-nightly.20260815/aztec/src/messages/delivery/tag.nr:34:5
     7: tag_with
             at /root/nargo/github.com/AztecProtocol/aztec-nr/v5.2.0-nightly.20260815/aztec/src/messages/delivery/tag.nr:69:26

bug: Brillig function call isn't properly covered by a manual constraint
   ┌─ /root/nargo/github.com/AztecProtocol/aztec-nr/v5.2.0-nightly.20260815/aztec/src/messages/delivery/tag.nr:52:37
   │
52 │             let strategy = unsafe { resolve_tagging_strategy(sender, recipient, mode) };
   │                                     ------------------------------------------------- This Brillig call's inputs and its return values haven't been sufficiently constrained. This should be done to prevent potential soundness vulnerabilities
   │
   = Call stack:
      1: SealedAuction::claim_losing_bid
             at protocol/src/main.nr:365:9
      2: NoteMessage<Note>::deliver
             at /root/nargo/github.com/AztecProtocol/aztec-nr/v5.2.0-nightly.20260815/aztec/src/note/note_message.nr:55:9
      3: NoteMessage<Note>::deliver_to
             at /root/nargo/github.com/AztecProtocol/aztec-nr/v5.2.0-nightly.20260815/aztec/src/note/note_message.nr:82:9
      4: do_private_message_delivery
             at /root/nargo/github.com/AztecProtocol/aztec-nr/v5.2.0-nightly.20260815/aztec/src/messages/delivery/mod.nr:81:9
      5: do_onchain_private_message_delivery
             at /root/nargo/github.com/AztecProtocol/aztec-nr/v5.2.0-nightly.20260815/aztec/src/messages/delivery/mod.nr:122:19
      6: derive_log_tag
             at /root/nargo/github.com/AztecProtocol/aztec-nr/v5.2.0-nightly.20260815/aztec/src/messages/delivery/tag.nr:30:18
      7: Option<T>::map_or_else
             at std/option.nr:94:13
      8: derive_log_tag
             at /root/nargo/github.com/AztecProtocol/aztec-nr/v5.2.0-nightly.20260815/aztec/src/messages/delivery/tag.nr:31:12
      9: default_tag_secret_source
             at /root/nargo/github.com/AztecProtocol/aztec-nr/v5.2.0-nightly.20260815/aztec/src/messages/delivery/tag.nr:45:5
     10: existing_handshake_secrets_or_else
             at /root/nargo/github.com/AztecProtocol/aztec-nr/v5.2.0-nightly.20260815/aztec/src/messages/delivery/tag_derivation.nr:89:5
     11: Option<T>::map_or_else
             at std/option.nr:94:13
     12: default_tag_secret_source
             at /root/nargo/github.com/AztecProtocol/aztec-nr/v5.2.0-nightly.20260815/aztec/src/messages/delivery/tag.nr:52:37

bug: Input to Brillig function is in a separate subgraph to output
    ┌─ /root/nargo/github.com/AztecProtocol/aztec-nr/v5.2.0-nightly.20260815/aztec/src/state_vars/public_immutable.nr:328:41
    │
328 │         let nullifier_exists = unsafe { check_nullifier_exists(nullifier) };
    │                                         --------------------------------- There is no path from the output of this Brillig call to either return values or inputs of the circuit, which creates an independent subgraph. This is quite likely a soundness vulnerability
    │
    = Call stack:
      1: SealedAuction::claim_stake_after_closing
              at protocol/src/main.nr:444:23
      2: PublicImmutable<T, &mut PrivateContext>::read
              at /root/nargo/github.com/AztecProtocol/aztec-nr/v5.2.0-nightly.20260815/aztec/src/state_vars/public_immutable.nr:328:41

bug: Input to Brillig function is in a separate subgraph to output
     ┌─ /root/nargo/github.com/AztecProtocol/aztec-nr/v5.2.0-nightly.20260815/aztec/src/context/private_context.nr:1184:13
     │  
1184 │ ╭             call_private_function_internal(
1185 │ │                 contract_address,
1186 │ │                 function_selector,
1187 │ │                 args_hash,
1188 │ │                 start_side_effect_counter,
1189 │ │                 is_static_call,
1190 │ │             )
     │ ╰─────────────' There is no path from the output of this Brillig call to either return values or inputs of the circuit, which creates an independent subgraph. This is quite likely a soundness vulnerability
     │  
     = Call stack:
       1: SealedAuction::claim_stake_after_closing
               at protocol/src/main.nr:452:9
       2: ContractSelfPrivate<Storage, CallSelf, EnqueueSelf, CallSelfStatic, EnqueueSelfStatic, CallInternal, CallSelfUtility>::call
               at /root/nargo/github.com/AztecProtocol/aztec-nr/v5.2.0-nightly.20260815/aztec/src/contract_self/contract_self_private.nr:258:9
       3: PrivateCall<M, N, T>::call
               at /root/nargo/github.com/AztecProtocol/aztec-nr/v5.2.0-nightly.20260815/aztec/src/context/calls.nr:42:13
       4: PrivateContext::call_private_function_with_args_hash
               at /root/nargo/github.com/AztecProtocol/aztec-nr/v5.2.0-nightly.20260815/aztec/src/context/private_context.nr:1184:13

bug: Brillig function call isn't properly covered by a manual constraint
    ┌─ /root/nargo/github.com/AztecProtocol/aztec-nr/v5.2.0-nightly.20260815/aztec/src/note/note_getter.nr:116:32
    │
116 │     let hinted_note = unsafe { view_note::<Note>(owner, storage_slot) };
    │                                -------------------------------------- This Brillig call's inputs and its return values haven't been sufficiently constrained. This should be done to prevent potential soundness vulnerabilities
    │
    = Call stack:
      1: SealedAuction::claim_stake_after_closing
              at protocol/src/main.nr:448:20
      2: PrivateMutable<Note, &mut PrivateContext>::get_note
              at /root/nargo/github.com/AztecProtocol/aztec-nr/v5.2.0-nightly.20260815/aztec/src/state_vars/private_mutable.nr:291:30
      3: get_note
              at /root/nargo/github.com/AztecProtocol/aztec-nr/v5.2.0-nightly.20260815/aztec/src/note/note_getter.nr:116:32

bug: Brillig function call isn't properly covered by a manual constraint
   ┌─ /root/nargo/github.com/AztecProtocol/aztec-nr/v5.2.0-nightly.20260815/aztec/src/note/lifecycle.nr:55:31
   │
55 │     let randomness = unsafe { random() };
   │                               -------- This Brillig call's inputs and its return values haven't been sufficiently constrained. This should be done to prevent potential soundness vulnerabilities
   │
   = Call stack:
     1: SealedAuction::claim_stake_after_closing
             at protocol/src/main.nr:448:20
     2: PrivateMutable<Note, &mut PrivateContext>::get_note
             at /root/nargo/github.com/AztecProtocol/aztec-nr/v5.2.0-nightly.20260815/aztec/src/state_vars/private_mutable.nr:298:9
     3: create_note
             at /root/nargo/github.com/AztecProtocol/aztec-nr/v5.2.0-nightly.20260815/aztec/src/note/lifecycle.nr:55:31

bug: Brillig function call isn't properly covered by a manual constraint
   ┌─ /root/nargo/github.com/AztecProtocol/aztec-nr/v5.2.0-nightly.20260815/aztec/src/utils/remove_constraints.nr:19:13
   │
19 │             remove_constraints(f)
   │             --------------------- This Brillig call's inputs and its return values haven't been sufficiently constrained. This should be done to prevent potential soundness vulnerabilities
   │
   = Call stack:
     1: SealedAuction::claim_stake_after_closing
             at protocol/src/main.nr:453:9
     2: NoteMessage<Note>::deliver
             at /root/nargo/github.com/AztecProtocol/aztec-nr/v5.2.0-nightly.20260815/aztec/src/note/note_message.nr:55:9
     3: NoteMessage<Note>::deliver_to
             at /root/nargo/github.com/AztecProtocol/aztec-nr/v5.2.0-nightly.20260815/aztec/src/note/note_message.nr:82:9
     4: do_private_message_delivery
             at /root/nargo/github.com/AztecProtocol/aztec-nr/v5.2.0-nightly.20260815/aztec/src/messages/delivery/mod.nr:81:9
     5: do_onchain_private_message_delivery
             at /root/nargo/github.com/AztecProtocol/aztec-nr/v5.2.0-nightly.20260815/aztec/src/messages/delivery/mod.nr:117:22
     6: remove_constraints_if
             at /root/nargo/github.com/AztecProtocol/aztec-nr/v5.2.0-nightly.20260815/aztec/src/utils/remove_constraints.nr:19:13

bug: Brillig function call isn't properly covered by a manual constraint
   ┌─ /root/nargo/github.com/AztecProtocol/aztec-nr/v5.2.0-nightly.20260815/aztec/src/keys/getters/mod.nr:27:51
   │
27 │     let (public_keys, partial_address) = unsafe { get_public_keys_and_partial_address(account) };
   │                                                   -------------------------------------------- This Brillig call's inputs and its return values haven't been sufficiently constrained. This should be done to prevent potential soundness vulnerabilities
   │
   = Call stack:
     1: SealedAuction::claim_stake_after_closing
             at protocol/src/main.nr:448:20
     2: PrivateMutable<Note, &mut PrivateContext>::get_note
             at /root/nargo/github.com/AztecProtocol/aztec-nr/v5.2.0-nightly.20260815/aztec/src/state_vars/private_mutable.nr:294:9
     3: destroy_note
             at /root/nargo/github.com/AztecProtocol/aztec-nr/v5.2.0-nightly.20260815/aztec/src/note/lifecycle.nr:82:21
     4: generate_note_hash_trait_impl
             at /root/nargo/github.com/AztecProtocol/aztec-nr/v5.2.0-nightly.20260815/aztec/src/macros/notes.nr:90:40
     5: get_public_keys
             at /root/nargo/github.com/AztecProtocol/aztec-nr/v5.2.0-nightly.20260815/aztec/src/keys/getters/mod.nr:27:51

bug: Brillig function call isn't properly covered by a manual constraint
   ┌─ /root/nargo/github.com/AztecProtocol/aztec-nr/v5.2.0-nightly.20260815/aztec/src/messages/delivery/tag_derivation.nr:88:18
   │
88 │         unsafe { get_existing_app_siloed_handshake_secrets(STANDARD_HANDSHAKE_REGISTRY_ADDRESS, sender, recipient) };
   │                  ------------------------------------------------------------------------------------------------- This Brillig call's inputs and its return values haven't been sufficiently constrained. This should be done to prevent potential soundness vulnerabilities
   │
   = Call stack:
      1: SealedAuction::claim_stake_after_closing
             at protocol/src/main.nr:453:9
      2: NoteMessage<Note>::deliver
             at /root/nargo/github.com/AztecProtocol/aztec-nr/v5.2.0-nightly.20260815/aztec/src/note/note_message.nr:55:9
      3: NoteMessage<Note>::deliver_to
             at /root/nargo/github.com/AztecProtocol/aztec-nr/v5.2.0-nightly.20260815/aztec/src/note/note_message.nr:82:9
      4: do_private_message_delivery
             at /root/nargo/github.com/AztecProtocol/aztec-nr/v5.2.0-nightly.20260815/aztec/src/messages/delivery/mod.nr:81:9
      5: do_onchain_private_message_delivery
             at /root/nargo/github.com/AztecProtocol/aztec-nr/v5.2.0-nightly.20260815/aztec/src/messages/delivery/mod.nr:122:19
      6: derive_log_tag
             at /root/nargo/github.com/AztecProtocol/aztec-nr/v5.2.0-nightly.20260815/aztec/src/messages/delivery/tag.nr:30:18
      7: Option<T>::map_or_else
             at std/option.nr:94:13
      8: derive_log_tag
             at /root/nargo/github.com/AztecProtocol/aztec-nr/v5.2.0-nightly.20260815/aztec/src/messages/delivery/tag.nr:31:12
      9: default_tag_secret_source
             at /root/nargo/github.com/AztecProtocol/aztec-nr/v5.2.0-nightly.20260815/aztec/src/messages/delivery/tag.nr:45:5
     10: existing_handshake_secrets_or_else
             at /root/nargo/github.com/AztecProtocol/aztec-nr/v5.2.0-nightly.20260815/aztec/src/messages/delivery/tag_derivation.nr:88:18

bug: Brillig function call isn't properly covered by a manual constraint
   ┌─ /root/nargo/github.com/AztecProtocol/aztec-nr/v5.2.0-nightly.20260815/aztec/src/context/returns_hash.nr:30:33
   │
30 │         let preimage = unsafe { execution_cache::load(self.hash) };
   │                                 -------------------------------- This Brillig call's inputs and its return values haven't been sufficiently constrained. This should be done to prevent potential soundness vulnerabilities
   │
   = Call stack:
     1: SealedAuction::claim_stake_after_closing
             at protocol/src/main.nr:452:9
     2: ContractSelfPrivate<Storage, CallSelf, EnqueueSelf, CallSelfStatic, EnqueueSelfStatic, CallInternal, CallSelfUtility>::call
             at /root/nargo/github.com/AztecProtocol/aztec-nr/v5.2.0-nightly.20260815/aztec/src/contract_self/contract_self_private.nr:258:9
     3: PrivateCall<M, N, T>::call
             at /root/nargo/github.com/AztecProtocol/aztec-nr/v5.2.0-nightly.20260815/aztec/src/context/calls.nr:46:9
     4: ReturnsHash::get_preimage
             at /root/nargo/github.com/AztecProtocol/aztec-nr/v5.2.0-nightly.20260815/aztec/src/context/returns_hash.nr:30:33

bug: Brillig function call isn't properly covered by a manual constraint
    ┌─ /root/nargo/github.com/AztecProtocol/aztec-nr/v5.2.0-nightly.20260815/aztec/src/context/private_context.nr:561:38
    │
561 │         let is_revertible = unsafe { is_execution_in_revertible_phase(current_counter) };
    │                                      ------------------------------------------------- This Brillig call's inputs and its return values haven't been sufficiently constrained. This should be done to prevent potential soundness vulnerabilities
    │
    = Call stack:
      1: generate_private_external
              at /root/nargo/github.com/AztecProtocol/aztec-nr/v5.2.0-nightly.20260815/aztec/src/macros/internals_functions_generation/external/private.nr:105:53
      2: PrivateContext::in_revertible_phase
              at /root/nargo/github.com/AztecProtocol/aztec-nr/v5.2.0-nightly.20260815/aztec/src/context/private_context.nr:561:38

bug: Brillig function call isn't properly covered by a manual constraint
   ┌─ /root/nargo/github.com/AztecProtocol/aztec-nr/v5.2.0-nightly.20260815/aztec/src/oracle/get_contract_instance.nr:18:29
   │
18 │     let instance = unsafe { get_contract_instance_internal(address) };
   │                             --------------------------------------- This Brillig call's inputs and its return values haven't been sufficiently constrained. This should be done to prevent potential soundness vulnerabilities
   │
   = Call stack:
     1: generate_private_external
             at /root/nargo/github.com/AztecProtocol/aztec-nr/v5.2.0-nightly.20260815/aztec/src/macros/internals_functions_generation/external/private.nr:96:17
     2: assert_is_initialized_private
             at /root/nargo/github.com/AztecProtocol/aztec-nr/v5.2.0-nightly.20260815/aztec/src/macros/functions/initialization_utils.nr:114:20
     3: get_contract_instance
             at /root/nargo/github.com/AztecProtocol/aztec-nr/v5.2.0-nightly.20260815/aztec/src/oracle/get_contract_instance.nr:18:29

bug: Brillig function call isn't properly covered by a manual constraint
   ┌─ /root/nargo/github.com/AztecProtocol/aztec-nr/v5.2.0-nightly.20260815/aztec/src/nullifier/utils.nr:18:52
   │
18 │     let should_use_pending_read_request = unsafe { is_nullifier_pending(unsiloed_nullifier, contract_address) };
   │                                                    ---------------------------------------------------------- This Brillig call's inputs and its return values haven't been sufficiently constrained. This should be done to prevent potential soundness vulnerabilities
   │
   = Call stack:
     1: generate_private_external
             at /root/nargo/github.com/AztecProtocol/aztec-nr/v5.2.0-nightly.20260815/aztec/src/macros/internals_functions_generation/external/private.nr:96:17
     2: assert_is_initialized_private
             at /root/nargo/github.com/AztecProtocol/aztec-nr/v5.2.0-nightly.20260815/aztec/src/macros/functions/initialization_utils.nr:116:39
     3: compute_nullifier_existence_request
             at /root/nargo/github.com/AztecProtocol/aztec-nr/v5.2.0-nightly.20260815/aztec/src/nullifier/utils.nr:18:52

bug: Brillig function call isn't properly covered by a manual constraint
   ┌─ /root/nargo/github.com/AztecProtocol/aztec-nr/v5.2.0-nightly.20260815/aztec/src/messages/delivery/tag.nr:52:37
   │
52 │             let strategy = unsafe { resolve_tagging_strategy(sender, recipient, mode) };
   │                                     ------------------------------------------------- This Brillig call's inputs and its return values haven't been sufficiently constrained. This should be done to prevent potential soundness vulnerabilities
   │
   = Call stack:
      1: SealedAuction::claim_stake_after_closing
             at protocol/src/main.nr:453:9
      2: NoteMessage<Note>::deliver
             at /root/nargo/github.com/AztecProtocol/aztec-nr/v5.2.0-nightly.20260815/aztec/src/note/note_message.nr:55:9
      3: NoteMessage<Note>::deliver_to
             at /root/nargo/github.com/AztecProtocol/aztec-nr/v5.2.0-nightly.20260815/aztec/src/note/note_message.nr:82:9
      4: do_private_message_delivery
             at /root/nargo/github.com/AztecProtocol/aztec-nr/v5.2.0-nightly.20260815/aztec/src/messages/delivery/mod.nr:81:9
      5: do_onchain_private_message_delivery
             at /root/nargo/github.com/AztecProtocol/aztec-nr/v5.2.0-nightly.20260815/aztec/src/messages/delivery/mod.nr:122:19
      6: derive_log_tag
             at /root/nargo/github.com/AztecProtocol/aztec-nr/v5.2.0-nightly.20260815/aztec/src/messages/delivery/tag.nr:30:18
      7: Option<T>::map_or_else
             at std/option.nr:94:13
      8: derive_log_tag
             at /root/nargo/github.com/AztecProtocol/aztec-nr/v5.2.0-nightly.20260815/aztec/src/messages/delivery/tag.nr:31:12
      9: default_tag_secret_source
             at /root/nargo/github.com/AztecProtocol/aztec-nr/v5.2.0-nightly.20260815/aztec/src/messages/delivery/tag.nr:45:5
     10: existing_handshake_secrets_or_else
             at /root/nargo/github.com/AztecProtocol/aztec-nr/v5.2.0-nightly.20260815/aztec/src/messages/delivery/tag_derivation.nr:89:5
     11: Option<T>::map_or_else
             at std/option.nr:94:13
     12: default_tag_secret_source
             at /root/nargo/github.com/AztecProtocol/aztec-nr/v5.2.0-nightly.20260815/aztec/src/messages/delivery/tag.nr:52:37

bug: Brillig function call isn't properly covered by a manual constraint
    ┌─ /root/nargo/github.com/AztecProtocol/aztec-nr/v5.2.0-nightly.20260815/aztec/src/context/private_context.nr:829:36
    │
829 │             let request = unsafe { get_key_validation_request(pk_m_hash, key_index) };
    │                                    ------------------------------------------------ This Brillig call's inputs and its return values haven't been sufficiently constrained. This should be done to prevent potential soundness vulnerabilities
    │
    = Call stack:
      1: SealedAuction::claim_stake_after_closing
              at protocol/src/main.nr:448:20
      2: PrivateMutable<Note, &mut PrivateContext>::get_note
              at /root/nargo/github.com/AztecProtocol/aztec-nr/v5.2.0-nightly.20260815/aztec/src/state_vars/private_mutable.nr:294:9
      3: destroy_note
              at /root/nargo/github.com/AztecProtocol/aztec-nr/v5.2.0-nightly.20260815/aztec/src/note/lifecycle.nr:82:21
      4: generate_note_hash_trait_impl
              at /root/nargo/github.com/AztecProtocol/aztec-nr/v5.2.0-nightly.20260815/aztec/src/macros/notes.nr:91:30
      5: PrivateContext::request_nhk_app
              at /root/nargo/github.com/AztecProtocol/aztec-nr/v5.2.0-nightly.20260815/aztec/src/context/private_context.nr:758:9
      6: PrivateContext::request_sk_app
              at /root/nargo/github.com/AztecProtocol/aztec-nr/v5.2.0-nightly.20260815/aztec/src/context/private_context.nr:829:36

bug: Brillig function call isn't properly covered by a manual constraint
   ┌─ /root/nargo/github.com/AztecProtocol/aztec-nr/v5.2.0-nightly.20260815/aztec/src/messages/delivery/tag.nr:69:26
   │
69 │     let index = unsafe { get_next_tagging_index(secret, mode) };
   │                          ------------------------------------ This Brillig call's inputs and its return values haven't been sufficiently constrained. This should be done to prevent potential soundness vulnerabilities
   │
   = Call stack:
     1: SealedAuction::claim_stake_after_closing
             at protocol/src/main.nr:453:9
     2: NoteMessage<Note>::deliver
             at /root/nargo/github.com/AztecProtocol/aztec-nr/v5.2.0-nightly.20260815/aztec/src/note/note_message.nr:55:9
     3: NoteMessage<Note>::deliver_to
             at /root/nargo/github.com/AztecProtocol/aztec-nr/v5.2.0-nightly.20260815/aztec/src/note/note_message.nr:82:9
     4: do_private_message_delivery
             at /root/nargo/github.com/AztecProtocol/aztec-nr/v5.2.0-nightly.20260815/aztec/src/messages/delivery/mod.nr:81:9
     5: do_onchain_private_message_delivery
             at /root/nargo/github.com/AztecProtocol/aztec-nr/v5.2.0-nightly.20260815/aztec/src/messages/delivery/mod.nr:122:19
     6: derive_log_tag
             at /root/nargo/github.com/AztecProtocol/aztec-nr/v5.2.0-nightly.20260815/aztec/src/messages/delivery/tag.nr:34:5
     7: tag_with
             at /root/nargo/github.com/AztecProtocol/aztec-nr/v5.2.0-nightly.20260815/aztec/src/messages/delivery/tag.nr:69:26

bug: Brillig function call isn't properly covered by a manual constraint
   ┌─ /root/nargo/github.com/AztecProtocol/aztec-nr/v5.2.0-nightly.20260815/aztec/src/history/storage.nr:26:28
   │
26 │     let witness = unsafe { get_public_data_witness(block_header, public_data_tree_index) };
   │                            ------------------------------------------------------------- This Brillig call's inputs and its return values haven't been sufficiently constrained. This should be done to prevent potential soundness vulnerabilities
   │
   = Call stack:
     1: SealedAuction::claim_stake_after_closing
             at protocol/src/main.nr:444:23
     2: PublicImmutable<T, &mut PrivateContext>::read
             at /root/nargo/github.com/AztecProtocol/aztec-nr/v5.2.0-nightly.20260815/aztec/src/state_vars/public_immutable.nr:333:9
     3: WithHash<T, M>::historical_public_storage_read
             at /root/nargo/github.com/AztecProtocol/aztec-nr/v5.2.0-nightly.20260815/aztec/src/utils/with_hash.nr:67:20
     4: public_storage_historical_read
             at /root/nargo/github.com/AztecProtocol/aztec-nr/v5.2.0-nightly.20260815/aztec/src/history/storage.nr:26:28

bug: Input to Brillig function is in a separate subgraph to output
    ┌─ /root/nargo/github.com/AztecProtocol/aztec-nr/v5.2.0-nightly.20260815/aztec/src/state_vars/public_immutable.nr:328:41
    │
328 │         let nullifier_exists = unsafe { check_nullifier_exists(nullifier) };
    │                                         --------------------------------- There is no path from the output of this Brillig call to either return values or inputs of the circuit, which creates an independent subgraph. This is quite likely a soundness vulnerability
    │
    = Call stack:
      1: SealedAuction::claim_winning_bid
              at protocol/src/main.nr:329:23
      2: PublicImmutable<T, &mut PrivateContext>::read
              at /root/nargo/github.com/AztecProtocol/aztec-nr/v5.2.0-nightly.20260815/aztec/src/state_vars/public_immutable.nr:328:41

bug: Input to Brillig function is in a separate subgraph to output
     ┌─ /root/nargo/github.com/AztecProtocol/aztec-nr/v5.2.0-nightly.20260815/aztec/src/context/private_context.nr:1184:13
     │  
1184 │ ╭             call_private_function_internal(
1185 │ │                 contract_address,
1186 │ │                 function_selector,
1187 │ │                 args_hash,
1188 │ │                 start_side_effect_counter,
1189 │ │                 is_static_call,
1190 │ │             )
     │ ╰─────────────' There is no path from the output of this Brillig call to either return values or inputs of the circuit, which creates an independent subgraph. This is quite likely a soundness vulnerability
     │  
     = Call stack:
       1: SealedAuction::claim_winning_bid
               at protocol/src/main.nr:338:9
       2: ContractSelfPrivate<Storage, CallSelf, EnqueueSelf, CallSelfStatic, EnqueueSelfStatic, CallInternal, CallSelfUtility>::call
               at /root/nargo/github.com/AztecProtocol/aztec-nr/v5.2.0-nightly.20260815/aztec/src/contract_self/contract_self_private.nr:258:9
       3: PrivateCall<M, N, T>::call
               at /root/nargo/github.com/AztecProtocol/aztec-nr/v5.2.0-nightly.20260815/aztec/src/context/calls.nr:42:13
       4: PrivateContext::call_private_function_with_args_hash
               at /root/nargo/github.com/AztecProtocol/aztec-nr/v5.2.0-nightly.20260815/aztec/src/context/private_context.nr:1184:13

bug: Input to Brillig function is in a separate subgraph to output
    ┌─ /root/nargo/github.com/AztecProtocol/aztec-nr/v5.2.0-nightly.20260815/aztec/src/state_vars/public_immutable.nr:328:41
    │
328 │         let nullifier_exists = unsafe { check_nullifier_exists(nullifier) };
    │                                         --------------------------------- There is no path from the output of this Brillig call to either return values or inputs of the circuit, which creates an independent subgraph. This is quite likely a soundness vulnerability
    │
    = Call stack:
      1: SealedAuction::claim_winning_bid
              at protocol/src/main.nr:338:60
      2: PublicImmutable<T, &mut PrivateContext>::read
              at /root/nargo/github.com/AztecProtocol/aztec-nr/v5.2.0-nightly.20260815/aztec/src/state_vars/public_immutable.nr:328:41

bug: Input to Brillig function is in a separate subgraph to output
     ┌─ /root/nargo/github.com/AztecProtocol/aztec-nr/v5.2.0-nightly.20260815/aztec/src/context/private_context.nr:1184:13
     │  
1184 │ ╭             call_private_function_internal(
1185 │ │                 contract_address,
1186 │ │                 function_selector,
1187 │ │                 args_hash,
1188 │ │                 start_side_effect_counter,
1189 │ │                 is_static_call,
1190 │ │             )
     │ ╰─────────────' There is no path from the output of this Brillig call to either return values or inputs of the circuit, which creates an independent subgraph. This is quite likely a soundness vulnerability
     │  
     = Call stack:
       1: SealedAuction::claim_winning_bid
               at protocol/src/main.nr:337:9
       2: ContractSelfPrivate<Storage, CallSelf, EnqueueSelf, CallSelfStatic, EnqueueSelfStatic, CallInternal, CallSelfUtility>::call
               at /root/nargo/github.com/AztecProtocol/aztec-nr/v5.2.0-nightly.20260815/aztec/src/contract_self/contract_self_private.nr:258:9
       3: PrivateCall<M, N, T>::call
               at /root/nargo/github.com/AztecProtocol/aztec-nr/v5.2.0-nightly.20260815/aztec/src/context/calls.nr:42:13
       4: PrivateContext::call_private_function_with_args_hash
               at /root/nargo/github.com/AztecProtocol/aztec-nr/v5.2.0-nightly.20260815/aztec/src/context/private_context.nr:1184:13

bug: Brillig function call isn't properly covered by a manual constraint
   ┌─ /root/nargo/github.com/AztecProtocol/aztec-nr/v5.2.0-nightly.20260815/aztec/src/messages/delivery/tag.nr:52:37
   │
52 │             let strategy = unsafe { resolve_tagging_strategy(sender, recipient, mode) };
   │                                     ------------------------------------------------- This Brillig call's inputs and its return values haven't been sufficiently constrained. This should be done to prevent potential soundness vulnerabilities
   │
   = Call stack:
      1: SealedAuction::claim_winning_bid
             at protocol/src/main.nr:343:9
      2: NoteMessage<Note>::deliver
             at /root/nargo/github.com/AztecProtocol/aztec-nr/v5.2.0-nightly.20260815/aztec/src/note/note_message.nr:55:9
      3: NoteMessage<Note>::deliver_to
             at /root/nargo/github.com/AztecProtocol/aztec-nr/v5.2.0-nightly.20260815/aztec/src/note/note_message.nr:82:9
      4: do_private_message_delivery
             at /root/nargo/github.com/AztecProtocol/aztec-nr/v5.2.0-nightly.20260815/aztec/src/messages/delivery/mod.nr:81:9
      5: do_onchain_private_message_delivery
             at /root/nargo/github.com/AztecProtocol/aztec-nr/v5.2.0-nightly.20260815/aztec/src/messages/delivery/mod.nr:122:19
      6: derive_log_tag
             at /root/nargo/github.com/AztecProtocol/aztec-nr/v5.2.0-nightly.20260815/aztec/src/messages/delivery/tag.nr:30:18
      7: Option<T>::map_or_else
             at std/option.nr:94:13
      8: derive_log_tag
             at /root/nargo/github.com/AztecProtocol/aztec-nr/v5.2.0-nightly.20260815/aztec/src/messages/delivery/tag.nr:31:12
      9: default_tag_secret_source
             at /root/nargo/github.com/AztecProtocol/aztec-nr/v5.2.0-nightly.20260815/aztec/src/messages/delivery/tag.nr:45:5
     10: existing_handshake_secrets_or_else
             at /root/nargo/github.com/AztecProtocol/aztec-nr/v5.2.0-nightly.20260815/aztec/src/messages/delivery/tag_derivation.nr:89:5
     11: Option<T>::map_or_else
             at std/option.nr:94:13
     12: default_tag_secret_source
             at /root/nargo/github.com/AztecProtocol/aztec-nr/v5.2.0-nightly.20260815/aztec/src/messages/delivery/tag.nr:52:37

bug: Brillig function call isn't properly covered by a manual constraint
   ┌─ /root/nargo/github.com/AztecProtocol/aztec-nr/v5.2.0-nightly.20260815/aztec/src/messages/delivery/tag.nr:69:26
   │
69 │     let index = unsafe { get_next_tagging_index(secret, mode) };
   │                          ------------------------------------ This Brillig call's inputs and its return values haven't been sufficiently constrained. This should be done to prevent potential soundness vulnerabilities
   │
   = Call stack:
     1: SealedAuction::claim_winning_bid
             at protocol/src/main.nr:343:9
     2: NoteMessage<Note>::deliver
             at /root/nargo/github.com/AztecProtocol/aztec-nr/v5.2.0-nightly.20260815/aztec/src/note/note_message.nr:55:9
     3: NoteMessage<Note>::deliver_to
             at /root/nargo/github.com/AztecProtocol/aztec-nr/v5.2.0-nightly.20260815/aztec/src/note/note_message.nr:82:9
     4: do_private_message_delivery
             at /root/nargo/github.com/AztecProtocol/aztec-nr/v5.2.0-nightly.20260815/aztec/src/messages/delivery/mod.nr:81:9
     5: do_onchain_private_message_delivery
             at /root/nargo/github.com/AztecProtocol/aztec-nr/v5.2.0-nightly.20260815/aztec/src/messages/delivery/mod.nr:122:19
     6: derive_log_tag
             at /root/nargo/github.com/AztecProtocol/aztec-nr/v5.2.0-nightly.20260815/aztec/src/messages/delivery/tag.nr:34:5
     7: tag_with
             at /root/nargo/github.com/AztecProtocol/aztec-nr/v5.2.0-nightly.20260815/aztec/src/messages/delivery/tag.nr:69:26

bug: Brillig function call isn't properly covered by a manual constraint
    ┌─ /root/nargo/github.com/AztecProtocol/aztec-nr/v5.2.0-nightly.20260815/aztec/src/context/private_context.nr:829:36
    │
829 │             let request = unsafe { get_key_validation_request(pk_m_hash, key_index) };
    │                                    ------------------------------------------------ This Brillig call's inputs and its return values haven't been sufficiently constrained. This should be done to prevent potential soundness vulnerabilities
    │
    = Call stack:
      1: SealedAuction::claim_winning_bid
              at protocol/src/main.nr:332:20
      2: PrivateMutable<Note, &mut PrivateContext>::get_note
              at /root/nargo/github.com/AztecProtocol/aztec-nr/v5.2.0-nightly.20260815/aztec/src/state_vars/private_mutable.nr:294:9
      3: destroy_note
              at /root/nargo/github.com/AztecProtocol/aztec-nr/v5.2.0-nightly.20260815/aztec/src/note/lifecycle.nr:82:21
      4: generate_note_hash_trait_impl
              at /root/nargo/github.com/AztecProtocol/aztec-nr/v5.2.0-nightly.20260815/aztec/src/macros/notes.nr:91:30
      5: PrivateContext::request_nhk_app
              at /root/nargo/github.com/AztecProtocol/aztec-nr/v5.2.0-nightly.20260815/aztec/src/context/private_context.nr:758:9
      6: PrivateContext::request_sk_app
              at /root/nargo/github.com/AztecProtocol/aztec-nr/v5.2.0-nightly.20260815/aztec/src/context/private_context.nr:829:36

bug: Brillig function call isn't properly covered by a manual constraint
    ┌─ /root/nargo/github.com/AztecProtocol/aztec-nr/v5.2.0-nightly.20260815/aztec/src/context/private_context.nr:561:38
    │
561 │         let is_revertible = unsafe { is_execution_in_revertible_phase(current_counter) };
    │                                      ------------------------------------------------- This Brillig call's inputs and its return values haven't been sufficiently constrained. This should be done to prevent potential soundness vulnerabilities
    │
    = Call stack:
      1: generate_private_external
              at /root/nargo/github.com/AztecProtocol/aztec-nr/v5.2.0-nightly.20260815/aztec/src/macros/internals_functions_generation/external/private.nr:105:53
      2: PrivateContext::in_revertible_phase
              at /root/nargo/github.com/AztecProtocol/aztec-nr/v5.2.0-nightly.20260815/aztec/src/context/private_context.nr:561:38

bug: Brillig function call isn't properly covered by a manual constraint
    ┌─ /root/nargo/github.com/AztecProtocol/aztec-nr/v5.2.0-nightly.20260815/aztec/src/note/note_getter.nr:116:32
    │
116 │     let hinted_note = unsafe { view_note::<Note>(owner, storage_slot) };
    │                                -------------------------------------- This Brillig call's inputs and its return values haven't been sufficiently constrained. This should be done to prevent potential soundness vulnerabilities
    │
    = Call stack:
      1: SealedAuction::claim_winning_bid
              at protocol/src/main.nr:332:20
      2: PrivateMutable<Note, &mut PrivateContext>::get_note
              at /root/nargo/github.com/AztecProtocol/aztec-nr/v5.2.0-nightly.20260815/aztec/src/state_vars/private_mutable.nr:291:30
      3: get_note
              at /root/nargo/github.com/AztecProtocol/aztec-nr/v5.2.0-nightly.20260815/aztec/src/note/note_getter.nr:116:32

bug: Brillig function call isn't properly covered by a manual constraint
   ┌─ /root/nargo/github.com/AztecProtocol/aztec-nr/v5.2.0-nightly.20260815/aztec/src/nullifier/utils.nr:18:52
   │
18 │     let should_use_pending_read_request = unsafe { is_nullifier_pending(unsiloed_nullifier, contract_address) };
   │                                                    ---------------------------------------------------------- This Brillig call's inputs and its return values haven't been sufficiently constrained. This should be done to prevent potential soundness vulnerabilities
   │
   = Call stack:
     1: generate_private_external
             at /root/nargo/github.com/AztecProtocol/aztec-nr/v5.2.0-nightly.20260815/aztec/src/macros/internals_functions_generation/external/private.nr:96:17
     2: assert_is_initialized_private
             at /root/nargo/github.com/AztecProtocol/aztec-nr/v5.2.0-nightly.20260815/aztec/src/macros/functions/initialization_utils.nr:116:39
     3: compute_nullifier_existence_request
             at /root/nargo/github.com/AztecProtocol/aztec-nr/v5.2.0-nightly.20260815/aztec/src/nullifier/utils.nr:18:52

bug: Brillig function call isn't properly covered by a manual constraint
   ┌─ /root/nargo/github.com/AztecProtocol/aztec-nr/v5.2.0-nightly.20260815/aztec/src/note/lifecycle.nr:55:31
   │
55 │     let randomness = unsafe { random() };
   │                               -------- This Brillig call's inputs and its return values haven't been sufficiently constrained. This should be done to prevent potential soundness vulnerabilities
   │
   = Call stack:
     1: SealedAuction::claim_winning_bid
             at protocol/src/main.nr:332:20
     2: PrivateMutable<Note, &mut PrivateContext>::get_note
             at /root/nargo/github.com/AztecProtocol/aztec-nr/v5.2.0-nightly.20260815/aztec/src/state_vars/private_mutable.nr:298:9
     3: create_note
             at /root/nargo/github.com/AztecProtocol/aztec-nr/v5.2.0-nightly.20260815/aztec/src/note/lifecycle.nr:55:31

bug: Brillig function call isn't properly covered by a manual constraint
   ┌─ /root/nargo/github.com/AztecProtocol/aztec-nr/v5.2.0-nightly.20260815/aztec/src/keys/getters/mod.nr:27:51
   │
27 │     let (public_keys, partial_address) = unsafe { get_public_keys_and_partial_address(account) };
   │                                                   -------------------------------------------- This Brillig call's inputs and its return values haven't been sufficiently constrained. This should be done to prevent potential soundness vulnerabilities
   │
   = Call stack:
     1: SealedAuction::claim_winning_bid
             at protocol/src/main.nr:332:20
     2: PrivateMutable<Note, &mut PrivateContext>::get_note
             at /root/nargo/github.com/AztecProtocol/aztec-nr/v5.2.0-nightly.20260815/aztec/src/state_vars/private_mutable.nr:294:9
     3: destroy_note
             at /root/nargo/github.com/AztecProtocol/aztec-nr/v5.2.0-nightly.20260815/aztec/src/note/lifecycle.nr:82:21
     4: generate_note_hash_trait_impl
             at /root/nargo/github.com/AztecProtocol/aztec-nr/v5.2.0-nightly.20260815/aztec/src/macros/notes.nr:90:40
     5: get_public_keys
             at /root/nargo/github.com/AztecProtocol/aztec-nr/v5.2.0-nightly.20260815/aztec/src/keys/getters/mod.nr:27:51

bug: Brillig function call isn't properly covered by a manual constraint
   ┌─ /root/nargo/github.com/AztecProtocol/aztec-nr/v5.2.0-nightly.20260815/aztec/src/oracle/get_contract_instance.nr:18:29
   │
18 │     let instance = unsafe { get_contract_instance_internal(address) };
   │                             --------------------------------------- This Brillig call's inputs and its return values haven't been sufficiently constrained. This should be done to prevent potential soundness vulnerabilities
   │
   = Call stack:
     1: generate_private_external
             at /root/nargo/github.com/AztecProtocol/aztec-nr/v5.2.0-nightly.20260815/aztec/src/macros/internals_functions_generation/external/private.nr:96:17
     2: assert_is_initialized_private
             at /root/nargo/github.com/AztecProtocol/aztec-nr/v5.2.0-nightly.20260815/aztec/src/macros/functions/initialization_utils.nr:114:20
     3: get_contract_instance
             at /root/nargo/github.com/AztecProtocol/aztec-nr/v5.2.0-nightly.20260815/aztec/src/oracle/get_contract_instance.nr:18:29

bug: Brillig function call isn't properly covered by a manual constraint
   ┌─ /root/nargo/github.com/AztecProtocol/aztec-nr/v5.2.0-nightly.20260815/aztec/src/history/storage.nr:26:28
   │
26 │     let witness = unsafe { get_public_data_witness(block_header, public_data_tree_index) };
   │                            ------------------------------------------------------------- This Brillig call's inputs and its return values haven't been sufficiently constrained. This should be done to prevent potential soundness vulnerabilities
   │
   = Call stack:
     1: SealedAuction::claim_winning_bid
             at protocol/src/main.nr:329:23
     2: PublicImmutable<T, &mut PrivateContext>::read
             at /root/nargo/github.com/AztecProtocol/aztec-nr/v5.2.0-nightly.20260815/aztec/src/state_vars/public_immutable.nr:333:9
     3: WithHash<T, M>::historical_public_storage_read
             at /root/nargo/github.com/AztecProtocol/aztec-nr/v5.2.0-nightly.20260815/aztec/src/utils/with_hash.nr:67:20
     4: public_storage_historical_read
             at /root/nargo/github.com/AztecProtocol/aztec-nr/v5.2.0-nightly.20260815/aztec/src/history/storage.nr:26:28

bug: Brillig function call isn't properly covered by a manual constraint
   ┌─ /root/nargo/github.com/AztecProtocol/aztec-nr/v5.2.0-nightly.20260815/aztec/src/context/returns_hash.nr:30:33
   │
30 │         let preimage = unsafe { execution_cache::load(self.hash) };
   │                                 -------------------------------- This Brillig call's inputs and its return values haven't been sufficiently constrained. This should be done to prevent potential soundness vulnerabilities
   │
   = Call stack:
     1: SealedAuction::claim_winning_bid
             at protocol/src/main.nr:337:9
     2: ContractSelfPrivate<Storage, CallSelf, EnqueueSelf, CallSelfStatic, EnqueueSelfStatic, CallInternal, CallSelfUtility>::call
             at /root/nargo/github.com/AztecProtocol/aztec-nr/v5.2.0-nightly.20260815/aztec/src/contract_self/contract_self_private.nr:258:9
     3: PrivateCall<M, N, T>::call
             at /root/nargo/github.com/AztecProtocol/aztec-nr/v5.2.0-nightly.20260815/aztec/src/context/calls.nr:46:9
     4: ReturnsHash::get_preimage
             at /root/nargo/github.com/AztecProtocol/aztec-nr/v5.2.0-nightly.20260815/aztec/src/context/returns_hash.nr:30:33

bug: Brillig function call isn't properly covered by a manual constraint
   ┌─ /root/nargo/github.com/AztecProtocol/aztec-nr/v5.2.0-nightly.20260815/aztec/src/utils/remove_constraints.nr:19:13
   │
19 │             remove_constraints(f)
   │             --------------------- This Brillig call's inputs and its return values haven't been sufficiently constrained. This should be done to prevent potential soundness vulnerabilities
   │
   = Call stack:
     1: SealedAuction::claim_winning_bid
             at protocol/src/main.nr:343:9
     2: NoteMessage<Note>::deliver
             at /root/nargo/github.com/AztecProtocol/aztec-nr/v5.2.0-nightly.20260815/aztec/src/note/note_message.nr:55:9
     3: NoteMessage<Note>::deliver_to
             at /root/nargo/github.com/AztecProtocol/aztec-nr/v5.2.0-nightly.20260815/aztec/src/note/note_message.nr:82:9
     4: do_private_message_delivery
             at /root/nargo/github.com/AztecProtocol/aztec-nr/v5.2.0-nightly.20260815/aztec/src/messages/delivery/mod.nr:81:9
     5: do_onchain_private_message_delivery
             at /root/nargo/github.com/AztecProtocol/aztec-nr/v5.2.0-nightly.20260815/aztec/src/messages/delivery/mod.nr:117:22
     6: remove_constraints_if
             at /root/nargo/github.com/AztecProtocol/aztec-nr/v5.2.0-nightly.20260815/aztec/src/utils/remove_constraints.nr:19:13

bug: Brillig function call isn't properly covered by a manual constraint
   ┌─ /root/nargo/github.com/AztecProtocol/aztec-nr/v5.2.0-nightly.20260815/aztec/src/messages/delivery/tag_derivation.nr:88:18
   │
88 │         unsafe { get_existing_app_siloed_handshake_secrets(STANDARD_HANDSHAKE_REGISTRY_ADDRESS, sender, recipient) };
   │                  ------------------------------------------------------------------------------------------------- This Brillig call's inputs and its return values haven't been sufficiently constrained. This should be done to prevent potential soundness vulnerabilities
   │
   = Call stack:
      1: SealedAuction::claim_winning_bid
             at protocol/src/main.nr:343:9
      2: NoteMessage<Note>::deliver
             at /root/nargo/github.com/AztecProtocol/aztec-nr/v5.2.0-nightly.20260815/aztec/src/note/note_message.nr:55:9
      3: NoteMessage<Note>::deliver_to
             at /root/nargo/github.com/AztecProtocol/aztec-nr/v5.2.0-nightly.20260815/aztec/src/note/note_message.nr:82:9
      4: do_private_message_delivery
             at /root/nargo/github.com/AztecProtocol/aztec-nr/v5.2.0-nightly.20260815/aztec/src/messages/delivery/mod.nr:81:9
      5: do_onchain_private_message_delivery
             at /root/nargo/github.com/AztecProtocol/aztec-nr/v5.2.0-nightly.20260815/aztec/src/messages/delivery/mod.nr:122:19
      6: derive_log_tag
             at /root/nargo/github.com/AztecProtocol/aztec-nr/v5.2.0-nightly.20260815/aztec/src/messages/delivery/tag.nr:30:18
      7: Option<T>::map_or_else
             at std/option.nr:94:13
      8: derive_log_tag
             at /root/nargo/github.com/AztecProtocol/aztec-nr/v5.2.0-nightly.20260815/aztec/src/messages/delivery/tag.nr:31:12
      9: default_tag_secret_source
             at /root/nargo/github.com/AztecProtocol/aztec-nr/v5.2.0-nightly.20260815/aztec/src/messages/delivery/tag.nr:45:5
     10: existing_handshake_secrets_or_else
             at /root/nargo/github.com/AztecProtocol/aztec-nr/v5.2.0-nightly.20260815/aztec/src/messages/delivery/tag_derivation.nr:88:18

bug: Input to Brillig function is in a separate subgraph to output
    ┌─ /root/nargo/github.com/AztecProtocol/aztec-nr/v5.2.0-nightly.20260815/aztec/src/state_vars/public_immutable.nr:328:41
    │
328 │         let nullifier_exists = unsafe { check_nullifier_exists(nullifier) };
    │                                         --------------------------------- There is no path from the output of this Brillig call to either return values or inputs of the circuit, which creates an independent subgraph. This is quite likely a soundness vulnerability
    │
    = Call stack:
      1: SealedAuction::commit_bid
              at protocol/src/main.nr:174:23
      2: PublicImmutable<T, &mut PrivateContext>::read
              at /root/nargo/github.com/AztecProtocol/aztec-nr/v5.2.0-nightly.20260815/aztec/src/state_vars/public_immutable.nr:328:41

bug: Brillig function call isn't properly covered by a manual constraint
    ┌─ /root/nargo/github.com/AztecProtocol/aztec-nr/v5.2.0-nightly.20260815/aztec/src/context/private_context.nr:561:38
    │
561 │         let is_revertible = unsafe { is_execution_in_revertible_phase(current_counter) };
    │                                      ------------------------------------------------- This Brillig call's inputs and its return values haven't been sufficiently constrained. This should be done to prevent potential soundness vulnerabilities
    │
    = Call stack:
      1: generate_private_external
              at /root/nargo/github.com/AztecProtocol/aztec-nr/v5.2.0-nightly.20260815/aztec/src/macros/internals_functions_generation/external/private.nr:105:53
      2: PrivateContext::in_revertible_phase
              at /root/nargo/github.com/AztecProtocol/aztec-nr/v5.2.0-nightly.20260815/aztec/src/context/private_context.nr:561:38

bug: Brillig function call isn't properly covered by a manual constraint
    ┌─ /root/nargo/github.com/AztecProtocol/aztec-nr/v5.2.0-nightly.20260815/aztec/src/context/private_context.nr:829:36
    │
829 │             let request = unsafe { get_key_validation_request(pk_m_hash, key_index) };
    │                                    ------------------------------------------------ This Brillig call's inputs and its return values haven't been sufficiently constrained. This should be done to prevent potential soundness vulnerabilities
    │
    = Call stack:
      1: SealedAuction::commit_bid
              at protocol/src/main.nr:190:9
      2: PrivateMutable<Note, &mut PrivateContext>::initialize
              at /root/nargo/github.com/AztecProtocol/aztec-nr/v5.2.0-nightly.20260815/aztec/src/state_vars/private_mutable.nr:146:25
      3: PrivateMutable<Note, &mut PrivateContext>::get_initialization_nullifier
              at /root/nargo/github.com/AztecProtocol/aztec-nr/v5.2.0-nightly.20260815/aztec/src/state_vars/private_mutable.nr:108:22
      4: PrivateContext::request_nhk_app
              at /root/nargo/github.com/AztecProtocol/aztec-nr/v5.2.0-nightly.20260815/aztec/src/context/private_context.nr:758:9
      5: PrivateContext::request_sk_app
              at /root/nargo/github.com/AztecProtocol/aztec-nr/v5.2.0-nightly.20260815/aztec/src/context/private_context.nr:829:36

bug: Brillig function call isn't properly covered by a manual constraint
   ┌─ /root/nargo/github.com/AztecProtocol/aztec-nr/v5.2.0-nightly.20260815/aztec/src/history/storage.nr:26:28
   │
26 │     let witness = unsafe { get_public_data_witness(block_header, public_data_tree_index) };
   │                            ------------------------------------------------------------- This Brillig call's inputs and its return values haven't been sufficiently constrained. This should be done to prevent potential soundness vulnerabilities
   │
   = Call stack:
     1: SealedAuction::commit_bid
             at protocol/src/main.nr:174:23
     2: PublicImmutable<T, &mut PrivateContext>::read
             at /root/nargo/github.com/AztecProtocol/aztec-nr/v5.2.0-nightly.20260815/aztec/src/state_vars/public_immutable.nr:333:9
     3: WithHash<T, M>::historical_public_storage_read
             at /root/nargo/github.com/AztecProtocol/aztec-nr/v5.2.0-nightly.20260815/aztec/src/utils/with_hash.nr:67:20
     4: public_storage_historical_read
             at /root/nargo/github.com/AztecProtocol/aztec-nr/v5.2.0-nightly.20260815/aztec/src/history/storage.nr:26:28

bug: Brillig function call isn't properly covered by a manual constraint
   ┌─ /root/nargo/github.com/AztecProtocol/aztec-nr/v5.2.0-nightly.20260815/aztec/src/keys/getters/mod.nr:27:51
   │
27 │     let (public_keys, partial_address) = unsafe { get_public_keys_and_partial_address(account) };
   │                                                   -------------------------------------------- This Brillig call's inputs and its return values haven't been sufficiently constrained. This should be done to prevent potential soundness vulnerabilities
   │
   = Call stack:
     1: SealedAuction::commit_bid
             at protocol/src/main.nr:190:9
     2: PrivateMutable<Note, &mut PrivateContext>::initialize
             at /root/nargo/github.com/AztecProtocol/aztec-nr/v5.2.0-nightly.20260815/aztec/src/state_vars/private_mutable.nr:146:25
     3: PrivateMutable<Note, &mut PrivateContext>::get_initialization_nullifier
             at /root/nargo/github.com/AztecProtocol/aztec-nr/v5.2.0-nightly.20260815/aztec/src/state_vars/private_mutable.nr:107:32
     4: get_public_keys
             at /root/nargo/github.com/AztecProtocol/aztec-nr/v5.2.0-nightly.20260815/aztec/src/keys/getters/mod.nr:27:51

bug: Brillig function call isn't properly covered by a manual constraint
   ┌─ /root/nargo/github.com/AztecProtocol/aztec-nr/v5.2.0-nightly.20260815/aztec/src/note/lifecycle.nr:55:31
   │
55 │     let randomness = unsafe { random() };
   │                               -------- This Brillig call's inputs and its return values haven't been sufficiently constrained. This should be done to prevent potential soundness vulnerabilities
   │
   = Call stack:
     1: SealedAuction::commit_bid
             at protocol/src/main.nr:190:9
     2: PrivateMutable<Note, &mut PrivateContext>::initialize
             at /root/nargo/github.com/AztecProtocol/aztec-nr/v5.2.0-nightly.20260815/aztec/src/state_vars/private_mutable.nr:149:9
     3: create_note
             at /root/nargo/github.com/AztecProtocol/aztec-nr/v5.2.0-nightly.20260815/aztec/src/note/lifecycle.nr:55:31

bug: Brillig function call isn't properly covered by a manual constraint
     ┌─ /root/nargo/github.com/AztecProtocol/aztec-nr/v5.2.0-nightly.20260815/aztec/src/context/private_context.nr:1184:13
     │  
1184 │ ╭             call_private_function_internal(
1185 │ │                 contract_address,
1186 │ │                 function_selector,
1187 │ │                 args_hash,
1188 │ │                 start_side_effect_counter,
1189 │ │                 is_static_call,
1190 │ │             )
     │ ╰─────────────' This Brillig call's inputs and its return values haven't been sufficiently constrained. This should be done to prevent potential soundness vulnerabilities
     │  
     = Call stack:
        1: SealedAuction::commit_bid
               at protocol/src/main.nr:190:9
        2: NoteMessage<Note>::deliver
               at /root/nargo/github.com/AztecProtocol/aztec-nr/v5.2.0-nightly.20260815/aztec/src/note/note_message.nr:55:9
        3: NoteMessage<Note>::deliver_to
               at /root/nargo/github.com/AztecProtocol/aztec-nr/v5.2.0-nightly.20260815/aztec/src/note/note_message.nr:82:9
        4: do_private_message_delivery
               at /root/nargo/github.com/AztecProtocol/aztec-nr/v5.2.0-nightly.20260815/aztec/src/messages/delivery/mod.nr:81:9
        5: do_onchain_private_message_delivery
               at /root/nargo/github.com/AztecProtocol/aztec-nr/v5.2.0-nightly.20260815/aztec/src/messages/delivery/mod.nr:122:19
        6: derive_log_tag
               at /root/nargo/github.com/AztecProtocol/aztec-nr/v5.2.0-nightly.20260815/aztec/src/messages/delivery/tag.nr:30:18
        7: Option<T>::map_or_else
               at std/option.nr:94:13
        8: derive_log_tag
               at /root/nargo/github.com/AztecProtocol/aztec-nr/v5.2.0-nightly.20260815/aztec/src/messages/delivery/tag.nr:31:12
        9: default_tag_secret_source
               at /root/nargo/github.com/AztecProtocol/aztec-nr/v5.2.0-nightly.20260815/aztec/src/messages/delivery/tag.nr:45:5
       10: existing_handshake_secrets_or_else
               at /root/nargo/github.com/AztecProtocol/aztec-nr/v5.2.0-nightly.20260815/aztec/src/messages/delivery/tag_derivation.nr:89:5
       11: Option<T>::map_or_else
               at std/option.nr:94:13
       12: default_tag_secret_source
               at /root/nargo/github.com/AztecProtocol/aztec-nr/v5.2.0-nightly.20260815/aztec/src/messages/delivery/tag.nr:53:13
       13: ResolvedTaggingStrategy::into_tag_secret_source
               at /root/nargo/github.com/AztecProtocol/aztec-nr/v5.2.0-nightly.20260815/aztec/src/messages/delivery/resolved_tagging_strategy.nr:45:13
       14: TagSecretSource::new_non_interactive_handshake
               at /root/nargo/github.com/AztecProtocol/aztec-nr/v5.2.0-nightly.20260815/aztec/src/messages/delivery/tag_secret_source.nr:37:23
       15: create_non_interactive_handshake
               at /root/nargo/github.com/AztecProtocol/aztec-nr/v5.2.0-nightly.20260815/aztec/src/messages/delivery/handshake.nr:151:5
       16: PrivateContext::call_private_function
               at /root/nargo/github.com/AztecProtocol/aztec-nr/v5.2.0-nightly.20260815/aztec/src/context/private_context.nr:1082:9
       17: PrivateContext::call_private_function_with_args_hash
               at /root/nargo/github.com/AztecProtocol/aztec-nr/v5.2.0-nightly.20260815/aztec/src/context/private_context.nr:1184:13

bug: Brillig function call isn't properly covered by a manual constraint
   ┌─ /root/nargo/github.com/AztecProtocol/aztec-nr/v5.2.0-nightly.20260815/aztec/src/messages/delivery/tag_derivation.nr:88:18
   │
88 │         unsafe { get_existing_app_siloed_handshake_secrets(STANDARD_HANDSHAKE_REGISTRY_ADDRESS, sender, recipient) };
   │                  ------------------------------------------------------------------------------------------------- This Brillig call's inputs and its return values haven't been sufficiently constrained. This should be done to prevent potential soundness vulnerabilities
   │
   = Call stack:
      1: SealedAuction::commit_bid
             at protocol/src/main.nr:190:9
      2: NoteMessage<Note>::deliver
             at /root/nargo/github.com/AztecProtocol/aztec-nr/v5.2.0-nightly.20260815/aztec/src/note/note_message.nr:55:9
      3: NoteMessage<Note>::deliver_to
             at /root/nargo/github.com/AztecProtocol/aztec-nr/v5.2.0-nightly.20260815/aztec/src/note/note_message.nr:82:9
      4: do_private_message_delivery
             at /root/nargo/github.com/AztecProtocol/aztec-nr/v5.2.0-nightly.20260815/aztec/src/messages/delivery/mod.nr:81:9
      5: do_onchain_private_message_delivery
             at /root/nargo/github.com/AztecProtocol/aztec-nr/v5.2.0-nightly.20260815/aztec/src/messages/delivery/mod.nr:122:19
      6: derive_log_tag
             at /root/nargo/github.com/AztecProtocol/aztec-nr/v5.2.0-nightly.20260815/aztec/src/messages/delivery/tag.nr:30:18
      7: Option<T>::map_or_else
             at std/option.nr:94:13
      8: derive_log_tag
             at /root/nargo/github.com/AztecProtocol/aztec-nr/v5.2.0-nightly.20260815/aztec/src/messages/delivery/tag.nr:31:12
      9: default_tag_secret_source
             at /root/nargo/github.com/AztecProtocol/aztec-nr/v5.2.0-nightly.20260815/aztec/src/messages/delivery/tag.nr:45:5
     10: existing_handshake_secrets_or_else
             at /root/nargo/github.com/AztecProtocol/aztec-nr/v5.2.0-nightly.20260815/aztec/src/messages/delivery/tag_derivation.nr:88:18

bug: Brillig function call isn't properly covered by a manual constraint
   ┌─ /root/nargo/github.com/AztecProtocol/aztec-nr/v5.2.0-nightly.20260815/aztec/src/context/returns_hash.nr:30:33
   │
30 │         let preimage = unsafe { execution_cache::load(self.hash) };
   │                                 -------------------------------- This Brillig call's inputs and its return values haven't been sufficiently constrained. This should be done to prevent potential soundness vulnerabilities
   │
   = Call stack:
     1: SealedAuction::commit_bid
             at protocol/src/main.nr:193:9
     2: ContractSelfPrivate<Storage, CallSelf, EnqueueSelf, CallSelfStatic, EnqueueSelfStatic, CallInternal, CallSelfUtility>::call
             at /root/nargo/github.com/AztecProtocol/aztec-nr/v5.2.0-nightly.20260815/aztec/src/contract_self/contract_self_private.nr:258:9
     3: PrivateCall<M, N, T>::call
             at /root/nargo/github.com/AztecProtocol/aztec-nr/v5.2.0-nightly.20260815/aztec/src/context/calls.nr:46:9
     4: ReturnsHash::get_preimage
             at /root/nargo/github.com/AztecProtocol/aztec-nr/v5.2.0-nightly.20260815/aztec/src/context/returns_hash.nr:30:33

bug: Brillig function call isn't properly covered by a manual constraint
   ┌─ /root/nargo/github.com/AztecProtocol/aztec-nr/v5.2.0-nightly.20260815/aztec/src/messages/delivery/tag.nr:69:26
   │
69 │     let index = unsafe { get_next_tagging_index(secret, mode) };
   │                          ------------------------------------ This Brillig call's inputs and its return values haven't been sufficiently constrained. This should be done to prevent potential soundness vulnerabilities
   │
   = Call stack:
     1: SealedAuction::commit_bid
             at protocol/src/main.nr:190:9
     2: NoteMessage<Note>::deliver
             at /root/nargo/github.com/AztecProtocol/aztec-nr/v5.2.0-nightly.20260815/aztec/src/note/note_message.nr:55:9
     3: NoteMessage<Note>::deliver_to
             at /root/nargo/github.com/AztecProtocol/aztec-nr/v5.2.0-nightly.20260815/aztec/src/note/note_message.nr:82:9
     4: do_private_message_delivery
             at /root/nargo/github.com/AztecProtocol/aztec-nr/v5.2.0-nightly.20260815/aztec/src/messages/delivery/mod.nr:81:9
     5: do_onchain_private_message_delivery
             at /root/nargo/github.com/AztecProtocol/aztec-nr/v5.2.0-nightly.20260815/aztec/src/messages/delivery/mod.nr:122:19
     6: derive_log_tag
             at /root/nargo/github.com/AztecProtocol/aztec-nr/v5.2.0-nightly.20260815/aztec/src/messages/delivery/tag.nr:34:5
     7: tag_with
             at /root/nargo/github.com/AztecProtocol/aztec-nr/v5.2.0-nightly.20260815/aztec/src/messages/delivery/tag.nr:69:26

bug: Brillig function call isn't properly covered by a manual constraint
   ┌─ /root/nargo/github.com/AztecProtocol/aztec-nr/v5.2.0-nightly.20260815/aztec/src/utils/remove_constraints.nr:19:13
   │
19 │             remove_constraints(f)
   │             --------------------- This Brillig call's inputs and its return values haven't been sufficiently constrained. This should be done to prevent potential soundness vulnerabilities
   │
   = Call stack:
     1: SealedAuction::commit_bid
             at protocol/src/main.nr:190:9
     2: NoteMessage<Note>::deliver
             at /root/nargo/github.com/AztecProtocol/aztec-nr/v5.2.0-nightly.20260815/aztec/src/note/note_message.nr:55:9
     3: NoteMessage<Note>::deliver_to
             at /root/nargo/github.com/AztecProtocol/aztec-nr/v5.2.0-nightly.20260815/aztec/src/note/note_message.nr:82:9
     4: do_private_message_delivery
             at /root/nargo/github.com/AztecProtocol/aztec-nr/v5.2.0-nightly.20260815/aztec/src/messages/delivery/mod.nr:81:9
     5: do_onchain_private_message_delivery
             at /root/nargo/github.com/AztecProtocol/aztec-nr/v5.2.0-nightly.20260815/aztec/src/messages/delivery/mod.nr:117:22
     6: remove_constraints_if
             at /root/nargo/github.com/AztecProtocol/aztec-nr/v5.2.0-nightly.20260815/aztec/src/utils/remove_constraints.nr:19:13

bug: Brillig function call isn't properly covered by a manual constraint
   ┌─ /root/nargo/github.com/AztecProtocol/aztec-nr/v5.2.0-nightly.20260815/aztec/src/nullifier/utils.nr:18:52
   │
18 │     let should_use_pending_read_request = unsafe { is_nullifier_pending(unsiloed_nullifier, contract_address) };
   │                                                    ---------------------------------------------------------- This Brillig call's inputs and its return values haven't been sufficiently constrained. This should be done to prevent potential soundness vulnerabilities
   │
   = Call stack:
     1: generate_private_external
             at /root/nargo/github.com/AztecProtocol/aztec-nr/v5.2.0-nightly.20260815/aztec/src/macros/internals_functions_generation/external/private.nr:96:17
     2: assert_is_initialized_private
             at /root/nargo/github.com/AztecProtocol/aztec-nr/v5.2.0-nightly.20260815/aztec/src/macros/functions/initialization_utils.nr:116:39
     3: compute_nullifier_existence_request
             at /root/nargo/github.com/AztecProtocol/aztec-nr/v5.2.0-nightly.20260815/aztec/src/nullifier/utils.nr:18:52

bug: Brillig function call isn't properly covered by a manual constraint
   ┌─ /root/nargo/github.com/AztecProtocol/aztec-nr/v5.2.0-nightly.20260815/aztec/src/messages/delivery/tag.nr:52:37
   │
52 │             let strategy = unsafe { resolve_tagging_strategy(sender, recipient, mode) };
   │                                     ------------------------------------------------- This Brillig call's inputs and its return values haven't been sufficiently constrained. This should be done to prevent potential soundness vulnerabilities
   │
   = Call stack:
      1: SealedAuction::commit_bid
             at protocol/src/main.nr:190:9
      2: NoteMessage<Note>::deliver
             at /root/nargo/github.com/AztecProtocol/aztec-nr/v5.2.0-nightly.20260815/aztec/src/note/note_message.nr:55:9
      3: NoteMessage<Note>::deliver_to
             at /root/nargo/github.com/AztecProtocol/aztec-nr/v5.2.0-nightly.20260815/aztec/src/note/note_message.nr:82:9
      4: do_private_message_delivery
             at /root/nargo/github.com/AztecProtocol/aztec-nr/v5.2.0-nightly.20260815/aztec/src/messages/delivery/mod.nr:81:9
      5: do_onchain_private_message_delivery
             at /root/nargo/github.com/AztecProtocol/aztec-nr/v5.2.0-nightly.20260815/aztec/src/messages/delivery/mod.nr:122:19
      6: derive_log_tag
             at /root/nargo/github.com/AztecProtocol/aztec-nr/v5.2.0-nightly.20260815/aztec/src/messages/delivery/tag.nr:30:18
      7: Option<T>::map_or_else
             at std/option.nr:94:13
      8: derive_log_tag
             at /root/nargo/github.com/AztecProtocol/aztec-nr/v5.2.0-nightly.20260815/aztec/src/messages/delivery/tag.nr:31:12
      9: default_tag_secret_source
             at /root/nargo/github.com/AztecProtocol/aztec-nr/v5.2.0-nightly.20260815/aztec/src/messages/delivery/tag.nr:45:5
     10: existing_handshake_secrets_or_else
             at /root/nargo/github.com/AztecProtocol/aztec-nr/v5.2.0-nightly.20260815/aztec/src/messages/delivery/tag_derivation.nr:89:5
     11: Option<T>::map_or_else
             at std/option.nr:94:13
     12: default_tag_secret_source
             at /root/nargo/github.com/AztecProtocol/aztec-nr/v5.2.0-nightly.20260815/aztec/src/messages/delivery/tag.nr:52:37

bug: Brillig function call isn't properly covered by a manual constraint
   ┌─ /root/nargo/github.com/AztecProtocol/aztec-nr/v5.2.0-nightly.20260815/aztec/src/oracle/get_contract_instance.nr:18:29
   │
18 │     let instance = unsafe { get_contract_instance_internal(address) };
   │                             --------------------------------------- This Brillig call's inputs and its return values haven't been sufficiently constrained. This should be done to prevent potential soundness vulnerabilities
   │
   = Call stack:
     1: generate_private_external
             at /root/nargo/github.com/AztecProtocol/aztec-nr/v5.2.0-nightly.20260815/aztec/src/macros/internals_functions_generation/external/private.nr:96:17
     2: assert_is_initialized_private
             at /root/nargo/github.com/AztecProtocol/aztec-nr/v5.2.0-nightly.20260815/aztec/src/macros/functions/initialization_utils.nr:114:20
     3: get_contract_instance
             at /root/nargo/github.com/AztecProtocol/aztec-nr/v5.2.0-nightly.20260815/aztec/src/oracle/get_contract_instance.nr:18:29

bug: Input to Brillig function is in a separate subgraph to output
    ┌─ /root/nargo/github.com/AztecProtocol/aztec-nr/v5.2.0-nightly.20260815/aztec/src/state_vars/public_immutable.nr:328:41
    │
328 │         let nullifier_exists = unsafe { check_nullifier_exists(nullifier) };
    │                                         --------------------------------- There is no path from the output of this Brillig call to either return values or inputs of the circuit, which creates an independent subgraph. This is quite likely a soundness vulnerability
    │
    = Call stack:
      1: SealedAuction::reveal_bid
              at protocol/src/main.nr:221:23
      2: PublicImmutable<T, &mut PrivateContext>::read
              at /root/nargo/github.com/AztecProtocol/aztec-nr/v5.2.0-nightly.20260815/aztec/src/state_vars/public_immutable.nr:328:41

bug: Brillig function call isn't properly covered by a manual constraint
    ┌─ /root/nargo/github.com/AztecProtocol/aztec-nr/v5.2.0-nightly.20260815/aztec/src/context/private_context.nr:561:38
    │
561 │         let is_revertible = unsafe { is_execution_in_revertible_phase(current_counter) };
    │                                      ------------------------------------------------- This Brillig call's inputs and its return values haven't been sufficiently constrained. This should be done to prevent potential soundness vulnerabilities
    │
    = Call stack:
      1: generate_private_external
              at /root/nargo/github.com/AztecProtocol/aztec-nr/v5.2.0-nightly.20260815/aztec/src/macros/internals_functions_generation/external/private.nr:105:53
      2: PrivateContext::in_revertible_phase
              at /root/nargo/github.com/AztecProtocol/aztec-nr/v5.2.0-nightly.20260815/aztec/src/context/private_context.nr:561:38

bug: Brillig function call isn't properly covered by a manual constraint
   ┌─ /root/nargo/github.com/AztecProtocol/aztec-nr/v5.2.0-nightly.20260815/aztec/src/note/lifecycle.nr:55:31
   │
55 │     let randomness = unsafe { random() };
   │                               -------- This Brillig call's inputs and its return values haven't been sufficiently constrained. This should be done to prevent potential soundness vulnerabilities
   │
   = Call stack:
     1: SealedAuction::reveal_bid
             at protocol/src/main.nr:228:20
     2: PrivateMutable<Note, &mut PrivateContext>::get_note
             at /root/nargo/github.com/AztecProtocol/aztec-nr/v5.2.0-nightly.20260815/aztec/src/state_vars/private_mutable.nr:298:9
     3: create_note
             at /root/nargo/github.com/AztecProtocol/aztec-nr/v5.2.0-nightly.20260815/aztec/src/note/lifecycle.nr:55:31

bug: Brillig function call isn't properly covered by a manual constraint
    ┌─ /root/nargo/github.com/AztecProtocol/aztec-nr/v5.2.0-nightly.20260815/aztec/src/note/note_getter.nr:116:32
    │
116 │     let hinted_note = unsafe { view_note::<Note>(owner, storage_slot) };
    │                                -------------------------------------- This Brillig call's inputs and its return values haven't been sufficiently constrained. This should be done to prevent potential soundness vulnerabilities
    │
    = Call stack:
      1: SealedAuction::reveal_bid
              at protocol/src/main.nr:228:20
      2: PrivateMutable<Note, &mut PrivateContext>::get_note
              at /root/nargo/github.com/AztecProtocol/aztec-nr/v5.2.0-nightly.20260815/aztec/src/state_vars/private_mutable.nr:291:30
      3: get_note
              at /root/nargo/github.com/AztecProtocol/aztec-nr/v5.2.0-nightly.20260815/aztec/src/note/note_getter.nr:116:32

bug: Brillig function call isn't properly covered by a manual constraint
   ┌─ /root/nargo/github.com/AztecProtocol/aztec-nr/v5.2.0-nightly.20260815/aztec/src/utils/remove_constraints.nr:19:13
   │
19 │             remove_constraints(f)
   │             --------------------- This Brillig call's inputs and its return values haven't been sufficiently constrained. This should be done to prevent potential soundness vulnerabilities
   │
   = Call stack:
     1: SealedAuction::reveal_bid
             at protocol/src/main.nr:235:9
     2: NoteMessage<Note>::deliver
             at /root/nargo/github.com/AztecProtocol/aztec-nr/v5.2.0-nightly.20260815/aztec/src/note/note_message.nr:55:9
     3: NoteMessage<Note>::deliver_to
             at /root/nargo/github.com/AztecProtocol/aztec-nr/v5.2.0-nightly.20260815/aztec/src/note/note_message.nr:82:9
     4: do_private_message_delivery
             at /root/nargo/github.com/AztecProtocol/aztec-nr/v5.2.0-nightly.20260815/aztec/src/messages/delivery/mod.nr:81:9
     5: do_onchain_private_message_delivery
             at /root/nargo/github.com/AztecProtocol/aztec-nr/v5.2.0-nightly.20260815/aztec/src/messages/delivery/mod.nr:117:22
     6: remove_constraints_if
             at /root/nargo/github.com/AztecProtocol/aztec-nr/v5.2.0-nightly.20260815/aztec/src/utils/remove_constraints.nr:19:13

bug: Brillig function call isn't properly covered by a manual constraint
   ┌─ /root/nargo/github.com/AztecProtocol/aztec-nr/v5.2.0-nightly.20260815/aztec/src/keys/getters/mod.nr:27:51
   │
27 │     let (public_keys, partial_address) = unsafe { get_public_keys_and_partial_address(account) };
   │                                                   -------------------------------------------- This Brillig call's inputs and its return values haven't been sufficiently constrained. This should be done to prevent potential soundness vulnerabilities
   │
   = Call stack:
     1: SealedAuction::reveal_bid
             at protocol/src/main.nr:228:20
     2: PrivateMutable<Note, &mut PrivateContext>::get_note
             at /root/nargo/github.com/AztecProtocol/aztec-nr/v5.2.0-nightly.20260815/aztec/src/state_vars/private_mutable.nr:294:9
     3: destroy_note
             at /root/nargo/github.com/AztecProtocol/aztec-nr/v5.2.0-nightly.20260815/aztec/src/note/lifecycle.nr:82:21
     4: generate_note_hash_trait_impl
             at /root/nargo/github.com/AztecProtocol/aztec-nr/v5.2.0-nightly.20260815/aztec/src/macros/notes.nr:90:40
     5: get_public_keys
             at /root/nargo/github.com/AztecProtocol/aztec-nr/v5.2.0-nightly.20260815/aztec/src/keys/getters/mod.nr:27:51

bug: Brillig function call isn't properly covered by a manual constraint
     ┌─ /root/nargo/github.com/AztecProtocol/aztec-nr/v5.2.0-nightly.20260815/aztec/src/context/private_context.nr:1184:13
     │  
1184 │ ╭             call_private_function_internal(
1185 │ │                 contract_address,
1186 │ │                 function_selector,
1187 │ │                 args_hash,
1188 │ │                 start_side_effect_counter,
1189 │ │                 is_static_call,
1190 │ │             )
     │ ╰─────────────' This Brillig call's inputs and its return values haven't been sufficiently constrained. This should be done to prevent potential soundness vulnerabilities
     │  
     = Call stack:
        1: SealedAuction::reveal_bid
               at protocol/src/main.nr:235:9
        2: NoteMessage<Note>::deliver
               at /root/nargo/github.com/AztecProtocol/aztec-nr/v5.2.0-nightly.20260815/aztec/src/note/note_message.nr:55:9
        3: NoteMessage<Note>::deliver_to
               at /root/nargo/github.com/AztecProtocol/aztec-nr/v5.2.0-nightly.20260815/aztec/src/note/note_message.nr:82:9
        4: do_private_message_delivery
               at /root/nargo/github.com/AztecProtocol/aztec-nr/v5.2.0-nightly.20260815/aztec/src/messages/delivery/mod.nr:81:9
        5: do_onchain_private_message_delivery
               at /root/nargo/github.com/AztecProtocol/aztec-nr/v5.2.0-nightly.20260815/aztec/src/messages/delivery/mod.nr:122:19
        6: derive_log_tag
               at /root/nargo/github.com/AztecProtocol/aztec-nr/v5.2.0-nightly.20260815/aztec/src/messages/delivery/tag.nr:30:18
        7: Option<T>::map_or_else
               at std/option.nr:94:13
        8: derive_log_tag
               at /root/nargo/github.com/AztecProtocol/aztec-nr/v5.2.0-nightly.20260815/aztec/src/messages/delivery/tag.nr:31:12
        9: default_tag_secret_source
               at /root/nargo/github.com/AztecProtocol/aztec-nr/v5.2.0-nightly.20260815/aztec/src/messages/delivery/tag.nr:45:5
       10: existing_handshake_secrets_or_else
               at /root/nargo/github.com/AztecProtocol/aztec-nr/v5.2.0-nightly.20260815/aztec/src/messages/delivery/tag_derivation.nr:89:5
       11: Option<T>::map_or_else
               at std/option.nr:94:13
       12: default_tag_secret_source
               at /root/nargo/github.com/AztecProtocol/aztec-nr/v5.2.0-nightly.20260815/aztec/src/messages/delivery/tag.nr:53:13
       13: ResolvedTaggingStrategy::into_tag_secret_source
               at /root/nargo/github.com/AztecProtocol/aztec-nr/v5.2.0-nightly.20260815/aztec/src/messages/delivery/resolved_tagging_strategy.nr:45:13
       14: TagSecretSource::new_non_interactive_handshake
               at /root/nargo/github.com/AztecProtocol/aztec-nr/v5.2.0-nightly.20260815/aztec/src/messages/delivery/tag_secret_source.nr:37:23
       15: create_non_interactive_handshake
               at /root/nargo/github.com/AztecProtocol/aztec-nr/v5.2.0-nightly.20260815/aztec/src/messages/delivery/handshake.nr:151:5
       16: PrivateContext::call_private_function
               at /root/nargo/github.com/AztecProtocol/aztec-nr/v5.2.0-nightly.20260815/aztec/src/context/private_context.nr:1082:9
       17: PrivateContext::call_private_function_with_args_hash
               at /root/nargo/github.com/AztecProtocol/aztec-nr/v5.2.0-nightly.20260815/aztec/src/context/private_context.nr:1184:13

bug: Brillig function call isn't properly covered by a manual constraint
   ┌─ /root/nargo/github.com/AztecProtocol/aztec-nr/v5.2.0-nightly.20260815/aztec/src/messages/delivery/tag.nr:69:26
   │
69 │     let index = unsafe { get_next_tagging_index(secret, mode) };
   │                          ------------------------------------ This Brillig call's inputs and its return values haven't been sufficiently constrained. This should be done to prevent potential soundness vulnerabilities
   │
   = Call stack:
     1: SealedAuction::reveal_bid
             at protocol/src/main.nr:235:9
     2: NoteMessage<Note>::deliver
             at /root/nargo/github.com/AztecProtocol/aztec-nr/v5.2.0-nightly.20260815/aztec/src/note/note_message.nr:55:9
     3: NoteMessage<Note>::deliver_to
             at /root/nargo/github.com/AztecProtocol/aztec-nr/v5.2.0-nightly.20260815/aztec/src/note/note_message.nr:82:9
     4: do_private_message_delivery
             at /root/nargo/github.com/AztecProtocol/aztec-nr/v5.2.0-nightly.20260815/aztec/src/messages/delivery/mod.nr:81:9
     5: do_onchain_private_message_delivery
             at /root/nargo/github.com/AztecProtocol/aztec-nr/v5.2.0-nightly.20260815/aztec/src/messages/delivery/mod.nr:122:19
     6: derive_log_tag
             at /root/nargo/github.com/AztecProtocol/aztec-nr/v5.2.0-nightly.20260815/aztec/src/messages/delivery/tag.nr:34:5
     7: tag_with
             at /root/nargo/github.com/AztecProtocol/aztec-nr/v5.2.0-nightly.20260815/aztec/src/messages/delivery/tag.nr:69:26

bug: Brillig function call isn't properly covered by a manual constraint
   ┌─ /root/nargo/github.com/AztecProtocol/aztec-nr/v5.2.0-nightly.20260815/aztec/src/messages/delivery/tag.nr:52:37
   │
52 │             let strategy = unsafe { resolve_tagging_strategy(sender, recipient, mode) };
   │                                     ------------------------------------------------- This Brillig call's inputs and its return values haven't been sufficiently constrained. This should be done to prevent potential soundness vulnerabilities
   │
   = Call stack:
      1: SealedAuction::reveal_bid
             at protocol/src/main.nr:235:9
      2: NoteMessage<Note>::deliver
             at /root/nargo/github.com/AztecProtocol/aztec-nr/v5.2.0-nightly.20260815/aztec/src/note/note_message.nr:55:9
      3: NoteMessage<Note>::deliver_to
             at /root/nargo/github.com/AztecProtocol/aztec-nr/v5.2.0-nightly.20260815/aztec/src/note/note_message.nr:82:9
      4: do_private_message_delivery
             at /root/nargo/github.com/AztecProtocol/aztec-nr/v5.2.0-nightly.20260815/aztec/src/messages/delivery/mod.nr:81:9
      5: do_onchain_private_message_delivery
             at /root/nargo/github.com/AztecProtocol/aztec-nr/v5.2.0-nightly.20260815/aztec/src/messages/delivery/mod.nr:122:19
      6: derive_log_tag
             at /root/nargo/github.com/AztecProtocol/aztec-nr/v5.2.0-nightly.20260815/aztec/src/messages/delivery/tag.nr:30:18
      7: Option<T>::map_or_else
             at std/option.nr:94:13
      8: derive_log_tag
             at /root/nargo/github.com/AztecProtocol/aztec-nr/v5.2.0-nightly.20260815/aztec/src/messages/delivery/tag.nr:31:12
      9: default_tag_secret_source
             at /root/nargo/github.com/AztecProtocol/aztec-nr/v5.2.0-nightly.20260815/aztec/src/messages/delivery/tag.nr:45:5
     10: existing_handshake_secrets_or_else
             at /root/nargo/github.com/AztecProtocol/aztec-nr/v5.2.0-nightly.20260815/aztec/src/messages/delivery/tag_derivation.nr:89:5
     11: Option<T>::map_or_else
             at std/option.nr:94:13
     12: default_tag_secret_source
             at /root/nargo/github.com/AztecProtocol/aztec-nr/v5.2.0-nightly.20260815/aztec/src/messages/delivery/tag.nr:52:37

bug: Brillig function call isn't properly covered by a manual constraint
   ┌─ /root/nargo/github.com/AztecProtocol/aztec-nr/v5.2.0-nightly.20260815/aztec/src/nullifier/utils.nr:18:52
   │
18 │     let should_use_pending_read_request = unsafe { is_nullifier_pending(unsiloed_nullifier, contract_address) };
   │                                                    ---------------------------------------------------------- This Brillig call's inputs and its return values haven't been sufficiently constrained. This should be done to prevent potential soundness vulnerabilities
   │
   = Call stack:
     1: generate_private_external
             at /root/nargo/github.com/AztecProtocol/aztec-nr/v5.2.0-nightly.20260815/aztec/src/macros/internals_functions_generation/external/private.nr:96:17
     2: assert_is_initialized_private
             at /root/nargo/github.com/AztecProtocol/aztec-nr/v5.2.0-nightly.20260815/aztec/src/macros/functions/initialization_utils.nr:116:39
     3: compute_nullifier_existence_request
             at /root/nargo/github.com/AztecProtocol/aztec-nr/v5.2.0-nightly.20260815/aztec/src/nullifier/utils.nr:18:52

bug: Brillig function call isn't properly covered by a manual constraint
   ┌─ /root/nargo/github.com/AztecProtocol/aztec-nr/v5.2.0-nightly.20260815/aztec/src/history/storage.nr:26:28
   │
26 │     let witness = unsafe { get_public_data_witness(block_header, public_data_tree_index) };
   │                            ------------------------------------------------------------- This Brillig call's inputs and its return values haven't been sufficiently constrained. This should be done to prevent potential soundness vulnerabilities
   │
   = Call stack:
     1: SealedAuction::reveal_bid
             at protocol/src/main.nr:221:23
     2: PublicImmutable<T, &mut PrivateContext>::read
             at /root/nargo/github.com/AztecProtocol/aztec-nr/v5.2.0-nightly.20260815/aztec/src/state_vars/public_immutable.nr:333:9
     3: WithHash<T, M>::historical_public_storage_read
             at /root/nargo/github.com/AztecProtocol/aztec-nr/v5.2.0-nightly.20260815/aztec/src/utils/with_hash.nr:67:20
     4: public_storage_historical_read
             at /root/nargo/github.com/AztecProtocol/aztec-nr/v5.2.0-nightly.20260815/aztec/src/history/storage.nr:26:28

bug: Brillig function call isn't properly covered by a manual constraint
   ┌─ /root/nargo/github.com/AztecProtocol/aztec-nr/v5.2.0-nightly.20260815/aztec/src/messages/delivery/tag_derivation.nr:88:18
   │
88 │         unsafe { get_existing_app_siloed_handshake_secrets(STANDARD_HANDSHAKE_REGISTRY_ADDRESS, sender, recipient) };
   │                  ------------------------------------------------------------------------------------------------- This Brillig call's inputs and its return values haven't been sufficiently constrained. This should be done to prevent potential soundness vulnerabilities
   │
   = Call stack:
      1: SealedAuction::reveal_bid
             at protocol/src/main.nr:235:9
      2: NoteMessage<Note>::deliver
             at /root/nargo/github.com/AztecProtocol/aztec-nr/v5.2.0-nightly.20260815/aztec/src/note/note_message.nr:55:9
      3: NoteMessage<Note>::deliver_to
             at /root/nargo/github.com/AztecProtocol/aztec-nr/v5.2.0-nightly.20260815/aztec/src/note/note_message.nr:82:9
      4: do_private_message_delivery
             at /root/nargo/github.com/AztecProtocol/aztec-nr/v5.2.0-nightly.20260815/aztec/src/messages/delivery/mod.nr:81:9
      5: do_onchain_private_message_delivery
             at /root/nargo/github.com/AztecProtocol/aztec-nr/v5.2.0-nightly.20260815/aztec/src/messages/delivery/mod.nr:122:19
      6: derive_log_tag
             at /root/nargo/github.com/AztecProtocol/aztec-nr/v5.2.0-nightly.20260815/aztec/src/messages/delivery/tag.nr:30:18
      7: Option<T>::map_or_else
             at std/option.nr:94:13
      8: derive_log_tag
             at /root/nargo/github.com/AztecProtocol/aztec-nr/v5.2.0-nightly.20260815/aztec/src/messages/delivery/tag.nr:31:12
      9: default_tag_secret_source
             at /root/nargo/github.com/AztecProtocol/aztec-nr/v5.2.0-nightly.20260815/aztec/src/messages/delivery/tag.nr:45:5
     10: existing_handshake_secrets_or_else
             at /root/nargo/github.com/AztecProtocol/aztec-nr/v5.2.0-nightly.20260815/aztec/src/messages/delivery/tag_derivation.nr:88:18

bug: Brillig function call isn't properly covered by a manual constraint
   ┌─ /root/nargo/github.com/AztecProtocol/aztec-nr/v5.2.0-nightly.20260815/aztec/src/oracle/get_contract_instance.nr:18:29
   │
18 │     let instance = unsafe { get_contract_instance_internal(address) };
   │                             --------------------------------------- This Brillig call's inputs and its return values haven't been sufficiently constrained. This should be done to prevent potential soundness vulnerabilities
   │
   = Call stack:
     1: generate_private_external
             at /root/nargo/github.com/AztecProtocol/aztec-nr/v5.2.0-nightly.20260815/aztec/src/macros/internals_functions_generation/external/private.nr:96:17
     2: assert_is_initialized_private
             at /root/nargo/github.com/AztecProtocol/aztec-nr/v5.2.0-nightly.20260815/aztec/src/macros/functions/initialization_utils.nr:114:20
     3: get_contract_instance
             at /root/nargo/github.com/AztecProtocol/aztec-nr/v5.2.0-nightly.20260815/aztec/src/oracle/get_contract_instance.nr:18:29

bug: Brillig function call isn't properly covered by a manual constraint
    ┌─ /root/nargo/github.com/AztecProtocol/aztec-nr/v5.2.0-nightly.20260815/aztec/src/context/private_context.nr:829:36
    │
829 │             let request = unsafe { get_key_validation_request(pk_m_hash, key_index) };
    │                                    ------------------------------------------------ This Brillig call's inputs and its return values haven't been sufficiently constrained. This should be done to prevent potential soundness vulnerabilities
    │
    = Call stack:
      1: SealedAuction::reveal_bid
              at protocol/src/main.nr:228:20
      2: PrivateMutable<Note, &mut PrivateContext>::get_note
              at /root/nargo/github.com/AztecProtocol/aztec-nr/v5.2.0-nightly.20260815/aztec/src/state_vars/private_mutable.nr:294:9
      3: destroy_note
              at /root/nargo/github.com/AztecProtocol/aztec-nr/v5.2.0-nightly.20260815/aztec/src/note/lifecycle.nr:82:21
      4: generate_note_hash_trait_impl
              at /root/nargo/github.com/AztecProtocol/aztec-nr/v5.2.0-nightly.20260815/aztec/src/macros/notes.nr:91:30
      5: PrivateContext::request_nhk_app
              at /root/nargo/github.com/AztecProtocol/aztec-nr/v5.2.0-nightly.20260815/aztec/src/context/private_context.nr:758:9
      6: PrivateContext::request_sk_app
              at /root/nargo/github.com/AztecProtocol/aztec-nr/v5.2.0-nightly.20260815/aztec/src/context/private_context.nr:829:36

bug: Brillig function call isn't properly covered by a manual constraint
   ┌─ /root/nargo/github.com/AztecProtocol/aztec-nr/v5.2.0-nightly.20260815/aztec/src/messages/delivery/tag.nr:69:26
   │
69 │     let index = unsafe { get_next_tagging_index(secret, mode) };
   │                          ------------------------------------ This Brillig call's inputs and its return values haven't been sufficiently constrained. This should be done to prevent potential soundness vulnerabilities
   │
   = Call stack:
     1: PrivateToken::faucet
             at private_token/src/main.nr:25:9
     2: MaybeNoteMessage<Note>::deliver
             at /root/nargo/github.com/AztecProtocol/aztec-nr/v5.2.0-nightly.20260815/aztec/src/note/note_message.nr:145:13
     3: NoteMessage<Note>::deliver
             at /root/nargo/github.com/AztecProtocol/aztec-nr/v5.2.0-nightly.20260815/aztec/src/note/note_message.nr:55:9
     4: NoteMessage<Note>::deliver_to
             at /root/nargo/github.com/AztecProtocol/aztec-nr/v5.2.0-nightly.20260815/aztec/src/note/note_message.nr:82:9
     5: do_private_message_delivery
             at /root/nargo/github.com/AztecProtocol/aztec-nr/v5.2.0-nightly.20260815/aztec/src/messages/delivery/mod.nr:81:9
     6: do_onchain_private_message_delivery
             at /root/nargo/github.com/AztecProtocol/aztec-nr/v5.2.0-nightly.20260815/aztec/src/messages/delivery/mod.nr:122:19
     7: derive_log_tag
             at /root/nargo/github.com/AztecProtocol/aztec-nr/v5.2.0-nightly.20260815/aztec/src/messages/delivery/tag.nr:34:5
     8: tag_with
             at /root/nargo/github.com/AztecProtocol/aztec-nr/v5.2.0-nightly.20260815/aztec/src/messages/delivery/tag.nr:69:26

bug: Brillig function call isn't properly covered by a manual constraint
   ┌─ /root/nargo/github.com/AztecProtocol/aztec-nr/v5.2.0-nightly.20260815/aztec/src/note/lifecycle.nr:55:31
   │
55 │     let randomness = unsafe { random() };
   │                               -------- This Brillig call's inputs and its return values haven't been sufficiently constrained. This should be done to prevent potential soundness vulnerabilities
   │
   = Call stack:
     1: PrivateToken::faucet
             at private_token/src/main.nr:25:9
     2: BalanceSet<&mut PrivateContext>::add
             at /root/nargo/github.com/AztecProtocol/aztec-nr/v5.2.0-nightly.20260815/balance-set/src/balance_set.nr:56:26
     3: PrivateSet<Note, &mut PrivateContext>::insert
             at /root/nargo/github.com/AztecProtocol/aztec-nr/v5.2.0-nightly.20260815/aztec/src/state_vars/private_set.nr:159:9
     4: create_note
             at /root/nargo/github.com/AztecProtocol/aztec-nr/v5.2.0-nightly.20260815/aztec/src/note/lifecycle.nr:55:31

bug: Brillig function call isn't properly covered by a manual constraint
     ┌─ /root/nargo/github.com/AztecProtocol/aztec-nr/v5.2.0-nightly.20260815/aztec/src/context/private_context.nr:1184:13
     │  
1184 │ ╭             call_private_function_internal(
1185 │ │                 contract_address,
1186 │ │                 function_selector,
1187 │ │                 args_hash,
1188 │ │                 start_side_effect_counter,
1189 │ │                 is_static_call,
1190 │ │             )
     │ ╰─────────────' This Brillig call's inputs and its return values haven't been sufficiently constrained. This should be done to prevent potential soundness vulnerabilities
     │  
     = Call stack:
        1: PrivateToken::faucet
               at private_token/src/main.nr:25:9
        2: MaybeNoteMessage<Note>::deliver
               at /root/nargo/github.com/AztecProtocol/aztec-nr/v5.2.0-nightly.20260815/aztec/src/note/note_message.nr:145:13
        3: NoteMessage<Note>::deliver
               at /root/nargo/github.com/AztecProtocol/aztec-nr/v5.2.0-nightly.20260815/aztec/src/note/note_message.nr:55:9
        4: NoteMessage<Note>::deliver_to
               at /root/nargo/github.com/AztecProtocol/aztec-nr/v5.2.0-nightly.20260815/aztec/src/note/note_message.nr:82:9
        5: do_private_message_delivery
               at /root/nargo/github.com/AztecProtocol/aztec-nr/v5.2.0-nightly.20260815/aztec/src/messages/delivery/mod.nr:81:9
        6: do_onchain_private_message_delivery
               at /root/nargo/github.com/AztecProtocol/aztec-nr/v5.2.0-nightly.20260815/aztec/src/messages/delivery/mod.nr:122:19
        7: derive_log_tag
               at /root/nargo/github.com/AztecProtocol/aztec-nr/v5.2.0-nightly.20260815/aztec/src/messages/delivery/tag.nr:30:18
        8: Option<T>::map_or_else
               at std/option.nr:94:13
        9: derive_log_tag
               at /root/nargo/github.com/AztecProtocol/aztec-nr/v5.2.0-nightly.20260815/aztec/src/messages/delivery/tag.nr:31:12
       10: default_tag_secret_source
               at /root/nargo/github.com/AztecProtocol/aztec-nr/v5.2.0-nightly.20260815/aztec/src/messages/delivery/tag.nr:45:5
       11: existing_handshake_secrets_or_else
               at /root/nargo/github.com/AztecProtocol/aztec-nr/v5.2.0-nightly.20260815/aztec/src/messages/delivery/tag_derivation.nr:89:5
       12: Option<T>::map_or_else
               at std/option.nr:94:13
       13: default_tag_secret_source
               at /root/nargo/github.com/AztecProtocol/aztec-nr/v5.2.0-nightly.20260815/aztec/src/messages/delivery/tag.nr:53:13
       14: ResolvedTaggingStrategy::into_tag_secret_source
               at /root/nargo/github.com/AztecProtocol/aztec-nr/v5.2.0-nightly.20260815/aztec/src/messages/delivery/resolved_tagging_strategy.nr:45:13
       15: TagSecretSource::new_non_interactive_handshake
               at /root/nargo/github.com/AztecProtocol/aztec-nr/v5.2.0-nightly.20260815/aztec/src/messages/delivery/tag_secret_source.nr:37:23
       16: create_non_interactive_handshake
               at /root/nargo/github.com/AztecProtocol/aztec-nr/v5.2.0-nightly.20260815/aztec/src/messages/delivery/handshake.nr:151:5
       17: PrivateContext::call_private_function
               at /root/nargo/github.com/AztecProtocol/aztec-nr/v5.2.0-nightly.20260815/aztec/src/context/private_context.nr:1082:9
       18: PrivateContext::call_private_function_with_args_hash
               at /root/nargo/github.com/AztecProtocol/aztec-nr/v5.2.0-nightly.20260815/aztec/src/context/private_context.nr:1184:13

bug: Brillig function call isn't properly covered by a manual constraint
   ┌─ /root/nargo/github.com/AztecProtocol/aztec-nr/v5.2.0-nightly.20260815/aztec/src/utils/remove_constraints.nr:19:13
   │
19 │             remove_constraints(f)
   │             --------------------- This Brillig call's inputs and its return values haven't been sufficiently constrained. This should be done to prevent potential soundness vulnerabilities
   │
   = Call stack:
     1: PrivateToken::faucet
             at private_token/src/main.nr:25:9
     2: MaybeNoteMessage<Note>::deliver
             at /root/nargo/github.com/AztecProtocol/aztec-nr/v5.2.0-nightly.20260815/aztec/src/note/note_message.nr:145:13
     3: NoteMessage<Note>::deliver
             at /root/nargo/github.com/AztecProtocol/aztec-nr/v5.2.0-nightly.20260815/aztec/src/note/note_message.nr:55:9
     4: NoteMessage<Note>::deliver_to
             at /root/nargo/github.com/AztecProtocol/aztec-nr/v5.2.0-nightly.20260815/aztec/src/note/note_message.nr:82:9
     5: do_private_message_delivery
             at /root/nargo/github.com/AztecProtocol/aztec-nr/v5.2.0-nightly.20260815/aztec/src/messages/delivery/mod.nr:81:9
     6: do_onchain_private_message_delivery
             at /root/nargo/github.com/AztecProtocol/aztec-nr/v5.2.0-nightly.20260815/aztec/src/messages/delivery/mod.nr:117:22
     7: remove_constraints_if
             at /root/nargo/github.com/AztecProtocol/aztec-nr/v5.2.0-nightly.20260815/aztec/src/utils/remove_constraints.nr:19:13

bug: Brillig function call isn't properly covered by a manual constraint
   ┌─ /root/nargo/github.com/AztecProtocol/aztec-nr/v5.2.0-nightly.20260815/aztec/src/messages/delivery/tag_derivation.nr:88:18
   │
88 │         unsafe { get_existing_app_siloed_handshake_secrets(STANDARD_HANDSHAKE_REGISTRY_ADDRESS, sender, recipient) };
   │                  ------------------------------------------------------------------------------------------------- This Brillig call's inputs and its return values haven't been sufficiently constrained. This should be done to prevent potential soundness vulnerabilities
   │
   = Call stack:
      1: PrivateToken::faucet
             at private_token/src/main.nr:25:9
      2: MaybeNoteMessage<Note>::deliver
             at /root/nargo/github.com/AztecProtocol/aztec-nr/v5.2.0-nightly.20260815/aztec/src/note/note_message.nr:145:13
      3: NoteMessage<Note>::deliver
             at /root/nargo/github.com/AztecProtocol/aztec-nr/v5.2.0-nightly.20260815/aztec/src/note/note_message.nr:55:9
      4: NoteMessage<Note>::deliver_to
             at /root/nargo/github.com/AztecProtocol/aztec-nr/v5.2.0-nightly.20260815/aztec/src/note/note_message.nr:82:9
      5: do_private_message_delivery
             at /root/nargo/github.com/AztecProtocol/aztec-nr/v5.2.0-nightly.20260815/aztec/src/messages/delivery/mod.nr:81:9
      6: do_onchain_private_message_delivery
             at /root/nargo/github.com/AztecProtocol/aztec-nr/v5.2.0-nightly.20260815/aztec/src/messages/delivery/mod.nr:122:19
      7: derive_log_tag
             at /root/nargo/github.com/AztecProtocol/aztec-nr/v5.2.0-nightly.20260815/aztec/src/messages/delivery/tag.nr:30:18
      8: Option<T>::map_or_else
             at std/option.nr:94:13
      9: derive_log_tag
             at /root/nargo/github.com/AztecProtocol/aztec-nr/v5.2.0-nightly.20260815/aztec/src/messages/delivery/tag.nr:31:12
     10: default_tag_secret_source
             at /root/nargo/github.com/AztecProtocol/aztec-nr/v5.2.0-nightly.20260815/aztec/src/messages/delivery/tag.nr:45:5
     11: existing_handshake_secrets_or_else
             at /root/nargo/github.com/AztecProtocol/aztec-nr/v5.2.0-nightly.20260815/aztec/src/messages/delivery/tag_derivation.nr:88:18

bug: Brillig function call isn't properly covered by a manual constraint
   ┌─ /root/nargo/github.com/AztecProtocol/aztec-nr/v5.2.0-nightly.20260815/aztec/src/messages/delivery/tag.nr:52:37
   │
52 │             let strategy = unsafe { resolve_tagging_strategy(sender, recipient, mode) };
   │                                     ------------------------------------------------- This Brillig call's inputs and its return values haven't been sufficiently constrained. This should be done to prevent potential soundness vulnerabilities
   │
   = Call stack:
      1: PrivateToken::faucet
             at private_token/src/main.nr:25:9
      2: MaybeNoteMessage<Note>::deliver
             at /root/nargo/github.com/AztecProtocol/aztec-nr/v5.2.0-nightly.20260815/aztec/src/note/note_message.nr:145:13
      3: NoteMessage<Note>::deliver
             at /root/nargo/github.com/AztecProtocol/aztec-nr/v5.2.0-nightly.20260815/aztec/src/note/note_message.nr:55:9
      4: NoteMessage<Note>::deliver_to
             at /root/nargo/github.com/AztecProtocol/aztec-nr/v5.2.0-nightly.20260815/aztec/src/note/note_message.nr:82:9
      5: do_private_message_delivery
             at /root/nargo/github.com/AztecProtocol/aztec-nr/v5.2.0-nightly.20260815/aztec/src/messages/delivery/mod.nr:81:9
      6: do_onchain_private_message_delivery
             at /root/nargo/github.com/AztecProtocol/aztec-nr/v5.2.0-nightly.20260815/aztec/src/messages/delivery/mod.nr:122:19
      7: derive_log_tag
             at /root/nargo/github.com/AztecProtocol/aztec-nr/v5.2.0-nightly.20260815/aztec/src/messages/delivery/tag.nr:30:18
      8: Option<T>::map_or_else
             at std/option.nr:94:13
      9: derive_log_tag
             at /root/nargo/github.com/AztecProtocol/aztec-nr/v5.2.0-nightly.20260815/aztec/src/messages/delivery/tag.nr:31:12
     10: default_tag_secret_source
             at /root/nargo/github.com/AztecProtocol/aztec-nr/v5.2.0-nightly.20260815/aztec/src/messages/delivery/tag.nr:45:5
     11: existing_handshake_secrets_or_else
             at /root/nargo/github.com/AztecProtocol/aztec-nr/v5.2.0-nightly.20260815/aztec/src/messages/delivery/tag_derivation.nr:89:5
     12: Option<T>::map_or_else
             at std/option.nr:94:13
     13: default_tag_secret_source
             at /root/nargo/github.com/AztecProtocol/aztec-nr/v5.2.0-nightly.20260815/aztec/src/messages/delivery/tag.nr:52:37

bug: Brillig function call isn't properly covered by a manual constraint
   ┌─ /root/nargo/github.com/AztecProtocol/aztec-nr/v5.2.0-nightly.20260815/aztec/src/messages/delivery/tag.nr:69:26
   │
69 │     let index = unsafe { get_next_tagging_index(secret, mode) };
   │                          ------------------------------------ This Brillig call's inputs and its return values haven't been sufficiently constrained. This should be done to prevent potential soundness vulnerabilities
   │
   = Call stack:
     1: PrivateToken::transfer
             at private_token/src/main.nr:48:9
     2: MaybeNoteMessage<Note>::deliver
             at /root/nargo/github.com/AztecProtocol/aztec-nr/v5.2.0-nightly.20260815/aztec/src/note/note_message.nr:145:13
     3: NoteMessage<Note>::deliver
             at /root/nargo/github.com/AztecProtocol/aztec-nr/v5.2.0-nightly.20260815/aztec/src/note/note_message.nr:55:9
     4: NoteMessage<Note>::deliver_to
             at /root/nargo/github.com/AztecProtocol/aztec-nr/v5.2.0-nightly.20260815/aztec/src/note/note_message.nr:82:9
     5: do_private_message_delivery
             at /root/nargo/github.com/AztecProtocol/aztec-nr/v5.2.0-nightly.20260815/aztec/src/messages/delivery/mod.nr:81:9
     6: do_onchain_private_message_delivery
             at /root/nargo/github.com/AztecProtocol/aztec-nr/v5.2.0-nightly.20260815/aztec/src/messages/delivery/mod.nr:122:19
     7: derive_log_tag
             at /root/nargo/github.com/AztecProtocol/aztec-nr/v5.2.0-nightly.20260815/aztec/src/messages/delivery/tag.nr:34:5
     8: tag_with
             at /root/nargo/github.com/AztecProtocol/aztec-nr/v5.2.0-nightly.20260815/aztec/src/messages/delivery/tag.nr:69:26

bug: Brillig function call isn't properly covered by a manual constraint
    ┌─ /root/nargo/github.com/AztecProtocol/aztec-nr/v5.2.0-nightly.20260815/aztec/src/note/note_getter.nr:173:39
    │
173 │     let maybe_hinted_notes = unsafe { get_notes_internal(storage_slot, options) };
    │                                       ----------------------------------------- This Brillig call's inputs and its return values haven't been sufficiently constrained. This should be done to prevent potential soundness vulnerabilities
    │
    = Call stack:
      1: PrivateToken::transfer
              at private_token/src/main.nr:48:9
      2: BalanceSet<&mut PrivateContext>::sub
              at /root/nargo/github.com/AztecProtocol/aztec-nr/v5.2.0-nightly.20260815/balance-set/src/balance_set.nr:63:26
      3: BalanceSet<&mut PrivateContext>::try_sub
              at /root/nargo/github.com/AztecProtocol/aztec-nr/v5.2.0-nightly.20260815/balance-set/src/balance_set.nr:87:21
      4: PrivateSet<Note, &mut PrivateContext>::pop_notes
              at /root/nargo/github.com/AztecProtocol/aztec-nr/v5.2.0-nightly.20260815/aztec/src/state_vars/private_set.nr:235:31
      5: get_notes
              at /root/nargo/github.com/AztecProtocol/aztec-nr/v5.2.0-nightly.20260815/aztec/src/note/note_getter.nr:173:39

bug: Brillig function call isn't properly covered by a manual constraint
   ┌─ /root/nargo/github.com/AztecProtocol/aztec-nr/v5.2.0-nightly.20260815/aztec/src/nullifier/utils.nr:18:52
   │
18 │     let should_use_pending_read_request = unsafe { is_nullifier_pending(unsiloed_nullifier, contract_address) };
   │                                                    ---------------------------------------------------------- This Brillig call's inputs and its return values haven't been sufficiently constrained. This should be done to prevent potential soundness vulnerabilities
   │
   = Call stack:
      1: PrivateToken::transfer
             at private_token/src/main.nr:49:9
      2: MaybeNoteMessage<Note>::deliver
             at /root/nargo/github.com/AztecProtocol/aztec-nr/v5.2.0-nightly.20260815/aztec/src/note/note_message.nr:145:13
      3: NoteMessage<Note>::deliver
             at /root/nargo/github.com/AztecProtocol/aztec-nr/v5.2.0-nightly.20260815/aztec/src/note/note_message.nr:55:9
      4: NoteMessage<Note>::deliver_to
             at /root/nargo/github.com/AztecProtocol/aztec-nr/v5.2.0-nightly.20260815/aztec/src/note/note_message.nr:82:9
      5: do_private_message_delivery
             at /root/nargo/github.com/AztecProtocol/aztec-nr/v5.2.0-nightly.20260815/aztec/src/messages/delivery/mod.nr:81:9
      6: do_onchain_private_message_delivery
             at /root/nargo/github.com/AztecProtocol/aztec-nr/v5.2.0-nightly.20260815/aztec/src/messages/delivery/mod.nr:122:19
      7: derive_log_tag
             at /root/nargo/github.com/AztecProtocol/aztec-nr/v5.2.0-nightly.20260815/aztec/src/messages/delivery/tag.nr:34:5
      8: tag_with
             at /root/nargo/github.com/AztecProtocol/aztec-nr/v5.2.0-nightly.20260815/aztec/src/messages/delivery/tag.nr:72:9
      9: TagSecretSource::constrain_tag_secret
             at /root/nargo/github.com/AztecProtocol/aztec-nr/v5.2.0-nightly.20260815/aztec/src/messages/delivery/tag_secret_source.nr:84:13
     10: constrain_preexisting_handshake_secrets
             at /root/nargo/github.com/AztecProtocol/aztec-nr/v5.2.0-nightly.20260815/aztec/src/messages/delivery/constrained_delivery.nr:50:41
     11: compute_nullifier_existence_request
             at /root/nargo/github.com/AztecProtocol/aztec-nr/v5.2.0-nightly.20260815/aztec/src/nullifier/utils.nr:18:52

bug: Brillig function call isn't properly covered by a manual constraint
    ┌─ /root/nargo/github.com/AztecProtocol/aztec-nr/v5.2.0-nightly.20260815/aztec/src/messages/encryption/aes128.nr:260:25
    │
260 │                         random_address_point()
    │                         ---------------------- This Brillig call's inputs and its return values haven't been sufficiently constrained. This should be done to prevent potential soundness vulnerabilities
    │
    = Call stack:
       1: PrivateToken::transfer
              at private_token/src/main.nr:49:9
       2: MaybeNoteMessage<Note>::deliver
              at /root/nargo/github.com/AztecProtocol/aztec-nr/v5.2.0-nightly.20260815/aztec/src/note/note_message.nr:145:13
       3: NoteMessage<Note>::deliver
              at /root/nargo/github.com/AztecProtocol/aztec-nr/v5.2.0-nightly.20260815/aztec/src/note/note_message.nr:55:9
       4: NoteMessage<Note>::deliver_to
              at /root/nargo/github.com/AztecProtocol/aztec-nr/v5.2.0-nightly.20260815/aztec/src/note/note_message.nr:82:9
       5: do_private_message_delivery
              at /root/nargo/github.com/AztecProtocol/aztec-nr/v5.2.0-nightly.20260815/aztec/src/messages/delivery/mod.nr:81:9
       6: do_onchain_private_message_delivery
              at /root/nargo/github.com/AztecProtocol/aztec-nr/v5.2.0-nightly.20260815/aztec/src/messages/delivery/mod.nr:117:22
       7: remove_constraints_if
              at /root/nargo/github.com/AztecProtocol/aztec-nr/v5.2.0-nightly.20260815/aztec/src/utils/remove_constraints.nr:22:9
       8: do_onchain_private_message_delivery
              at /root/nargo/github.com/AztecProtocol/aztec-nr/v5.2.0-nightly.20260815/aztec/src/messages/delivery/mod.nr:119:12
       9: <impl MessageEncryption for AES128>::encrypt
              at /root/nargo/github.com/AztecProtocol/aztec-nr/v5.2.0-nightly.20260815/aztec/src/messages/encryption/aes128.nr:240:13
      10: Option<T>::unwrap_or_else
              at std/option.nr:61:13
      11: <impl MessageEncryption for AES128>::encrypt
              at /root/nargo/github.com/AztecProtocol/aztec-nr/v5.2.0-nightly.20260815/aztec/src/messages/encryption/aes128.nr:260:25

bug: Brillig function call isn't properly covered by a manual constraint
    ┌─ /root/nargo/github.com/AztecProtocol/aztec-nr/v5.2.0-nightly.20260815/aztec/src/messages/encryption/aes128.nr:356:38
    │
356 │             ciphertext[i] = unsafe { random() };
    │                                      -------- This Brillig call's inputs and its return values haven't been sufficiently constrained. This should be done to prevent potential soundness vulnerabilities
    │
    = Call stack:
       1: PrivateToken::transfer
              at private_token/src/main.nr:49:9
       2: MaybeNoteMessage<Note>::deliver
              at /root/nargo/github.com/AztecProtocol/aztec-nr/v5.2.0-nightly.20260815/aztec/src/note/note_message.nr:145:13
       3: NoteMessage<Note>::deliver
              at /root/nargo/github.com/AztecProtocol/aztec-nr/v5.2.0-nightly.20260815/aztec/src/note/note_message.nr:55:9
       4: NoteMessage<Note>::deliver_to
              at /root/nargo/github.com/AztecProtocol/aztec-nr/v5.2.0-nightly.20260815/aztec/src/note/note_message.nr:82:9
       5: do_private_message_delivery
              at /root/nargo/github.com/AztecProtocol/aztec-nr/v5.2.0-nightly.20260815/aztec/src/messages/delivery/mod.nr:81:9
       6: do_onchain_private_message_delivery
              at /root/nargo/github.com/AztecProtocol/aztec-nr/v5.2.0-nightly.20260815/aztec/src/messages/delivery/mod.nr:117:22
       7: remove_constraints_if
              at /root/nargo/github.com/AztecProtocol/aztec-nr/v5.2.0-nightly.20260815/aztec/src/utils/remove_constraints.nr:22:9
       8: do_onchain_private_message_delivery
              at /root/nargo/github.com/AztecProtocol/aztec-nr/v5.2.0-nightly.20260815/aztec/src/messages/delivery/mod.nr:119:12
       9: <impl MessageEncryption for AES128>::encrypt
              at /root/nargo/github.com/AztecProtocol/aztec-nr/v5.2.0-nightly.20260815/aztec/src/messages/encryption/aes128.nr:356:38

bug: Brillig function call isn't properly covered by a manual constraint
     ┌─ /root/nargo/github.com/AztecProtocol/aztec-nr/v5.2.0-nightly.20260815/aztec/src/context/private_context.nr:1184:13
     │  
1184 │ ╭             call_private_function_internal(
1185 │ │                 contract_address,
1186 │ │                 function_selector,
1187 │ │                 args_hash,
1188 │ │                 start_side_effect_counter,
1189 │ │                 is_static_call,
1190 │ │             )
     │ ╰─────────────' This Brillig call's inputs and its return values haven't been sufficiently constrained. This should be done to prevent potential soundness vulnerabilities
     │  
     = Call stack:
        1: PrivateToken::transfer
               at private_token/src/main.nr:48:9
        2: MaybeNoteMessage<Note>::deliver
               at /root/nargo/github.com/AztecProtocol/aztec-nr/v5.2.0-nightly.20260815/aztec/src/note/note_message.nr:145:13
        3: NoteMessage<Note>::deliver
               at /root/nargo/github.com/AztecProtocol/aztec-nr/v5.2.0-nightly.20260815/aztec/src/note/note_message.nr:55:9
        4: NoteMessage<Note>::deliver_to
               at /root/nargo/github.com/AztecProtocol/aztec-nr/v5.2.0-nightly.20260815/aztec/src/note/note_message.nr:82:9
        5: do_private_message_delivery
               at /root/nargo/github.com/AztecProtocol/aztec-nr/v5.2.0-nightly.20260815/aztec/src/messages/delivery/mod.nr:81:9
        6: do_onchain_private_message_delivery
               at /root/nargo/github.com/AztecProtocol/aztec-nr/v5.2.0-nightly.20260815/aztec/src/messages/delivery/mod.nr:122:19
        7: derive_log_tag
               at /root/nargo/github.com/AztecProtocol/aztec-nr/v5.2.0-nightly.20260815/aztec/src/messages/delivery/tag.nr:30:18
        8: Option<T>::map_or_else
               at std/option.nr:94:13
        9: derive_log_tag
               at /root/nargo/github.com/AztecProtocol/aztec-nr/v5.2.0-nightly.20260815/aztec/src/messages/delivery/tag.nr:31:12
       10: default_tag_secret_source
               at /root/nargo/github.com/AztecProtocol/aztec-nr/v5.2.0-nightly.20260815/aztec/src/messages/delivery/tag.nr:45:5
       11: existing_handshake_secrets_or_else
               at /root/nargo/github.com/AztecProtocol/aztec-nr/v5.2.0-nightly.20260815/aztec/src/messages/delivery/tag_derivation.nr:89:5
       12: Option<T>::map_or_else
               at std/option.nr:94:13
       13: default_tag_secret_source
               at /root/nargo/github.com/AztecProtocol/aztec-nr/v5.2.0-nightly.20260815/aztec/src/messages/delivery/tag.nr:53:13
       14: ResolvedTaggingStrategy::into_tag_secret_source
               at /root/nargo/github.com/AztecProtocol/aztec-nr/v5.2.0-nightly.20260815/aztec/src/messages/delivery/resolved_tagging_strategy.nr:45:13
       15: TagSecretSource::new_non_interactive_handshake
               at /root/nargo/github.com/AztecProtocol/aztec-nr/v5.2.0-nightly.20260815/aztec/src/messages/delivery/tag_secret_source.nr:37:23
       16: create_non_interactive_handshake
               at /root/nargo/github.com/AztecProtocol/aztec-nr/v5.2.0-nightly.20260815/aztec/src/messages/delivery/handshake.nr:151:5
       17: PrivateContext::call_private_function
               at /root/nargo/github.com/AztecProtocol/aztec-nr/v5.2.0-nightly.20260815/aztec/src/context/private_context.nr:1082:9
       18: PrivateContext::call_private_function_with_args_hash
               at /root/nargo/github.com/AztecProtocol/aztec-nr/v5.2.0-nightly.20260815/aztec/src/context/private_context.nr:1184:13

bug: Brillig function call isn't properly covered by a manual constraint
    ┌─ /root/nargo/github.com/AztecProtocol/aztec-nr/v5.2.0-nightly.20260815/aztec/src/context/private_context.nr:561:38
    │
561 │         let is_revertible = unsafe { is_execution_in_revertible_phase(current_counter) };
    │                                      ------------------------------------------------- This Brillig call's inputs and its return values haven't been sufficiently constrained. This should be done to prevent potential soundness vulnerabilities
    │
    = Call stack:
      1: generate_private_external
              at /root/nargo/github.com/AztecProtocol/aztec-nr/v5.2.0-nightly.20260815/aztec/src/macros/internals_functions_generation/external/private.nr:105:53
      2: PrivateContext::in_revertible_phase
              at /root/nargo/github.com/AztecProtocol/aztec-nr/v5.2.0-nightly.20260815/aztec/src/context/private_context.nr:561:38

bug: Brillig function call isn't properly covered by a manual constraint
   ┌─ /root/nargo/github.com/AztecProtocol/aztec-nr/v5.2.0-nightly.20260815/aztec/src/note/lifecycle.nr:55:31
   │
55 │     let randomness = unsafe { random() };
   │                               -------- This Brillig call's inputs and its return values haven't been sufficiently constrained. This should be done to prevent potential soundness vulnerabilities
   │
   = Call stack:
     1: PrivateToken::transfer
             at private_token/src/main.nr:48:9
     2: BalanceSet<&mut PrivateContext>::sub
             at /root/nargo/github.com/AztecProtocol/aztec-nr/v5.2.0-nightly.20260815/balance-set/src/balance_set.nr:68:9
     3: BalanceSet<&mut PrivateContext>::add
             at /root/nargo/github.com/AztecProtocol/aztec-nr/v5.2.0-nightly.20260815/balance-set/src/balance_set.nr:56:26
     4: PrivateSet<Note, &mut PrivateContext>::insert
             at /root/nargo/github.com/AztecProtocol/aztec-nr/v5.2.0-nightly.20260815/aztec/src/state_vars/private_set.nr:159:9
     5: create_note
             at /root/nargo/github.com/AztecProtocol/aztec-nr/v5.2.0-nightly.20260815/aztec/src/note/lifecycle.nr:55:31

bug: Brillig function call isn't properly covered by a manual constraint
   ┌─ /root/nargo/github.com/AztecProtocol/aztec-nr/v5.2.0-nightly.20260815/aztec/src/messages/delivery/tag_derivation.nr:88:18
   │
88 │         unsafe { get_existing_app_siloed_handshake_secrets(STANDARD_HANDSHAKE_REGISTRY_ADDRESS, sender, recipient) };
   │                  ------------------------------------------------------------------------------------------------- This Brillig call's inputs and its return values haven't been sufficiently constrained. This should be done to prevent potential soundness vulnerabilities
   │
   = Call stack:
      1: PrivateToken::transfer
             at private_token/src/main.nr:48:9
      2: MaybeNoteMessage<Note>::deliver
             at /root/nargo/github.com/AztecProtocol/aztec-nr/v5.2.0-nightly.20260815/aztec/src/note/note_message.nr:145:13
      3: NoteMessage<Note>::deliver
             at /root/nargo/github.com/AztecProtocol/aztec-nr/v5.2.0-nightly.20260815/aztec/src/note/note_message.nr:55:9
      4: NoteMessage<Note>::deliver_to
             at /root/nargo/github.com/AztecProtocol/aztec-nr/v5.2.0-nightly.20260815/aztec/src/note/note_message.nr:82:9
      5: do_private_message_delivery
             at /root/nargo/github.com/AztecProtocol/aztec-nr/v5.2.0-nightly.20260815/aztec/src/messages/delivery/mod.nr:81:9
      6: do_onchain_private_message_delivery
             at /root/nargo/github.com/AztecProtocol/aztec-nr/v5.2.0-nightly.20260815/aztec/src/messages/delivery/mod.nr:122:19
      7: derive_log_tag
             at /root/nargo/github.com/AztecProtocol/aztec-nr/v5.2.0-nightly.20260815/aztec/src/messages/delivery/tag.nr:30:18
      8: Option<T>::map_or_else
             at std/option.nr:94:13
      9: derive_log_tag
             at /root/nargo/github.com/AztecProtocol/aztec-nr/v5.2.0-nightly.20260815/aztec/src/messages/delivery/tag.nr:31:12
     10: default_tag_secret_source
             at /root/nargo/github.com/AztecProtocol/aztec-nr/v5.2.0-nightly.20260815/aztec/src/messages/delivery/tag.nr:45:5
     11: existing_handshake_secrets_or_else
             at /root/nargo/github.com/AztecProtocol/aztec-nr/v5.2.0-nightly.20260815/aztec/src/messages/delivery/tag_derivation.nr:88:18

bug: Brillig function call isn't properly covered by a manual constraint
   ┌─ /root/nargo/github.com/AztecProtocol/aztec-nr/v5.2.0-nightly.20260815/aztec/src/keys/getters/mod.nr:27:51
   │
27 │     let (public_keys, partial_address) = unsafe { get_public_keys_and_partial_address(account) };
   │                                                   -------------------------------------------- This Brillig call's inputs and its return values haven't been sufficiently constrained. This should be done to prevent potential soundness vulnerabilities
   │
   = Call stack:
     1: PrivateToken::transfer
             at private_token/src/main.nr:48:9
     2: BalanceSet<&mut PrivateContext>::sub
             at /root/nargo/github.com/AztecProtocol/aztec-nr/v5.2.0-nightly.20260815/balance-set/src/balance_set.nr:63:26
     3: BalanceSet<&mut PrivateContext>::try_sub
             at /root/nargo/github.com/AztecProtocol/aztec-nr/v5.2.0-nightly.20260815/balance-set/src/balance_set.nr:87:21
     4: PrivateSet<Note, &mut PrivateContext>::pop_notes
             at /root/nargo/github.com/AztecProtocol/aztec-nr/v5.2.0-nightly.20260815/aztec/src/state_vars/private_set.nr:244:17
     5: destroy_note
             at /root/nargo/github.com/AztecProtocol/aztec-nr/v5.2.0-nightly.20260815/aztec/src/note/lifecycle.nr:82:21
     6: <impl NoteHash for UintNote>::compute_nullifier
             at /root/nargo/github.com/AztecProtocol/aztec-nr/v5.2.0-nightly.20260815/uint-note/src/uint_note.nr:67:32
     7: get_public_keys
             at /root/nargo/github.com/AztecProtocol/aztec-nr/v5.2.0-nightly.20260815/aztec/src/keys/getters/mod.nr:27:51

bug: Brillig function call isn't properly covered by a manual constraint
   ┌─ /root/nargo/github.com/AztecProtocol/aztec-nr/v5.2.0-nightly.20260815/aztec/src/messages/delivery/tag.nr:52:37
   │
52 │             let strategy = unsafe { resolve_tagging_strategy(sender, recipient, mode) };
   │                                     ------------------------------------------------- This Brillig call's inputs and its return values haven't been sufficiently constrained. This should be done to prevent potential soundness vulnerabilities
   │
   = Call stack:
      1: PrivateToken::transfer
             at private_token/src/main.nr:48:9
      2: MaybeNoteMessage<Note>::deliver
             at /root/nargo/github.com/AztecProtocol/aztec-nr/v5.2.0-nightly.20260815/aztec/src/note/note_message.nr:145:13
      3: NoteMessage<Note>::deliver
             at /root/nargo/github.com/AztecProtocol/aztec-nr/v5.2.0-nightly.20260815/aztec/src/note/note_message.nr:55:9
      4: NoteMessage<Note>::deliver_to
             at /root/nargo/github.com/AztecProtocol/aztec-nr/v5.2.0-nightly.20260815/aztec/src/note/note_message.nr:82:9
      5: do_private_message_delivery
             at /root/nargo/github.com/AztecProtocol/aztec-nr/v5.2.0-nightly.20260815/aztec/src/messages/delivery/mod.nr:81:9
      6: do_onchain_private_message_delivery
             at /root/nargo/github.com/AztecProtocol/aztec-nr/v5.2.0-nightly.20260815/aztec/src/messages/delivery/mod.nr:122:19
      7: derive_log_tag
             at /root/nargo/github.com/AztecProtocol/aztec-nr/v5.2.0-nightly.20260815/aztec/src/messages/delivery/tag.nr:30:18
      8: Option<T>::map_or_else
             at std/option.nr:94:13
      9: derive_log_tag
             at /root/nargo/github.com/AztecProtocol/aztec-nr/v5.2.0-nightly.20260815/aztec/src/messages/delivery/tag.nr:31:12
     10: default_tag_secret_source
             at /root/nargo/github.com/AztecProtocol/aztec-nr/v5.2.0-nightly.20260815/aztec/src/messages/delivery/tag.nr:45:5
     11: existing_handshake_secrets_or_else
             at /root/nargo/github.com/AztecProtocol/aztec-nr/v5.2.0-nightly.20260815/aztec/src/messages/delivery/tag_derivation.nr:89:5
     12: Option<T>::map_or_else
             at std/option.nr:94:13
     13: default_tag_secret_source
             at /root/nargo/github.com/AztecProtocol/aztec-nr/v5.2.0-nightly.20260815/aztec/src/messages/delivery/tag.nr:52:37

bug: Brillig function call isn't properly covered by a manual constraint
    ┌─ /root/nargo/github.com/AztecProtocol/aztec-nr/v5.2.0-nightly.20260815/aztec/src/context/private_context.nr:829:36
    │
829 │             let request = unsafe { get_key_validation_request(pk_m_hash, key_index) };
    │                                    ------------------------------------------------ This Brillig call's inputs and its return values haven't been sufficiently constrained. This should be done to prevent potential soundness vulnerabilities
    │
    = Call stack:
      1: PrivateToken::transfer
              at private_token/src/main.nr:48:9
      2: BalanceSet<&mut PrivateContext>::sub
              at /root/nargo/github.com/AztecProtocol/aztec-nr/v5.2.0-nightly.20260815/balance-set/src/balance_set.nr:63:26
      3: BalanceSet<&mut PrivateContext>::try_sub
              at /root/nargo/github.com/AztecProtocol/aztec-nr/v5.2.0-nightly.20260815/balance-set/src/balance_set.nr:87:21
      4: PrivateSet<Note, &mut PrivateContext>::pop_notes
              at /root/nargo/github.com/AztecProtocol/aztec-nr/v5.2.0-nightly.20260815/aztec/src/state_vars/private_set.nr:244:17
      5: destroy_note
              at /root/nargo/github.com/AztecProtocol/aztec-nr/v5.2.0-nightly.20260815/aztec/src/note/lifecycle.nr:82:21
      6: <impl NoteHash for UintNote>::compute_nullifier
              at /root/nargo/github.com/AztecProtocol/aztec-nr/v5.2.0-nightly.20260815/uint-note/src/uint_note.nr:68:22
      7: PrivateContext::request_nhk_app
              at /root/nargo/github.com/AztecProtocol/aztec-nr/v5.2.0-nightly.20260815/aztec/src/context/private_context.nr:758:9
      8: PrivateContext::request_sk_app
              at /root/nargo/github.com/AztecProtocol/aztec-nr/v5.2.0-nightly.20260815/aztec/src/context/private_context.nr:829:36

bug: Brillig function call isn't properly covered by a manual constraint
   ┌─ /root/nargo/github.com/AztecProtocol/aztec-nr/v5.2.0-nightly.20260815/aztec/src/utils/remove_constraints.nr:19:13
   │
19 │             remove_constraints(f)
   │             --------------------- This Brillig call's inputs and its return values haven't been sufficiently constrained. This should be done to prevent potential soundness vulnerabilities
   │
   = Call stack:
     1: PrivateToken::transfer
             at private_token/src/main.nr:48:9
     2: MaybeNoteMessage<Note>::deliver
             at /root/nargo/github.com/AztecProtocol/aztec-nr/v5.2.0-nightly.20260815/aztec/src/note/note_message.nr:145:13
     3: NoteMessage<Note>::deliver
             at /root/nargo/github.com/AztecProtocol/aztec-nr/v5.2.0-nightly.20260815/aztec/src/note/note_message.nr:55:9
     4: NoteMessage<Note>::deliver_to
             at /root/nargo/github.com/AztecProtocol/aztec-nr/v5.2.0-nightly.20260815/aztec/src/note/note_message.nr:82:9
     5: do_private_message_delivery
             at /root/nargo/github.com/AztecProtocol/aztec-nr/v5.2.0-nightly.20260815/aztec/src/messages/delivery/mod.nr:81:9
     6: do_onchain_private_message_delivery
             at /root/nargo/github.com/AztecProtocol/aztec-nr/v5.2.0-nightly.20260815/aztec/src/messages/delivery/mod.nr:117:22
     7: remove_constraints_if
             at /root/nargo/github.com/AztecProtocol/aztec-nr/v5.2.0-nightly.20260815/aztec/src/utils/remove_constraints.nr:19:13

bug: Brillig function call isn't properly covered by a manual constraint
     ┌─ /root/nargo/github.com/AztecProtocol/aztec-nr/v5.2.0-nightly.20260815/aztec/src/context/private_context.nr:1184:13
     │  
1184 │ ╭             call_private_function_internal(
1185 │ │                 contract_address,
1186 │ │                 function_selector,
1187 │ │                 args_hash,
1188 │ │                 start_side_effect_counter,
1189 │ │                 is_static_call,
1190 │ │             )
     │ ╰─────────────' This Brillig call's inputs and its return values haven't been sufficiently constrained. This should be done to prevent potential soundness vulnerabilities
     │  
     = Call stack:
       1: create_authorize_once_check
               at /root/nargo/github.com/AztecProtocol/aztec-nr/v5.2.0-nightly.20260815/aztec/src/macros/internals_functions_generation/external/helpers.nr:107:17
       2: assert_current_call_valid_authwit
               at /root/nargo/github.com/AztecProtocol/aztec-nr/v5.2.0-nightly.20260815/aztec/src/authwit/auth.nr:260:5
       3: assert_inner_hash_valid_authwit
               at /root/nargo/github.com/AztecProtocol/aztec-nr/v5.2.0-nightly.20260815/aztec/src/authwit/auth.nr:272:25
       4: PrivateContext::static_call_private_function
               at /root/nargo/github.com/AztecProtocol/aztec-nr/v5.2.0-nightly.20260815/aztec/src/context/private_context.nr:1109:9
       5: PrivateContext::call_private_function_with_args_hash
               at /root/nargo/github.com/AztecProtocol/aztec-nr/v5.2.0-nightly.20260815/aztec/src/context/private_context.nr:1184:13

bug: Brillig function call isn't properly covered by a manual constraint
   ┌─ /root/nargo/github.com/AztecProtocol/aztec-nr/v5.2.0-nightly.20260815/aztec/src/nullifier/utils.nr:18:52
   │
18 │     let should_use_pending_read_request = unsafe { is_nullifier_pending(unsiloed_nullifier, contract_address) };
   │                                                    ---------------------------------------------------------- This Brillig call's inputs and its return values haven't been sufficiently constrained. This should be done to prevent potential soundness vulnerabilities
   │
   = Call stack:
      1: PrivateToken::transfer_in_private
             at private_token/src/main.nr:38:9
      2: MaybeNoteMessage<Note>::deliver
             at /root/nargo/github.com/AztecProtocol/aztec-nr/v5.2.0-nightly.20260815/aztec/src/note/note_message.nr:145:13
      3: NoteMessage<Note>::deliver
             at /root/nargo/github.com/AztecProtocol/aztec-nr/v5.2.0-nightly.20260815/aztec/src/note/note_message.nr:55:9
      4: NoteMessage<Note>::deliver_to
             at /root/nargo/github.com/AztecProtocol/aztec-nr/v5.2.0-nightly.20260815/aztec/src/note/note_message.nr:82:9
      5: do_private_message_delivery
             at /root/nargo/github.com/AztecProtocol/aztec-nr/v5.2.0-nightly.20260815/aztec/src/messages/delivery/mod.nr:81:9
      6: do_onchain_private_message_delivery
             at /root/nargo/github.com/AztecProtocol/aztec-nr/v5.2.0-nightly.20260815/aztec/src/messages/delivery/mod.nr:122:19
      7: derive_log_tag
             at /root/nargo/github.com/AztecProtocol/aztec-nr/v5.2.0-nightly.20260815/aztec/src/messages/delivery/tag.nr:34:5
      8: tag_with
             at /root/nargo/github.com/AztecProtocol/aztec-nr/v5.2.0-nightly.20260815/aztec/src/messages/delivery/tag.nr:72:9
      9: TagSecretSource::constrain_tag_secret
             at /root/nargo/github.com/AztecProtocol/aztec-nr/v5.2.0-nightly.20260815/aztec/src/messages/delivery/tag_secret_source.nr:84:13
     10: constrain_preexisting_handshake_secrets
             at /root/nargo/github.com/AztecProtocol/aztec-nr/v5.2.0-nightly.20260815/aztec/src/messages/delivery/constrained_delivery.nr:50:41
     11: compute_nullifier_existence_request
             at /root/nargo/github.com/AztecProtocol/aztec-nr/v5.2.0-nightly.20260815/aztec/src/nullifier/utils.nr:18:52

bug: Brillig function call isn't properly covered by a manual constraint
    ┌─ /root/nargo/github.com/AztecProtocol/aztec-nr/v5.2.0-nightly.20260815/aztec/src/context/private_context.nr:561:38
    │
561 │         let is_revertible = unsafe { is_execution_in_revertible_phase(current_counter) };
    │                                      ------------------------------------------------- This Brillig call's inputs and its return values haven't been sufficiently constrained. This should be done to prevent potential soundness vulnerabilities
    │
    = Call stack:
      1: generate_private_external
              at /root/nargo/github.com/AztecProtocol/aztec-nr/v5.2.0-nightly.20260815/aztec/src/macros/internals_functions_generation/external/private.nr:105:53
      2: PrivateContext::in_revertible_phase
              at /root/nargo/github.com/AztecProtocol/aztec-nr/v5.2.0-nightly.20260815/aztec/src/context/private_context.nr:561:38

bug: Brillig function call isn't properly covered by a manual constraint
   ┌─ /root/nargo/github.com/AztecProtocol/aztec-nr/v5.2.0-nightly.20260815/aztec/src/note/lifecycle.nr:55:31
   │
55 │     let randomness = unsafe { random() };
   │                               -------- This Brillig call's inputs and its return values haven't been sufficiently constrained. This should be done to prevent potential soundness vulnerabilities
   │
   = Call stack:
     1: PrivateToken::transfer_in_private
             at private_token/src/main.nr:37:9
     2: BalanceSet<&mut PrivateContext>::sub
             at /root/nargo/github.com/AztecProtocol/aztec-nr/v5.2.0-nightly.20260815/balance-set/src/balance_set.nr:68:9
     3: BalanceSet<&mut PrivateContext>::add
             at /root/nargo/github.com/AztecProtocol/aztec-nr/v5.2.0-nightly.20260815/balance-set/src/balance_set.nr:56:26
     4: PrivateSet<Note, &mut PrivateContext>::insert
             at /root/nargo/github.com/AztecProtocol/aztec-nr/v5.2.0-nightly.20260815/aztec/src/state_vars/private_set.nr:159:9
     5: create_note
             at /root/nargo/github.com/AztecProtocol/aztec-nr/v5.2.0-nightly.20260815/aztec/src/note/lifecycle.nr:55:31

bug: Brillig function call isn't properly covered by a manual constraint
   ┌─ /root/nargo/github.com/AztecProtocol/aztec-nr/v5.2.0-nightly.20260815/aztec/src/messages/delivery/tag_derivation.nr:88:18
   │
88 │         unsafe { get_existing_app_siloed_handshake_secrets(STANDARD_HANDSHAKE_REGISTRY_ADDRESS, sender, recipient) };
   │                  ------------------------------------------------------------------------------------------------- This Brillig call's inputs and its return values haven't been sufficiently constrained. This should be done to prevent potential soundness vulnerabilities
   │
   = Call stack:
      1: PrivateToken::transfer_in_private
             at private_token/src/main.nr:37:9
      2: MaybeNoteMessage<Note>::deliver
             at /root/nargo/github.com/AztecProtocol/aztec-nr/v5.2.0-nightly.20260815/aztec/src/note/note_message.nr:145:13
      3: NoteMessage<Note>::deliver
             at /root/nargo/github.com/AztecProtocol/aztec-nr/v5.2.0-nightly.20260815/aztec/src/note/note_message.nr:55:9
      4: NoteMessage<Note>::deliver_to
             at /root/nargo/github.com/AztecProtocol/aztec-nr/v5.2.0-nightly.20260815/aztec/src/note/note_message.nr:82:9
      5: do_private_message_delivery
             at /root/nargo/github.com/AztecProtocol/aztec-nr/v5.2.0-nightly.20260815/aztec/src/messages/delivery/mod.nr:81:9
      6: do_onchain_private_message_delivery
             at /root/nargo/github.com/AztecProtocol/aztec-nr/v5.2.0-nightly.20260815/aztec/src/messages/delivery/mod.nr:122:19
      7: derive_log_tag
             at /root/nargo/github.com/AztecProtocol/aztec-nr/v5.2.0-nightly.20260815/aztec/src/messages/delivery/tag.nr:30:18
      8: Option<T>::map_or_else
             at std/option.nr:94:13
      9: derive_log_tag
             at /root/nargo/github.com/AztecProtocol/aztec-nr/v5.2.0-nightly.20260815/aztec/src/messages/delivery/tag.nr:31:12
     10: default_tag_secret_source
             at /root/nargo/github.com/AztecProtocol/aztec-nr/v5.2.0-nightly.20260815/aztec/src/messages/delivery/tag.nr:45:5
     11: existing_handshake_secrets_or_else
             at /root/nargo/github.com/AztecProtocol/aztec-nr/v5.2.0-nightly.20260815/aztec/src/messages/delivery/tag_derivation.nr:88:18

bug: Brillig function call isn't properly covered by a manual constraint
   ┌─ /root/nargo/github.com/AztecProtocol/aztec-nr/v5.2.0-nightly.20260815/aztec/src/messages/delivery/tag.nr:69:26
   │
69 │     let index = unsafe { get_next_tagging_index(secret, mode) };
   │                          ------------------------------------ This Brillig call's inputs and its return values haven't been sufficiently constrained. This should be done to prevent potential soundness vulnerabilities
   │
   = Call stack:
     1: PrivateToken::transfer_in_private
             at private_token/src/main.nr:37:9
     2: MaybeNoteMessage<Note>::deliver
             at /root/nargo/github.com/AztecProtocol/aztec-nr/v5.2.0-nightly.20260815/aztec/src/note/note_message.nr:145:13
     3: NoteMessage<Note>::deliver
             at /root/nargo/github.com/AztecProtocol/aztec-nr/v5.2.0-nightly.20260815/aztec/src/note/note_message.nr:55:9
     4: NoteMessage<Note>::deliver_to
             at /root/nargo/github.com/AztecProtocol/aztec-nr/v5.2.0-nightly.20260815/aztec/src/note/note_message.nr:82:9
     5: do_private_message_delivery
             at /root/nargo/github.com/AztecProtocol/aztec-nr/v5.2.0-nightly.20260815/aztec/src/messages/delivery/mod.nr:81:9
     6: do_onchain_private_message_delivery
             at /root/nargo/github.com/AztecProtocol/aztec-nr/v5.2.0-nightly.20260815/aztec/src/messages/delivery/mod.nr:122:19
     7: derive_log_tag
             at /root/nargo/github.com/AztecProtocol/aztec-nr/v5.2.0-nightly.20260815/aztec/src/messages/delivery/tag.nr:34:5
     8: tag_with
             at /root/nargo/github.com/AztecProtocol/aztec-nr/v5.2.0-nightly.20260815/aztec/src/messages/delivery/tag.nr:69:26

bug: Brillig function call isn't properly covered by a manual constraint
   ┌─ /root/nargo/github.com/AztecProtocol/aztec-nr/v5.2.0-nightly.20260815/aztec/src/keys/getters/mod.nr:27:51
   │
27 │     let (public_keys, partial_address) = unsafe { get_public_keys_and_partial_address(account) };
   │                                                   -------------------------------------------- This Brillig call's inputs and its return values haven't been sufficiently constrained. This should be done to prevent potential soundness vulnerabilities
   │
   = Call stack:
     1: PrivateToken::transfer_in_private
             at private_token/src/main.nr:37:9
     2: BalanceSet<&mut PrivateContext>::sub
             at /root/nargo/github.com/AztecProtocol/aztec-nr/v5.2.0-nightly.20260815/balance-set/src/balance_set.nr:63:26
     3: BalanceSet<&mut PrivateContext>::try_sub
             at /root/nargo/github.com/AztecProtocol/aztec-nr/v5.2.0-nightly.20260815/balance-set/src/balance_set.nr:87:21
     4: PrivateSet<Note, &mut PrivateContext>::pop_notes
             at /root/nargo/github.com/AztecProtocol/aztec-nr/v5.2.0-nightly.20260815/aztec/src/state_vars/private_set.nr:244:17
     5: destroy_note
             at /root/nargo/github.com/AztecProtocol/aztec-nr/v5.2.0-nightly.20260815/aztec/src/note/lifecycle.nr:82:21
     6: <impl NoteHash for UintNote>::compute_nullifier
             at /root/nargo/github.com/AztecProtocol/aztec-nr/v5.2.0-nightly.20260815/uint-note/src/uint_note.nr:67:32
     7: get_public_keys
             at /root/nargo/github.com/AztecProtocol/aztec-nr/v5.2.0-nightly.20260815/aztec/src/keys/getters/mod.nr:27:51

bug: Brillig function call isn't properly covered by a manual constraint
    ┌─ /root/nargo/github.com/AztecProtocol/aztec-nr/v5.2.0-nightly.20260815/aztec/src/messages/encryption/aes128.nr:260:25
    │
260 │                         random_address_point()
    │                         ---------------------- This Brillig call's inputs and its return values haven't been sufficiently constrained. This should be done to prevent potential soundness vulnerabilities
    │
    = Call stack:
       1: PrivateToken::transfer_in_private
              at private_token/src/main.nr:38:9
       2: MaybeNoteMessage<Note>::deliver
              at /root/nargo/github.com/AztecProtocol/aztec-nr/v5.2.0-nightly.20260815/aztec/src/note/note_message.nr:145:13
       3: NoteMessage<Note>::deliver
              at /root/nargo/github.com/AztecProtocol/aztec-nr/v5.2.0-nightly.20260815/aztec/src/note/note_message.nr:55:9
       4: NoteMessage<Note>::deliver_to
              at /root/nargo/github.com/AztecProtocol/aztec-nr/v5.2.0-nightly.20260815/aztec/src/note/note_message.nr:82:9
       5: do_private_message_delivery
              at /root/nargo/github.com/AztecProtocol/aztec-nr/v5.2.0-nightly.20260815/aztec/src/messages/delivery/mod.nr:81:9
       6: do_onchain_private_message_delivery
              at /root/nargo/github.com/AztecProtocol/aztec-nr/v5.2.0-nightly.20260815/aztec/src/messages/delivery/mod.nr:117:22
       7: remove_constraints_if
              at /root/nargo/github.com/AztecProtocol/aztec-nr/v5.2.0-nightly.20260815/aztec/src/utils/remove_constraints.nr:22:9
       8: do_onchain_private_message_delivery
              at /root/nargo/github.com/AztecProtocol/aztec-nr/v5.2.0-nightly.20260815/aztec/src/messages/delivery/mod.nr:119:12
       9: <impl MessageEncryption for AES128>::encrypt
              at /root/nargo/github.com/AztecProtocol/aztec-nr/v5.2.0-nightly.20260815/aztec/src/messages/encryption/aes128.nr:240:13
      10: Option<T>::unwrap_or_else
              at std/option.nr:61:13
      11: <impl MessageEncryption for AES128>::encrypt
              at /root/nargo/github.com/AztecProtocol/aztec-nr/v5.2.0-nightly.20260815/aztec/src/messages/encryption/aes128.nr:260:25

bug: Brillig function call isn't properly covered by a manual constraint
    ┌─ /root/nargo/github.com/AztecProtocol/aztec-nr/v5.2.0-nightly.20260815/aztec/src/messages/encryption/aes128.nr:356:38
    │
356 │             ciphertext[i] = unsafe { random() };
    │                                      -------- This Brillig call's inputs and its return values haven't been sufficiently constrained. This should be done to prevent potential soundness vulnerabilities
    │
    = Call stack:
       1: PrivateToken::transfer_in_private
              at private_token/src/main.nr:38:9
       2: MaybeNoteMessage<Note>::deliver
              at /root/nargo/github.com/AztecProtocol/aztec-nr/v5.2.0-nightly.20260815/aztec/src/note/note_message.nr:145:13
       3: NoteMessage<Note>::deliver
              at /root/nargo/github.com/AztecProtocol/aztec-nr/v5.2.0-nightly.20260815/aztec/src/note/note_message.nr:55:9
       4: NoteMessage<Note>::deliver_to
              at /root/nargo/github.com/AztecProtocol/aztec-nr/v5.2.0-nightly.20260815/aztec/src/note/note_message.nr:82:9
       5: do_private_message_delivery
              at /root/nargo/github.com/AztecProtocol/aztec-nr/v5.2.0-nightly.20260815/aztec/src/messages/delivery/mod.nr:81:9
       6: do_onchain_private_message_delivery
              at /root/nargo/github.com/AztecProtocol/aztec-nr/v5.2.0-nightly.20260815/aztec/src/messages/delivery/mod.nr:117:22
       7: remove_constraints_if
              at /root/nargo/github.com/AztecProtocol/aztec-nr/v5.2.0-nightly.20260815/aztec/src/utils/remove_constraints.nr:22:9
       8: do_onchain_private_message_delivery
              at /root/nargo/github.com/AztecProtocol/aztec-nr/v5.2.0-nightly.20260815/aztec/src/messages/delivery/mod.nr:119:12
       9: <impl MessageEncryption for AES128>::encrypt
              at /root/nargo/github.com/AztecProtocol/aztec-nr/v5.2.0-nightly.20260815/aztec/src/messages/encryption/aes128.nr:356:38

bug: Brillig function call isn't properly covered by a manual constraint
    ┌─ /root/nargo/github.com/AztecProtocol/aztec-nr/v5.2.0-nightly.20260815/aztec/src/note/note_getter.nr:173:39
    │
173 │     let maybe_hinted_notes = unsafe { get_notes_internal(storage_slot, options) };
    │                                       ----------------------------------------- This Brillig call's inputs and its return values haven't been sufficiently constrained. This should be done to prevent potential soundness vulnerabilities
    │
    = Call stack:
      1: PrivateToken::transfer_in_private
              at private_token/src/main.nr:37:9
      2: BalanceSet<&mut PrivateContext>::sub
              at /root/nargo/github.com/AztecProtocol/aztec-nr/v5.2.0-nightly.20260815/balance-set/src/balance_set.nr:63:26
      3: BalanceSet<&mut PrivateContext>::try_sub
              at /root/nargo/github.com/AztecProtocol/aztec-nr/v5.2.0-nightly.20260815/balance-set/src/balance_set.nr:87:21
      4: PrivateSet<Note, &mut PrivateContext>::pop_notes
              at /root/nargo/github.com/AztecProtocol/aztec-nr/v5.2.0-nightly.20260815/aztec/src/state_vars/private_set.nr:235:31
      5: get_notes
              at /root/nargo/github.com/AztecProtocol/aztec-nr/v5.2.0-nightly.20260815/aztec/src/note/note_getter.nr:173:39

bug: Brillig function call isn't properly covered by a manual constraint
    ┌─ /root/nargo/github.com/AztecProtocol/aztec-nr/v5.2.0-nightly.20260815/aztec/src/context/private_context.nr:829:36
    │
829 │             let request = unsafe { get_key_validation_request(pk_m_hash, key_index) };
    │                                    ------------------------------------------------ This Brillig call's inputs and its return values haven't been sufficiently constrained. This should be done to prevent potential soundness vulnerabilities
    │
    = Call stack:
      1: PrivateToken::transfer_in_private
              at private_token/src/main.nr:37:9
      2: BalanceSet<&mut PrivateContext>::sub
              at /root/nargo/github.com/AztecProtocol/aztec-nr/v5.2.0-nightly.20260815/balance-set/src/balance_set.nr:63:26
      3: BalanceSet<&mut PrivateContext>::try_sub
              at /root/nargo/github.com/AztecProtocol/aztec-nr/v5.2.0-nightly.20260815/balance-set/src/balance_set.nr:87:21
      4: PrivateSet<Note, &mut PrivateContext>::pop_notes
              at /root/nargo/github.com/AztecProtocol/aztec-nr/v5.2.0-nightly.20260815/aztec/src/state_vars/private_set.nr:244:17
      5: destroy_note
              at /root/nargo/github.com/AztecProtocol/aztec-nr/v5.2.0-nightly.20260815/aztec/src/note/lifecycle.nr:82:21
      6: <impl NoteHash for UintNote>::compute_nullifier
              at /root/nargo/github.com/AztecProtocol/aztec-nr/v5.2.0-nightly.20260815/uint-note/src/uint_note.nr:68:22
      7: PrivateContext::request_nhk_app
              at /root/nargo/github.com/AztecProtocol/aztec-nr/v5.2.0-nightly.20260815/aztec/src/context/private_context.nr:758:9
      8: PrivateContext::request_sk_app
              at /root/nargo/github.com/AztecProtocol/aztec-nr/v5.2.0-nightly.20260815/aztec/src/context/private_context.nr:829:36

bug: Brillig function call isn't properly covered by a manual constraint
   ┌─ /root/nargo/github.com/AztecProtocol/aztec-nr/v5.2.0-nightly.20260815/aztec/src/messages/delivery/tag.nr:52:37
   │
52 │             let strategy = unsafe { resolve_tagging_strategy(sender, recipient, mode) };
   │                                     ------------------------------------------------- This Brillig call's inputs and its return values haven't been sufficiently constrained. This should be done to prevent potential soundness vulnerabilities
   │
   = Call stack:
      1: PrivateToken::transfer_in_private
             at private_token/src/main.nr:37:9
      2: MaybeNoteMessage<Note>::deliver
             at /root/nargo/github.com/AztecProtocol/aztec-nr/v5.2.0-nightly.20260815/aztec/src/note/note_message.nr:145:13
      3: NoteMessage<Note>::deliver
             at /root/nargo/github.com/AztecProtocol/aztec-nr/v5.2.0-nightly.20260815/aztec/src/note/note_message.nr:55:9
      4: NoteMessage<Note>::deliver_to
             at /root/nargo/github.com/AztecProtocol/aztec-nr/v5.2.0-nightly.20260815/aztec/src/note/note_message.nr:82:9
      5: do_private_message_delivery
             at /root/nargo/github.com/AztecProtocol/aztec-nr/v5.2.0-nightly.20260815/aztec/src/messages/delivery/mod.nr:81:9
      6: do_onchain_private_message_delivery
             at /root/nargo/github.com/AztecProtocol/aztec-nr/v5.2.0-nightly.20260815/aztec/src/messages/delivery/mod.nr:122:19
      7: derive_log_tag
             at /root/nargo/github.com/AztecProtocol/aztec-nr/v5.2.0-nightly.20260815/aztec/src/messages/delivery/tag.nr:30:18
      8: Option<T>::map_or_else
             at std/option.nr:94:13
      9: derive_log_tag
             at /root/nargo/github.com/AztecProtocol/aztec-nr/v5.2.0-nightly.20260815/aztec/src/messages/delivery/tag.nr:31:12
     10: default_tag_secret_source
             at /root/nargo/github.com/AztecProtocol/aztec-nr/v5.2.0-nightly.20260815/aztec/src/messages/delivery/tag.nr:45:5
     11: existing_handshake_secrets_or_else
             at /root/nargo/github.com/AztecProtocol/aztec-nr/v5.2.0-nightly.20260815/aztec/src/messages/delivery/tag_derivation.nr:89:5
     12: Option<T>::map_or_else
             at std/option.nr:94:13
     13: default_tag_secret_source
             at /root/nargo/github.com/AztecProtocol/aztec-nr/v5.2.0-nightly.20260815/aztec/src/messages/delivery/tag.nr:52:37

bug: Brillig function call isn't properly covered by a manual constraint
   ┌─ /root/nargo/github.com/AztecProtocol/aztec-nr/v5.2.0-nightly.20260815/aztec/src/utils/remove_constraints.nr:19:13
   │
19 │             remove_constraints(f)
   │             --------------------- This Brillig call's inputs and its return values haven't been sufficiently constrained. This should be done to prevent potential soundness vulnerabilities
   │
   = Call stack:
     1: PrivateToken::transfer_in_private
             at private_token/src/main.nr:37:9
     2: MaybeNoteMessage<Note>::deliver
             at /root/nargo/github.com/AztecProtocol/aztec-nr/v5.2.0-nightly.20260815/aztec/src/note/note_message.nr:145:13
     3: NoteMessage<Note>::deliver
             at /root/nargo/github.com/AztecProtocol/aztec-nr/v5.2.0-nightly.20260815/aztec/src/note/note_message.nr:55:9
     4: NoteMessage<Note>::deliver_to
             at /root/nargo/github.com/AztecProtocol/aztec-nr/v5.2.0-nightly.20260815/aztec/src/note/note_message.nr:82:9
     5: do_private_message_delivery
             at /root/nargo/github.com/AztecProtocol/aztec-nr/v5.2.0-nightly.20260815/aztec/src/messages/delivery/mod.nr:81:9
     6: do_onchain_private_message_delivery
             at /root/nargo/github.com/AztecProtocol/aztec-nr/v5.2.0-nightly.20260815/aztec/src/messages/delivery/mod.nr:117:22
     7: remove_constraints_if
             at /root/nargo/github.com/AztecProtocol/aztec-nr/v5.2.0-nightly.20260815/aztec/src/utils/remove_constraints.nr:19:13

Postprocessing contracts...
Scheme is: ultra_honk, num threads: 8 (mem: 23.14 MiB)
Transpiling: target/private_token-PrivateToken.json -> target/private_token-PrivateToken.json (mem: 23.14 MiB)
Transpiling: target/sealed_auction-SealedAuction.json -> target/sealed_auction-SealedAuction.json (mem: 23.14 MiB)
Transpiled: target/sealed_auction-SealedAuction.json -> target/sealed_auction-SealedAuction.json (mem: 96.91 MiB)
Generating verification keys for functions in sealed_auction-SealedAuction.json (mem: 96.91 MiB)
Cache directory: /root/.bb/5.2.0-nightly.20260807/vk_cache (mem: 96.91 MiB)
Verification key already in cache: 340a50f9242de4519ea81034e1079b18c4c40631df7ceb1e2f7fd4851434d142 (mem: 111.65 MiB)
Verification key already in cache: ce2148311720bd122fbfbffee82d52e7113094dbfa909af219744b7759dfa9c0 (mem: 111.91 MiB)
Verification key already in cache: 850722e977789ed240f54ebdd14f376066211609e83e21b4cb3feb8b72aa4a3b (mem: 111.91 MiB)
Verification key already in cache: 6ed1df777b5bfce8206d0cf43ee642cf28a09e2286bae3aba326de9b87dc5671 (mem: 112.04 MiB)
Verification key already in cache: 747c227aa35b3663a9af54c1f55732f9bb5d2dc67ca1e017dc5f965e205717e3 (mem: 112.17 MiB)
Verification key already in cache: cb7bb21cdba0e5f65919c4dc738aa7edca7bfbc7995d68d76b498c734d72349e (mem: 112.40 MiB)
Transpiled: target/private_token-PrivateToken.json -> target/private_token-PrivateToken.json (mem: 112.73 MiB)
Generating verification keys for functions in private_token-PrivateToken.json (mem: 112.73 MiB)
Cache directory: /root/.bb/5.2.0-nightly.20260807/vk_cache (mem: 112.73 MiB)
Verification key already in cache: 1ac544a845c577d40a4854b21e7d14dcc97e118714bdeb1ba09aee57a7a95167 (mem: 112.73 MiB)
Verification key already in cache: b9bbbc318e5dce6009d27ce5045c5f30d951a56272f555760449a1aea882e235 (mem: 139.93 MiB)
Verification key already in cache: 88843a1168516f585dcb5078f1c190266fac26991dc8605344738a3ca2bc9bb3 (mem: 139.93 MiB)
Successfully processed: target/sealed_auction-SealedAuction.json -> target/sealed_auction-SealedAuction.json (mem: 139.93 MiB)
Successfully processed: target/private_token-PrivateToken.json -> target/private_token-PrivateToken.json (mem: 139.93 MiB)
Successfully processed 2 artifact(s) (mem: 139.93 MiB)
Compilation complete!
